Archive member included to satisfy reference by file (symbol)

C:\Users\Touzong\SimplicityStudio\v4_workspace\soc-empty_practice\protocol\bluetooth\lib\EFR32BG1B\GCC\libbluetooth.a(bgapi.c.obj)
                              ./main.o (gecko_cmd_msg_buf)
C:\Users\Touzong\SimplicityStudio\v4_workspace\soc-empty_practice\protocol\bluetooth\lib\EFR32BG1B\GCC\libbluetooth.a(bgapi_gap.c.obj)
                              ./main.o (sli_bt_cmd_le_gap_set_advertise_timing)
C:\Users\Touzong\SimplicityStudio\v4_workspace\soc-empty_practice\protocol\bluetooth\lib\EFR32BG1B\GCC\libbluetooth.a(bgapi_gatt.c.obj)
                              C:\Users\Touzong\SimplicityStudio\v4_workspace\soc-empty_practice\protocol\bluetooth\lib\EFR32BG1B\GCC\libbluetooth.a(bgapi.c.obj) (bgapi_gatt_listener)
C:\Users\Touzong\SimplicityStudio\v4_workspace\soc-empty_practice\protocol\bluetooth\lib\EFR32BG1B\GCC\libbluetooth.a(bgapi_gatt_lib.c.obj)
                              ./main.o (sli_bt_cmd_gatt_server_send_user_write_response)
C:\Users\Touzong\SimplicityStudio\v4_workspace\soc-empty_practice\protocol\bluetooth\lib\EFR32BG1B\GCC\libbluetooth.a(bgapi_hardware.c.obj)
                              ./main.o (sli_bt_cmd_hardware_set_soft_timer)
C:\Users\Touzong\SimplicityStudio\v4_workspace\soc-empty_practice\protocol\bluetooth\lib\EFR32BG1B\GCC\libbluetooth.a(bgapi_le_connection.c.obj)
                              ./main.o (sli_bt_cmd_le_connection_close)
C:\Users\Touzong\SimplicityStudio\v4_workspace\soc-empty_practice\protocol\bluetooth\lib\EFR32BG1B\GCC\libbluetooth.a(bgapi_system.c.obj)
                              ./main.o (sli_bt_cmd_system_reset)
C:\Users\Touzong\SimplicityStudio\v4_workspace\soc-empty_practice\protocol\bluetooth\lib\EFR32BG1B\GCC\libbluetooth.a(bgbuf.c.obj)
                              C:\Users\Touzong\SimplicityStudio\v4_workspace\soc-empty_practice\protocol\bluetooth\lib\EFR32BG1B\GCC\libbluetooth.a(bgapi.c.obj) (bgbuf_chain_free)
C:\Users\Touzong\SimplicityStudio\v4_workspace\soc-empty_practice\protocol\bluetooth\lib\EFR32BG1B\GCC\libbluetooth.a(bglib.c.obj)
                              ./main.o (gecko_stack_init)
C:\Users\Touzong\SimplicityStudio\v4_workspace\soc-empty_practice\protocol\bluetooth\lib\EFR32BG1B\GCC\libbluetooth.a(btl_interface.c.obj)
                              C:\Users\Touzong\SimplicityStudio\v4_workspace\soc-empty_practice\protocol\bluetooth\lib\EFR32BG1B\GCC\libbluetooth.a(bgapi.c.obj) (bootloader_getInfo)
C:\Users\Touzong\SimplicityStudio\v4_workspace\soc-empty_practice\protocol\bluetooth\lib\EFR32BG1B\GCC\libbluetooth.a(efr32xg1x.c.obj)
                              C:\Users\Touzong\SimplicityStudio\v4_workspace\soc-empty_practice\protocol\bluetooth\lib\EFR32BG1B\GCC\libbluetooth.a(bgapi_hardware.c.obj) (bg_hal_set_dcdc_enable)
C:\Users\Touzong\SimplicityStudio\v4_workspace\soc-empty_practice\protocol\bluetooth\lib\EFR32BG1B\GCC\libbluetooth.a(gap.c.obj)
                              C:\Users\Touzong\SimplicityStudio\v4_workspace\soc-empty_practice\protocol\bluetooth\lib\EFR32BG1B\GCC\libbluetooth.a(bglib.c.obj) (gap_reset_state)
C:\Users\Touzong\SimplicityStudio\v4_workspace\soc-empty_practice\protocol\bluetooth\lib\EFR32BG1B\GCC\libbluetooth.a(gap_adv.c.obj)
                              C:\Users\Touzong\SimplicityStudio\v4_workspace\soc-empty_practice\protocol\bluetooth\lib\EFR32BG1B\GCC\libbluetooth.a(gap.c.obj) (gap_set_advertising_timeout)
C:\Users\Touzong\SimplicityStudio\v4_workspace\soc-empty_practice\protocol\bluetooth\lib\EFR32BG1B\GCC\libbluetooth.a(gap_deprecated.c.obj)
                              C:\Users\Touzong\SimplicityStudio\v4_workspace\soc-empty_practice\protocol\bluetooth\lib\EFR32BG1B\GCC\libbluetooth.a(bgapi_gap.c.obj) (ubt_gap_set_adv_parameters)
C:\Users\Touzong\SimplicityStudio\v4_workspace\soc-empty_practice\protocol\bluetooth\lib\EFR32BG1B\GCC\libbluetooth.a(gap_resolver.c.obj)
                              C:\Users\Touzong\SimplicityStudio\v4_workspace\soc-empty_practice\protocol\bluetooth\lib\EFR32BG1B\GCC\libbluetooth.a(gap.c.obj) (gap_address_resolver_step)
C:\Users\Touzong\SimplicityStudio\v4_workspace\soc-empty_practice\protocol\bluetooth\lib\EFR32BG1B\GCC\libbluetooth.a(gap_scan.c.obj)
                              C:\Users\Touzong\SimplicityStudio\v4_workspace\soc-empty_practice\protocol\bluetooth\lib\EFR32BG1B\GCC\libbluetooth.a(gap.c.obj) (gap_status_set_scan_packet)
C:\Users\Touzong\SimplicityStudio\v4_workspace\soc-empty_practice\protocol\bluetooth\lib\EFR32BG1B\GCC\libbluetooth.a(gatt.c.obj)
                              C:\Users\Touzong\SimplicityStudio\v4_workspace\soc-empty_practice\protocol\bluetooth\lib\EFR32BG1B\GCC\libbluetooth.a(gap.c.obj) (gatt_init_connection)
C:\Users\Touzong\SimplicityStudio\v4_workspace\soc-empty_practice\protocol\bluetooth\lib\EFR32BG1B\GCC\libbluetooth.a(gatt_client.c.obj)
[...]
Memory Configuration

Name             Origin             Length             Attributes
FLASH_BOOTLOADER 0x00000000         0x00004000         xr
FLASH            0x00004000         0x0003b000         xr
RAM              0x20000000         0x00007c00         xrw
*default*        0x00000000         0xffffffff

Linker script and memory map

LOAD c:/siliconlabs/simplicitystudio/v4/developer/toolchains/gnu_arm/7.2_2017q4/bin/../lib/gcc/arm-none-eabi/7.2.1/thumb/v7e-m/fpv4-sp/softfp/crti.o
LOAD c:/siliconlabs/simplicitystudio/v4/developer/toolchains/gnu_arm/7.2_2017q4/bin/../lib/gcc/arm-none-eabi/7.2.1/thumb/v7e-m/fpv4-sp/softfp/crtbegin.o
LOAD c:/siliconlabs/simplicitystudio/v4/developer/toolchains/gnu_arm/7.2_2017q4/bin/../lib/gcc/arm-none-eabi/7.2.1/../../../../arm-none-eabi/lib/thumb/v7e-m/fpv4-sp/softfp/crt0.o
START GROUP
LOAD ./app/bluetooth/common/util/infrastructure.o
LOAD ./application_properties.o
LOAD ./bsp_trace.o
LOAD ./gatt_db.o
LOAD ./init_app.o
LOAD ./init_board_efr32xg1.o
LOAD ./init_mcu_efr32xg1.o
LOAD ./main.o
LOAD ./pti.o
LOAD ./retargetio.o
LOAD ./retargetserial.o
LOAD ./hardware/kit/common/bsp/bsp_stk.o
LOAD ./platform/Device/SiliconLabs/BGM1/Source/GCC/startup_bgm1.o
LOAD ./platform/Device/SiliconLabs/BGM1/Source/system_bgm1.o
LOAD ./platform/emdrv/sleep/src/sleep.o
LOAD ./platform/emdrv/tempdrv/src/tempdrv.o
LOAD ./platform/emlib/src/em_assert.o
LOAD ./platform/emlib/src/em_cmu.o
LOAD ./platform/emlib/src/em_core.o
LOAD ./platform/emlib/src/em_cryotimer.o
LOAD ./platform/emlib/src/em_crypto.o
LOAD ./platform/emlib/src/em_emu.o
LOAD ./platform/emlib/src/em_gpio.o
LOAD ./platform/emlib/src/em_i2c.o
LOAD ./platform/emlib/src/em_letimer.o
LOAD ./platform/emlib/src/em_msc.o
LOAD ./platform/emlib/src/em_rmu.o
LOAD ./platform/emlib/src/em_rtcc.o
LOAD ./platform/emlib/src/em_se.o
LOAD ./platform/emlib/src/em_system.o
LOAD ./platform/emlib/src/em_timer.o
LOAD ./platform/emlib/src/em_usart.o
LOAD C:\Users\Touzong\SimplicityStudio\v4_workspace\soc-empty_practice\protocol\bluetooth\lib\EFR32BG1B\GCC\libbluetooth.a
LOAD C:\Users\Touzong\SimplicityStudio\v4_workspace\soc-empty_practice\protocol\bluetooth\lib\EFR32BG1B\GCC\binapploader.o
LOAD C:\Users\Touzong\SimplicityStudio\v4_workspace\soc-empty_practice\protocol\bluetooth\lib\EFR32BG1B\GCC\libpsstore.a
LOAD C:\Users\Touzong\SimplicityStudio\v4_workspace\soc-empty_practice\platform\radio\rail_lib\autogen\librail_release\librail_module_efr32xg1_gcc_release.a
LOAD C:\Users\Touzong\SimplicityStudio\v4_workspace\soc-empty_practice\protocol\bluetooth\lib\EFR32BG1B\GCC\libmbedtls.a
LOAD C:\Users\Touzong\SimplicityStudio\v4_workspace\soc-empty_practice\platform\radio\rail_lib\autogen\librail_release\librail_config_bgm111a256v2_gcc.a
LOAD c:/siliconlabs/simplicitystudio/v4/developer/toolchains/gnu_arm/7.2_2017q4/bin/../lib/gcc/arm-none-eabi/7.2.1/../../../../arm-none-eabi/lib/thumb/v7e-m/fpv4-sp/softfp\libm.a
END GROUP
START GROUP
LOAD c:/siliconlabs/simplicitystudio/v4/developer/toolchains/gnu_arm/7.2_2017q4/bin/../lib/gcc/arm-none-eabi/7.2.1/thumb/v7e-m/fpv4-sp/softfp\libgcc.a
LOAD c:/siliconlabs/simplicitystudio/v4/developer/toolchains/gnu_arm/7.2_2017q4/bin/../lib/gcc/arm-none-eabi/7.2.1/../../../../arm-none-eabi/lib/thumb/v7e-m/fpv4-sp/softfp\libc_nano.a
LOAD c:/siliconlabs/simplicitystudio/v4/developer/toolchains/gnu_arm/7.2_2017q4/bin/../lib/gcc/arm-none-eabi/7.2.1/../../../../arm-none-eabi/lib/thumb/v7e-m/fpv4-sp/softfp\libnosys.a
END GROUP
START GROUP
LOAD c:/siliconlabs/simplicitystudio/v4/developer/toolchains/gnu_arm/7.2_2017q4/bin/../lib/gcc/arm-none-eabi/7.2.1/thumb/v7e-m/fpv4-sp/softfp\libgcc.a
LOAD c:/siliconlabs/simplicitystudio/v4/developer/toolchains/gnu_arm/7.2_2017q4/bin/../lib/gcc/arm-none-eabi/7.2.1/../../../../arm-none-eabi/lib/thumb/v7e-m/fpv4-sp/softfp\libg_nano.a
LOAD c:/siliconlabs/simplicitystudio/v4/developer/toolchains/gnu_arm/7.2_2017q4/bin/../lib/gcc/arm-none-eabi/7.2.1/../../../../arm-none-eabi/lib/thumb/v7e-m/fpv4-sp/softfp\libc_nano.a
END GROUP
START GROUP
LOAD c:/siliconlabs/simplicitystudio/v4/developer/toolchains/gnu_arm/7.2_2017q4/bin/../lib/gcc/arm-none-eabi/7.2.1/thumb/v7e-m/fpv4-sp/softfp\libgcc.a
LOAD c:/siliconlabs/simplicitystudio/v4/developer/toolchains/gnu_arm/7.2_2017q4/bin/../lib/gcc/arm-none-eabi/7.2.1/../../../../arm-none-eabi/lib/thumb/v7e-m/fpv4-sp/softfp\libc_nano.a
END GROUP
LOAD c:/siliconlabs/simplicitystudio/v4/developer/toolchains/gnu_arm/7.2_2017q4/bin/../lib/gcc/arm-none-eabi/7.2.1/thumb/v7e-m/fpv4-sp/softfp/crtend.o
LOAD c:/siliconlabs/simplicitystudio/v4/developer/toolchains/gnu_arm/7.2_2017q4/bin/../lib/gcc/arm-none-eabi/7.2.1/thumb/v7e-m/fpv4-sp/softfp/crtn.o

.text_bootloader
                0x00000000        0x0
 *(.binbootloader*)
                0x00000000                . = ALIGN (0x4000)

.text_apploader
                0x00004000     0x87c0
 *(.binapploader*)
 .binapploader  0x00004000     0x87c0 C:\Users\Touzong\SimplicityStudio\v4_workspace\soc-empty_practice\protocol\bluetooth\lib\EFR32BG1B\GCC\binapploader.o

.text_signature
                0x0000c7c0       0x40
                0x0000c800                . = ALIGN (0x800)
 *fill*         0x0000c7c0       0x40 
                0x0000c800                __text_start__ = .

.text_application
                0x0000c800    0x219e8
 *(.vectors)
 .vectors       0x0000c800       0xc8 ./platform/Device/SiliconLabs/BGM1/Source/GCC/startup_bgm1.o
                0x0000c800                __Vectors
                0x0000c8c8                __Vectors_End = .
                0x000000c8                __Vectors_Size = (__Vectors_End - __Vectors)
                0x0000c8c8                __end__ = .
 *(.application_properties)
 .application_properties
                0x0000c8c8       0x38 ./application_properties.o
                0x0000c8c8                applicationProperties
 *(.gecko_configuration)
 *(.xo_configuration)
 *(.gatt_header)
 .gatt_header   0x0000c900       0x34 ./gatt_db.o
                0x0000c900                bg_gattdb_data
 *(.gatt_data)
 .gatt_data     0x0000c934      0x2ee ./gatt_db.o
                0x0000c934                bg_gattdb_data_adv_uuid128_map
                0x0000c944                bg_gattdb_data_adv_uuid16_map
                0x0000c948                bg_gattdb_data_attributes_dynamic_mapping_map
                0x0000c954                bg_gattdb_data_attributes_map
                0x0000ca98                bg_gattdb_data_attribute_field_0
                0x0000ca9c                bg_gattdb_data_attribute_field_1
                0x0000caa4                bg_gattdb_data_attribute_field_2
                0x0000caac                bg_gattdb_data_attribute_field_4
                0x0000cab0                bg_gattdb_data_attribute_field_5
                0x0000cab8                bg_gattdb_data_attribute_field_6
                0x0000cac0                bg_gattdb_data_attribute_field_7
                0x0000cac8                bg_gattdb_data_attribute_field_8
                0x0000cacc                bg_gattdb_data_attribute_field_9
                0x0000cad0                bg_gattdb_data_attribute_field_10
                0x0000cad8                bg_gattdb_data_attribute_field_11
                0x0000cae8                bg_gattdb_data_attribute_field_12
                0x0000caf0                bg_gattdb_data_attribute_field_13
                0x0000cafc                bg_gattdb_data_attribute_field_14
                0x0000cb04                bg_gattdb_data_attribute_field_15
                0x0000cb0c                bg_gattdb_data_attribute_field_16
                0x0000cb20                bg_gattdb_data_attribute_field_17
                0x0000cb38                bg_gattdb_data_attribute_field_18
                0x0000cb40                bg_gattdb_data_attribute_field_19
                0x0000cb54                bg_gattdb_data_attribute_field_20
                0x0000cb6c                bg_gattdb_data_attribute_field_21
                0x0000cb74                bg_gattdb_data_attribute_field_23
                0x0000cb88                bg_gattdb_data_attribute_field_24
                0x0000cba0                bg_gattdb_data_attribute_field_25
                0x0000cba8                bg_gattdb_data_uuidtable_128_map
                0x0000cc08                bg_gattdb_data_uuidtable_16_map
 *(.text*)
 *fill*         0x0000cc22        0x2 
 .text          0x0000cc24       0x40 c:/siliconlabs/simplicitystudio/v4/developer/toolchains/gnu_arm/7.2_2017q4/bin/../lib/gcc/arm-none-eabi/7.2.1/thumb/v7e-m/fpv4-sp/softfp/crtbegin.o
 .text          0x0000cc64       0x74 c:/siliconlabs/simplicitystudio/v4/developer/toolchains/gnu_arm/7.2_2017q4/bin/../lib/gcc/arm-none-eabi/7.2.1/../../../../arm-none-eabi/lib/thumb/v7e-m/fpv4-sp/softfp/crt0.o
                0x0000cc64                _start
                0x0000cc64                _mainCRTStartup
 .text.initApp  0x0000ccd8       0x24 ./init_app.o
                0x0000ccd8                initApp
 .text.initBoard
                0x0000ccfc       0x38 ./init_board_efr32xg1.o
                0x0000ccfc                initBoard
 .text.initMcu  0x0000cd34      0x178 ./init_mcu_efr32xg1.o
                0x0000cd34                initMcu
 .text.sendData
                0x0000ceac       0x54 ./main.o
                0x0000ceac                sendData
 .text.startup.main
                0x0000cf00      0x2e4 ./main.o
                0x0000cf00                main
 .text.configEnablePti
                0x0000d1e4       0x30 ./pti.o
                0x0000d1e4                configEnablePti
 .text._close   0x0000d214        0x4 ./retargetio.o
                0x0000d214                _close
 .text._exit    0x0000d218        0x4 ./retargetio.o
                0x0000d218                _exit
 .text._fstat   0x0000d21c        0xc ./retargetio.o
                0x0000d21c                _fstat
 .text._isatty  0x0000d228        0x4 ./retargetio.o
                0x0000d228                _isatty
 .text._lseek   0x0000d22c        0x4 ./retargetio.o
                0x0000d22c                _lseek
 .text._read    0x0000d230       0x2c ./retargetio.o
                0x0000d230                _read
 .text._sbrk    0x0000d25c       0x1c ./retargetio.o
                0x0000d25c                _sbrk
 .text._write   0x0000d278       0x1c ./retargetio.o
                0x0000d278                _write
 .text.USART0_RX_IRQHandler
                0x0000d294       0x54 ./retargetserial.o
                0x0000d294                USART0_RX_IRQHandler
 .text.RETARGET_SerialInit
                0x0000d2e8       0xc8 ./retargetserial.o
                0x0000d2e8                RETARGET_SerialInit
 .text.RETARGET_ReadChar
                0x0000d3b0       0x68 ./retargetserial.o
                0x0000d3b0                RETARGET_ReadChar
 .text.RETARGET_WriteChar
                0x0000d418       0x5c ./retargetserial.o
                0x0000d418                RETARGET_WriteChar
 .text.Default_Handler
                0x0000d474        0x4 ./platform/Device/SiliconLabs/BGM1/Source/GCC/startup_bgm1.o
                0x0000d474                DebugMon_Handler
                0x0000d474                USART0_TX_IRQHandler
                0x0000d474                I2C0_IRQHandler
                0x0000d474                HardFault_Handler
                0x0000d474                SysTick_Handler
                0x0000d474                USART1_RX_IRQHandler
                0x0000d474                PendSV_Handler
                0x0000d474                NMI_Handler
                0x0000d474                WDOG0_IRQHandler
                0x0000d474                USART1_TX_IRQHandler
                0x0000d474                MSC_IRQHandler
                0x0000d474                ADC0_IRQHandler
                0x0000d474                UsageFault_Handler
                0x0000d474                LEUART0_IRQHandler
                0x0000d474                FPUEH_IRQHandler
                0x0000d474                GPIO_EVEN_IRQHandler
                0x0000d474                LDMA_IRQHandler
                0x0000d474                TIMER0_IRQHandler
                0x0000d474                LETIMER0_IRQHandler
                0x0000d474                TIMER1_IRQHandler
                0x0000d474                Default_Handler
                0x0000d474                CRYOTIMER_IRQHandler
                0x0000d474                PCNT0_IRQHandler
                0x0000d474                ACMP0_IRQHandler
                0x0000d474                MemManage_Handler
                0x0000d474                SVC_Handler
                0x0000d474                RTCC_IRQHandler
                0x0000d474                CRYPTO_IRQHandler
                0x0000d474                CMU_IRQHandler
                0x0000d474                GPIO_ODD_IRQHandler
                0x0000d474                BusFault_Handler
                0x0000d474                IDAC0_IRQHandler
 .text.Reset_Handler
                0x0000d478       0x2c ./platform/Device/SiliconLabs/BGM1/Source/GCC/startup_bgm1.o
                0x0000d478                Reset_Handler
 .text.SystemMaxCoreClockGet
                0x0000d4a4        0x8 ./platform/Device/SiliconLabs/BGM1/Source/system_bgm1.o
                0x0000d4a4                SystemMaxCoreClockGet
 .text.SystemHFClockGet
                0x0000d4ac       0x50 ./platform/Device/SiliconLabs/BGM1/Source/system_bgm1.o
                0x0000d4ac                SystemHFClockGet
 .text.SystemCoreClockGet
                0x0000d4fc       0x24 ./platform/Device/SiliconLabs/BGM1/Source/system_bgm1.o
                0x0000d4fc                SystemCoreClockGet
 .text.SystemHFXOClockGet
                0x0000d520        0xc ./platform/Device/SiliconLabs/BGM1/Source/system_bgm1.o
                0x0000d520                SystemHFXOClockGet
 .text.SystemHFXOClockSet
                0x0000d52c       0x3c ./platform/Device/SiliconLabs/BGM1/Source/system_bgm1.o
                0x0000d52c                SystemHFXOClockSet
 .text.SystemInit
                0x0000d568       0x54 ./platform/Device/SiliconLabs/BGM1/Source/system_bgm1.o
                0x0000d568                SystemInit
 .text.SystemLFRCOClockGet
                0x0000d5bc        0x8 ./platform/Device/SiliconLabs/BGM1/Source/system_bgm1.o
                0x0000d5bc                SystemLFRCOClockGet
 .text.SystemULFRCOClockGet
                0x0000d5c4        0x8 ./platform/Device/SiliconLabs/BGM1/Source/system_bgm1.o
                0x0000d5c4                SystemULFRCOClockGet
 .text.SystemLFXOClockGet
                0x0000d5cc        0xc ./platform/Device/SiliconLabs/BGM1/Source/system_bgm1.o
                0x0000d5cc                SystemLFXOClockGet
 .text.SystemLFXOClockSet
                0x0000d5d8       0x3c ./platform/Device/SiliconLabs/BGM1/Source/system_bgm1.o
                0x0000d5d8                SystemLFXOClockSet
 .text.sleepCallbackWrapper
                0x0000d614       0x14 ./platform/emdrv/sleep/src/sleep.o
 .text.enterEMx
                0x0000d628       0x54 ./platform/emdrv/sleep/src/sleep.o
 .text.SLEEP_Init
                0x0000d67c       0x40 ./platform/emdrv/sleep/src/sleep.o
                0x0000d67c                SLEEP_Init
 .text.SLEEP_Sleep
                0x0000d6bc       0x70 ./platform/emdrv/sleep/src/sleep.o
                0x0000d6bc                SLEEP_Sleep
 .text.SLEEP_SleepBlockBegin
                0x0000d72c       0x18 ./platform/emdrv/sleep/src/sleep.o
                0x0000d72c                SLEEP_SleepBlockBegin
 .text.SLEEP_SleepBlockEnd
                0x0000d744       0x1c ./platform/emdrv/sleep/src/sleep.o
                0x0000d744                SLEEP_SleepBlockEnd
 .text.SLEEP_LowestEnergyModeGet
                0x0000d760       0x1c ./platform/emdrv/sleep/src/sleep.o
                0x0000d760                SLEEP_LowestEnergyModeGet
 .text.updateInterrupts
                0x0000d77c       0xcc ./platform/emdrv/tempdrv/src/tempdrv.o
 .text.errataStateUpdate
                0x0000d848       0xc0 ./platform/emdrv/tempdrv/src/tempdrv.o
 .text.errataCallback
                0x0000d908        0x4 ./platform/emdrv/tempdrv/src/tempdrv.o
 .text.TEMPDRV_IRQHandler
                0x0000d90c       0x9c ./platform/emdrv/tempdrv/src/tempdrv.o
                0x0000d90c                TEMPDRV_IRQHandler
 .text.EMU_IRQHandler
                0x0000d9a8        0x4 ./platform/emdrv/tempdrv/src/tempdrv.o
                0x0000d9a8                EMU_IRQHandler
 .text.TEMPDRV_Init
                0x0000d9ac      0x120 ./platform/emdrv/tempdrv/src/tempdrv.o
                0x0000d9ac                TEMPDRV_Init
 .text.flashWaitStateMax
                0x0000dacc       0x48 ./platform/emlib/src/em_cmu.o
 .text.CMU_OscillatorTuningSet.part.3
                0x0000db14       0x3c ./platform/emlib/src/em_cmu.o
 .text.CMU_ClockEnable
                0x0000db50       0x94 ./platform/emlib/src/em_cmu.o
                0x0000db50                CMU_ClockEnable
 .text.CMU_ClockSelectGet
                0x0000dbe4       0xc4 ./platform/emlib/src/em_cmu.o
                0x0000dbe4                CMU_ClockSelectGet
 .text.lfClkGet
                0x0000dca8       0x94 ./platform/emlib/src/em_cmu.o
 .text.CMU_ClockFreqGet
                0x0000dd3c      0x160 ./platform/emlib/src/em_cmu.o
                0x0000dd3c                CMU_ClockFreqGet
 .text.CMU_HFXOInit
                0x0000de9c       0x90 ./platform/emlib/src/em_cmu.o
                0x0000de9c                CMU_HFXOInit
 .text.CMU_LFXOInit
                0x0000df2c       0x50 ./platform/emlib/src/em_cmu.o
                0x0000df2c                CMU_LFXOInit
 .text.CMU_OscillatorTuningWait
                0x0000df7c       0x48 ./platform/emlib/src/em_cmu.o
                0x0000df7c                CMU_OscillatorTuningWait
 .text.CMU_OscillatorEnable
                0x0000dfc4      0x108 ./platform/emlib/src/em_cmu.o
                0x0000dfc4                CMU_OscillatorEnable
 .text.CMU_ClockSelectSet
                0x0000e0cc      0x240 ./platform/emlib/src/em_cmu.o
                0x0000e0cc                CMU_ClockSelectSet
 .text.CMU_HFXOAutostartEnable
                0x0000e30c       0xc8 ./platform/emlib/src/em_cmu.o
                0x0000e30c                CMU_HFXOAutostartEnable
 .text.CORE_EnterCritical
                0x0000e3d4        0x8 ./platform/emlib/src/em_core.o
                0x0000e3d4                CORE_EnterCritical
 .text.CORE_ExitCritical
                0x0000e3dc        0x8 ./platform/emlib/src/em_core.o
                0x0000e3dc                CORE_ExitCritical
 .text.CORE_EnterAtomic
                0x0000e3e4        0x8 ./platform/emlib/src/em_core.o
                0x0000e3e4                CORE_EnterAtomic
 .text.CORE_ExitAtomic
                0x0000e3ec        0x4 ./platform/emlib/src/em_core.o
                0x0000e3ec                CORE_ExitAtomic
 .text.CORE_SetNvicRamTableHandler
                0x0000e3f0       0x10 ./platform/emlib/src/em_core.o
                0x0000e3f0                CORE_SetNvicRamTableHandler
 .text.CORE_InitNvicVectorTable
                0x0000e400       0x44 ./platform/emlib/src/em_core.o
                0x0000e400                CORE_InitNvicVectorTable
 .text.CRYPTO_ModulusSet
                0x0000e444       0x38 ./platform/emlib/src/em_crypto.o
                0x0000e444                CRYPTO_ModulusSet
 .text.CRYPTO_KeyRead
                0x0000e47c       0x2c ./platform/emlib/src/em_crypto.o
                0x0000e47c                CRYPTO_KeyRead
 .text.currentLimitersUpdate
                0x0000e4a8       0x74 ./platform/emlib/src/em_emu.o
 .text.dcdcHsFixLnBlock.part.0
                0x0000e51c       0x30 ./platform/emlib/src/em_emu.o
 .text.dcdcFetCntSet.part.1
                0x0000e54c       0x20 ./platform/emlib/src/em_emu.o
 .text.emState.part.2
                0x0000e56c       0x24 ./platform/emlib/src/em_emu.o
 .text.emState.constprop.5
                0x0000e590       0x50 ./platform/emlib/src/em_emu.o
 .text.EMU_EnterEM2
                0x0000e5e0       0x5c ./platform/emlib/src/em_emu.o
                0x0000e5e0                EMU_EnterEM2
 .text.EMU_EnterEM3
                0x0000e63c       0x78 ./platform/emlib/src/em_emu.o
                0x0000e63c                EMU_EnterEM3
 .text.EMU_Save
                0x0000e6b4        0x4 ./platform/emlib/src/em_emu.o
                0x0000e6b4                EMU_Save
 .text.EMU_Restore
                0x0000e6b8        0x4 ./platform/emlib/src/em_emu.o
                0x0000e6b8                EMU_Restore
 .text.EMU_DCDCModeSet
                0x0000e6bc       0x64 ./platform/emlib/src/em_emu.o
                0x0000e6bc                EMU_DCDCModeSet
 .text.EMU_EnterEM4
                0x0000e720       0x98 ./platform/emlib/src/em_emu.o
                0x0000e720                EMU_EnterEM4
 .text.EMU_DCDCOutputVoltageSet
                0x0000e7b8      0x1b8 ./platform/emlib/src/em_emu.o
                0x0000e7b8                EMU_DCDCOutputVoltageSet
 .text.EMU_DCDCOptimizeSlice
                0x0000e970       0x94 ./platform/emlib/src/em_emu.o
                0x0000e970                EMU_DCDCOptimizeSlice
 .text.EMU_DCDCInit
                0x0000ea04      0x1a8 ./platform/emlib/src/em_emu.o
                0x0000ea04                EMU_DCDCInit
 .text.EMU_DCDCLnRcoBandSet
                0x0000ebac       0x24 ./platform/emlib/src/em_emu.o
                0x0000ebac                EMU_DCDCLnRcoBandSet
 .text.EMU_SetBiasMode
                0x0000ebd0       0x7c ./platform/emlib/src/em_emu.o
                0x0000ebd0                EMU_SetBiasMode
 .text.GPIO_PinModeSet
                0x0000ec4c       0x94 ./platform/emlib/src/em_gpio.o
                0x0000ec4c                GPIO_PinModeSet
 .text.MSC_Init
                0x0000ece0       0x18 ./platform/emlib/src/em_msc.o
                0x0000ece0                MSC_Init
 .text.MSC_Deinit
                0x0000ecf8       0x14 ./platform/emlib/src/em_msc.o
                0x0000ecf8                MSC_Deinit
 .text.RMU_ResetCauseClear
                0x0000ed0c        0xc ./platform/emlib/src/em_rmu.o
                0x0000ed0c                RMU_ResetCauseClear
 .text.RMU_ResetCauseGet
                0x0000ed18       0x7c ./platform/emlib/src/em_rmu.o
                0x0000ed18                RMU_ResetCauseGet
 .text.RTCC_ChannelInit
                0x0000ed94       0x38 ./platform/emlib/src/em_rtcc.o
                0x0000ed94                RTCC_ChannelInit
 .text.RTCC_Init
                0x0000edcc       0x64 ./platform/emlib/src/em_rtcc.o
                0x0000edcc                RTCC_Init
 .text.SYSTEM_ChipRevisionGet
                0x0000ee30       0x34 ./platform/emlib/src/em_system.o
                0x0000ee30                SYSTEM_ChipRevisionGet
 .text.USART_BaudrateAsyncSet
                0x0000ee64       0x68 ./platform/emlib/src/em_usart.o
                0x0000ee64                USART_BaudrateAsyncSet
 .text.USART_Enable
                0x0000eecc       0x10 ./platform/emlib/src/em_usart.o
                0x0000eecc                USART_Enable
 .text.USART_InitAsync
                0x0000eedc       0xb4 ./platform/emlib/src/em_usart.o
                0x0000eedc                USART_InitAsync
 .text.USART_Rx
                0x0000ef90        0xc ./platform/emlib/src/em_usart.o
                0x0000ef90                USART_Rx
 .text.USART_Tx
                0x0000ef9c        0xc ./platform/emlib/src/em_usart.o
                0x0000ef9c                USART_Tx
 .text.convert_scan_respone_packet_type.isra.0
                0x0000efa8       0x44 C:\Users\Touzong\SimplicityStudio\v4_workspace\soc-empty_practice\protocol\bluetooth\lib\EFR32BG1B\GCC\libbluetooth.a(bgapi.c.obj)
 .text.bgapi_ubt_listener
                0x0000efec      0x3fc C:\Users\Touzong\SimplicityStudio\v4_workspace\soc-empty_practice\protocol\bluetooth\lib\EFR32BG1B\GCC\libbluetooth.a(bgapi.c.obj)
                0x0000efec                bgapi_ubt_listener
 .text.register_message_handler
                0x0000f3e8        0xc C:\Users\Touzong\SimplicityStudio\v4_workspace\soc-empty_practice\protocol\bluetooth\lib\EFR32BG1B\GCC\libbluetooth.a(bgapi.c.obj)
                0x0000f3e8                register_message_handler
 .text.bgapi_init
                0x0000f3f4       0x1c C:\Users\Touzong\SimplicityStudio\v4_workspace\soc-empty_practice\protocol\bluetooth\lib\EFR32BG1B\GCC\libbluetooth.a(bgapi.c.obj)
                0x0000f3f4                bgapi_init
 .text.bgapi_buffer_init
                0x0000f410       0x30 C:\Users\Touzong\SimplicityStudio\v4_workspace\soc-empty_practice\protocol\bluetooth\lib\EFR32BG1B\GCC\libbluetooth.a(bgapi.c.obj)
                0x0000f410                bgapi_buffer_init
 .text.bg_set_max_tx_power
                0x0000f440       0x68 C:\Users\Touzong\SimplicityStudio\v4_workspace\soc-empty_practice\protocol\bluetooth\lib\EFR32BG1B\GCC\libbluetooth.a(bgapi.c.obj)
                0x0000f440                bg_set_max_tx_power
 .text.lib_le_gap_handler_init
                0x0000f4a8        0x2 C:\Users\Touzong\SimplicityStudio\v4_workspace\soc-empty_practice\protocol\bluetooth\lib\EFR32BG1B\GCC\libbluetooth.a(bgapi_gap.c.obj)
                0x0000f4a8                lib_le_gap_handler_init
 *fill*         0x0000f4aa        0x2 
 .text.sli_bt_cmd_le_gap_set_advertise_timing
                0x0000f4ac       0x3c C:\Users\Touzong\SimplicityStudio\v4_workspace\soc-empty_practice\protocol\bluetooth\lib\EFR32BG1B\GCC\libbluetooth.a(bgapi_gap.c.obj)
                0x0000f4ac                sli_bt_cmd_le_gap_set_advertise_timing
 .text.sli_bt_cmd_le_gap_start_advertising
                0x0000f4e8       0x38 C:\Users\Touzong\SimplicityStudio\v4_workspace\soc-empty_practice\protocol\bluetooth\lib\EFR32BG1B\GCC\libbluetooth.a(bgapi_gap.c.obj)
                0x0000f4e8                sli_bt_cmd_le_gap_start_advertising
 .text.bgapi_gatt_listener
                0x0000f520      0x28c C:\Users\Touzong\SimplicityStudio\v4_workspace\soc-empty_practice\protocol\bluetooth\lib\EFR32BG1B\GCC\libbluetooth.a(bgapi_gatt.c.obj)
                0x0000f520                bgapi_gatt_listener
 .text.lib_gatt_handler_init
                0x0000f7ac        0x4 C:\Users\Touzong\SimplicityStudio\v4_workspace\soc-empty_practice\protocol\bluetooth\lib\EFR32BG1B\GCC\libbluetooth.a(bgapi_gatt_lib.c.obj)
                0x0000f7ac                lib_gatt_handler_init
 .text.lib_gatt_server_handler_init
                0x0000f7b0        0x2 C:\Users\Touzong\SimplicityStudio\v4_workspace\soc-empty_practice\protocol\bluetooth\lib\EFR32BG1B\GCC\libbluetooth.a(bgapi_gatt_lib.c.obj)
                0x0000f7b0                lib_gatt_server_handler_init
 *fill*         0x0000f7b2        0x2 
 .text.sli_bt_cmd_gatt_server_send_user_write_response
                0x0000f7b4       0x34 C:\Users\Touzong\SimplicityStudio\v4_workspace\soc-empty_practice\protocol\bluetooth\lib\EFR32BG1B\GCC\libbluetooth.a(bgapi_gatt_lib.c.obj)
                0x0000f7b4                sli_bt_cmd_gatt_server_send_user_write_response
 .text.sli_bt_cmd_gatt_server_send_characteristic_notification
                0x0000f7e8       0x44 C:\Users\Touzong\SimplicityStudio\v4_workspace\soc-empty_practice\protocol\bluetooth\lib\EFR32BG1B\GCC\libbluetooth.a(bgapi_gatt_lib.c.obj)
                0x0000f7e8                sli_bt_cmd_gatt_server_send_characteristic_notification
 .text.bgapi_hardware_soft_timer_listener
                0x0000f82c       0x68 C:\Users\Touzong\SimplicityStudio\v4_workspace\soc-empty_practice\protocol\bluetooth\lib\EFR32BG1B\GCC\libbluetooth.a(bgapi_hardware.c.obj)
                0x0000f82c                bgapi_hardware_soft_timer_listener
 .text.handle_timer_command
                0x0000f894       0x80 C:\Users\Touzong\SimplicityStudio\v4_workspace\soc-empty_practice\protocol\bluetooth\lib\EFR32BG1B\GCC\libbluetooth.a(bgapi_hardware.c.obj)
 .text.lib_hardware_handler_init
                0x0000f914       0x14 C:\Users\Touzong\SimplicityStudio\v4_workspace\soc-empty_practice\protocol\bluetooth\lib\EFR32BG1B\GCC\libbluetooth.a(bgapi_hardware.c.obj)
                0x0000f914                lib_hardware_handler_init
 .text.sli_bt_cmd_hardware_set_soft_timer
                0x0000f928       0x34 C:\Users\Touzong\SimplicityStudio\v4_workspace\soc-empty_practice\protocol\bluetooth\lib\EFR32BG1B\GCC\libbluetooth.a(bgapi_hardware.c.obj)
                0x0000f928                sli_bt_cmd_hardware_set_soft_timer
 .text.lib_le_connection_handler_init
                0x0000f95c        0x2 C:\Users\Touzong\SimplicityStudio\v4_workspace\soc-empty_practice\protocol\bluetooth\lib\EFR32BG1B\GCC\libbluetooth.a(bgapi_le_connection.c.obj)
                0x0000f95c                lib_le_connection_handler_init
 .text.bgapi_close_le_connection
                0x0000f95e       0x16 C:\Users\Touzong\SimplicityStudio\v4_workspace\soc-empty_practice\protocol\bluetooth\lib\EFR32BG1B\GCC\libbluetooth.a(bgapi_le_connection.c.obj)
                0x0000f95e                bgapi_close_le_connection
 .text.sli_bt_cmd_le_connection_close
                0x0000f974       0x2c C:\Users\Touzong\SimplicityStudio\v4_workspace\soc-empty_practice\protocol\bluetooth\lib\EFR32BG1B\GCC\libbluetooth.a(bgapi_le_connection.c.obj)
                0x0000f974                sli_bt_cmd_le_connection_close
 .text.bgapi_system_listener
                0x0000f9a0       0x30 C:\Users\Touzong\SimplicityStudio\v4_workspace\soc-empty_practice\protocol\bluetooth\lib\EFR32BG1B\GCC\libbluetooth.a(bgapi_system.c.obj)
                0x0000f9a0                bgapi_system_listener
 .text.lib_system_handler_init
                0x0000f9d0       0x14 C:\Users\Touzong\SimplicityStudio\v4_workspace\soc-empty_practice\protocol\bluetooth\lib\EFR32BG1B\GCC\libbluetooth.a(bgapi_system.c.obj)
                0x0000f9d0                lib_system_handler_init
 .text.sli_bt_cmd_system_reset
                0x0000f9e4        0x6 C:\Users\Touzong\SimplicityStudio\v4_workspace\soc-empty_practice\protocol\bluetooth\lib\EFR32BG1B\GCC\libbluetooth.a(bgapi_system.c.obj)
                0x0000f9e4                sli_bt_cmd_system_reset
 *fill*         0x0000f9ea        0x2 
 .text.bgbuf_alloc_int
                0x0000f9ec       0x9c C:\Users\Touzong\SimplicityStudio\v4_workspace\soc-empty_practice\protocol\bluetooth\lib\EFR32BG1B\GCC\libbluetooth.a(bgbuf.c.obj)
 .text.bgbuf_init
                0x0000fa88       0x2c C:\Users\Touzong\SimplicityStudio\v4_workspace\soc-empty_practice\protocol\bluetooth\lib\EFR32BG1B\GCC\libbluetooth.a(bgbuf.c.obj)
                0x0000fa88                bgbuf_init
 .text.bgbuf_alloc
                0x0000fab4        0xc C:\Users\Touzong\SimplicityStudio\v4_workspace\soc-empty_practice\protocol\bluetooth\lib\EFR32BG1B\GCC\libbluetooth.a(bgbuf.c.obj)
                0x0000fab4                bgbuf_alloc
 .text.bgbuf_alloc_size
                0x0000fac0       0x10 C:\Users\Touzong\SimplicityStudio\v4_workspace\soc-empty_practice\protocol\bluetooth\lib\EFR32BG1B\GCC\libbluetooth.a(bgbuf.c.obj)
                0x0000fac0                bgbuf_alloc_size
 .text.bgbuf_free
                0x0000fad0       0x7c C:\Users\Touzong\SimplicityStudio\v4_workspace\soc-empty_practice\protocol\bluetooth\lib\EFR32BG1B\GCC\libbluetooth.a(bgbuf.c.obj)
                0x0000fad0                bgbuf_free
 .text.bgbuf_append
                0x0000fb4c       0x16 C:\Users\Touzong\SimplicityStudio\v4_workspace\soc-empty_practice\protocol\bluetooth\lib\EFR32BG1B\GCC\libbluetooth.a(bgbuf.c.obj)
                0x0000fb4c                bgbuf_append
 .text.bgbuf_append_data
                0x0000fb62       0x24 C:\Users\Touzong\SimplicityStudio\v4_workspace\soc-empty_practice\protocol\bluetooth\lib\EFR32BG1B\GCC\libbluetooth.a(bgbuf.c.obj)
                0x0000fb62                bgbuf_append_data
 .text.bgbuf_copy_to
                0x0000fb86       0x5e C:\Users\Touzong\SimplicityStudio\v4_workspace\soc-empty_practice\protocol\bluetooth\lib\EFR32BG1B\GCC\libbluetooth.a(bgbuf.c.obj)
                0x0000fb86                bgbuf_copy_to
 .text.bgbuf_chain_free
                0x0000fbe4       0x14 C:\Users\Touzong\SimplicityStudio\v4_workspace\soc-empty_practice\protocol\bluetooth\lib\EFR32BG1B\GCC\libbluetooth.a(bgbuf.c.obj)
                0x0000fbe4                bgbuf_chain_free
 .text.bgbuf_clone
                0x0000fbf8       0x72 C:\Users\Touzong\SimplicityStudio\v4_workspace\soc-empty_practice\protocol\bluetooth\lib\EFR32BG1B\GCC\libbluetooth.a(bgbuf.c.obj)
                0x0000fbf8                bgbuf_clone
 .text.bgbuf_chain_pop_packet
                0x0000fc6a       0x26 C:\Users\Touzong\SimplicityStudio\v4_workspace\soc-empty_practice\protocol\bluetooth\lib\EFR32BG1B\GCC\libbluetooth.a(bgbuf.c.obj)
                0x0000fc6a                bgbuf_chain_pop_packet
 .text.bgbuf_prepend_no_alloc
                0x0000fc90       0x40 C:\Users\Touzong\SimplicityStudio\v4_workspace\soc-empty_practice\protocol\bluetooth\lib\EFR32BG1B\GCC\libbluetooth.a(bgbuf.c.obj)
                0x0000fc90                bgbuf_prepend_no_alloc
 .text.bgbuf_prepend
                0x0000fcd0       0x24 C:\Users\Touzong\SimplicityStudio\v4_workspace\soc-empty_practice\protocol\bluetooth\lib\EFR32BG1B\GCC\libbluetooth.a(bgbuf.c.obj)
                0x0000fcd0                bgbuf_prepend
 .text.bgbuf_split
                0x0000fcf4       0x50 C:\Users\Touzong\SimplicityStudio\v4_workspace\soc-empty_practice\protocol\bluetooth\lib\EFR32BG1B\GCC\libbluetooth.a(bgbuf.c.obj)
                0x0000fcf4                bgbuf_split
 .text.bgbuf_chain_get
                0x0000fd44       0x46 C:\Users\Touzong\SimplicityStudio\v4_workspace\soc-empty_practice\protocol\bluetooth\lib\EFR32BG1B\GCC\libbluetooth.a(bgbuf.c.obj)
                0x0000fd44                bgbuf_chain_get
 .text.bgbuf_chain_get_head
                0x0000fd8a       0x10 C:\Users\Touzong\SimplicityStudio\v4_workspace\soc-empty_practice\protocol\bluetooth\lib\EFR32BG1B\GCC\libbluetooth.a(bgbuf.c.obj)
                0x0000fd8a                bgbuf_chain_get_head
 .text.bgbuf_chain_len
                0x0000fd9a       0x14 C:\Users\Touzong\SimplicityStudio\v4_workspace\soc-empty_practice\protocol\bluetooth\lib\EFR32BG1B\GCC\libbluetooth.a(bgbuf.c.obj)
                0x0000fd9a                bgbuf_chain_len
 .text.bgbuf_memcmp
                0x0000fdae       0x44 C:\Users\Touzong\SimplicityStudio\v4_workspace\soc-empty_practice\protocol\bluetooth\lib\EFR32BG1B\GCC\libbluetooth.a(bgbuf.c.obj)
                0x0000fdae                bgbuf_memcmp
 .text.bgbuf_cmp
                0x0000fdf2       0xac C:\Users\Touzong\SimplicityStudio\v4_workspace\soc-empty_practice\protocol\bluetooth\lib\EFR32BG1B\GCC\libbluetooth.a(bgbuf.c.obj)
                0x0000fdf2                bgbuf_cmp
 .text.bgbuf_chain_add
                0x0000fe9e       0x14 C:\Users\Touzong\SimplicityStudio\v4_workspace\soc-empty_practice\protocol\bluetooth\lib\EFR32BG1B\GCC\libbluetooth.a(bgbuf.c.obj)
                0x0000fe9e                bgbuf_chain_add
 .text.bgbuf_chain_append_data
                0x0000feb2       0x64 C:\Users\Touzong\SimplicityStudio\v4_workspace\soc-empty_practice\protocol\bluetooth\lib\EFR32BG1B\GCC\libbluetooth.a(bgbuf.c.obj)
                0x0000feb2                bgbuf_chain_append_data
 .text.bgbuf_alloc_copy_data
                0x0000ff16       0x2a C:\Users\Touzong\SimplicityStudio\v4_workspace\soc-empty_practice\protocol\bluetooth\lib\EFR32BG1B\GCC\libbluetooth.a(bgbuf.c.obj)
                0x0000ff16                bgbuf_alloc_copy_data
 .text.bgbuf_chain_drop
                0x0000ff40       0x2c C:\Users\Touzong\SimplicityStudio\v4_workspace\soc-empty_practice\protocol\bluetooth\lib\EFR32BG1B\GCC\libbluetooth.a(bgbuf.c.obj)
                0x0000ff40                bgbuf_chain_drop
 .text.bgbuf_chain_drop_end
                0x0000ff6c       0x42 C:\Users\Touzong\SimplicityStudio\v4_workspace\soc-empty_practice\protocol\bluetooth\lib\EFR32BG1B\GCC\libbluetooth.a(bgbuf.c.obj)
                0x0000ff6c                bgbuf_chain_drop_end
 .text.bgbuf_chain_defragment
                0x0000ffae       0x8c C:\Users\Touzong\SimplicityStudio\v4_workspace\soc-empty_practice\protocol\bluetooth\lib\EFR32BG1B\GCC\libbluetooth.a(bgbuf.c.obj)
                0x0000ffae                bgbuf_chain_defragment
 *fill*         0x0001003a        0x2 
 .text.bgbuf_add_callback
                0x0001003c       0x1c C:\Users\Touzong\SimplicityStudio\v4_workspace\soc-empty_practice\protocol\bluetooth\lib\EFR32BG1B\GCC\libbluetooth.a(bgbuf.c.obj)
                0x0001003c                bgbuf_add_callback
 .text.gecko_init_alloc
                0x00010058       0x38 C:\Users\Touzong\SimplicityStudio\v4_workspace\soc-empty_practice\protocol\bluetooth\lib\EFR32BG1B\GCC\libbluetooth.a(bglib.c.obj)
                0x00010058                gecko_init_alloc
 .text.user_signal_message_handler
                0x00010090       0x2c C:\Users\Touzong\SimplicityStudio\v4_workspace\soc-empty_practice\protocol\bluetooth\lib\EFR32BG1B\GCC\libbluetooth.a(bglib.c.obj)
 .text.gecko_process_event
                0x000100bc       0x5c C:\Users\Touzong\SimplicityStudio\v4_workspace\soc-empty_practice\protocol\bluetooth\lib\EFR32BG1B\GCC\libbluetooth.a(bglib.c.obj)
 .text.check_ctune_override
                0x00010118       0x2c C:\Users\Touzong\SimplicityStudio\v4_workspace\soc-empty_practice\protocol\bluetooth\lib\EFR32BG1B\GCC\libbluetooth.a(bglib.c.obj)
                0x00010118                check_ctune_override
 .text.gecko_stack_init
                0x00010144      0x254 C:\Users\Touzong\SimplicityStudio\v4_workspace\soc-empty_practice\protocol\bluetooth\lib\EFR32BG1B\GCC\libbluetooth.a(bglib.c.obj)
                0x00010144                gecko_stack_init
 .text.gecko_wait_event
                0x00010398        0x6 C:\Users\Touzong\SimplicityStudio\v4_workspace\soc-empty_practice\protocol\bluetooth\lib\EFR32BG1B\GCC\libbluetooth.a(bglib.c.obj)
                0x00010398                gecko_wait_event
 *fill*         0x0001039e        0x2 
 .text.gecko_stack_update_callback
                0x000103a0       0x10 C:\Users\Touzong\SimplicityStudio\v4_workspace\soc-empty_practice\protocol\bluetooth\lib\EFR32BG1B\GCC\libbluetooth.a(bglib.c.obj)
                0x000103a0                gecko_stack_update_callback
 .text.bootloader_getInfo
                0x000103b0       0x48 C:\Users\Touzong\SimplicityStudio\v4_workspace\soc-empty_practice\protocol\bluetooth\lib\EFR32BG1B\GCC\libbluetooth.a(btl_interface.c.obj)
                0x000103b0                bootloader_getInfo
 .text.bg_hal_get_current_ctune
                0x000103f8       0x14 C:\Users\Touzong\SimplicityStudio\v4_workspace\soc-empty_practice\protocol\bluetooth\lib\EFR32BG1B\GCC\libbluetooth.a(efr32xg1x.c.obj)
                0x000103f8                bg_hal_get_current_ctune
 .text.bg_hal_set_ctune
                0x0001040c       0x64 C:\Users\Touzong\SimplicityStudio\v4_workspace\soc-empty_practice\protocol\bluetooth\lib\EFR32BG1B\GCC\libbluetooth.a(efr32xg1x.c.obj)
                0x0001040c                bg_hal_set_ctune
 .text.bg_hal_get_le_phys
                0x00010470        0x4 C:\Users\Touzong\SimplicityStudio\v4_workspace\soc-empty_practice\protocol\bluetooth\lib\EFR32BG1B\GCC\libbluetooth.a(efr32xg1x.c.obj)
                0x00010470                bg_hal_get_le_phys
 .text.bg_hal_has_high_power_pa
                0x00010474       0x10 C:\Users\Touzong\SimplicityStudio\v4_workspace\soc-empty_practice\protocol\bluetooth\lib\EFR32BG1B\GCC\libbluetooth.a(efr32xg1x.c.obj)
                0x00010474                bg_hal_has_high_power_pa
 .text.bg_hal_init_hfbus_clocks
                0x00010484       0x14 C:\Users\Touzong\SimplicityStudio\v4_workspace\soc-empty_practice\protocol\bluetooth\lib\EFR32BG1B\GCC\libbluetooth.a(efr32xg1x.c.obj)
                0x00010484                bg_hal_init_hfbus_clocks
 .text.gap_is_scanning_or_advertising.part.0
                0x00010498       0x2c C:\Users\Touzong\SimplicityStudio\v4_workspace\soc-empty_practice\protocol\bluetooth\lib\EFR32BG1B\GCC\libbluetooth.a(gap.c.obj)
 .text.gap_is_resolvable
                0x000104c4       0x18 C:\Users\Touzong\SimplicityStudio\v4_workspace\soc-empty_practice\protocol\bluetooth\lib\EFR32BG1B\GCC\libbluetooth.a(gap.c.obj)
                0x000104c4                gap_is_resolvable
 .text.gap_init
                0x000104dc       0x14 C:\Users\Touzong\SimplicityStudio\v4_workspace\soc-empty_practice\protocol\bluetooth\lib\EFR32BG1B\GCC\libbluetooth.a(gap.c.obj)
                0x000104dc                gap_init
 .text.gap_reset_state
                0x000104f0       0xac C:\Users\Touzong\SimplicityStudio\v4_workspace\soc-empty_practice\protocol\bluetooth\lib\EFR32BG1B\GCC\libbluetooth.a(gap.c.obj)
                0x000104f0                gap_reset_state
 .text.gap_notify_connection_parameters
                0x0001059c       0x60 C:\Users\Touzong\SimplicityStudio\v4_workspace\soc-empty_practice\protocol\bluetooth\lib\EFR32BG1B\GCC\libbluetooth.a(gap.c.obj)
                0x0001059c                gap_notify_connection_parameters
 .text.gap_connection_complete.part.4
                0x000105fc       0xc8 C:\Users\Touzong\SimplicityStudio\v4_workspace\soc-empty_practice\protocol\bluetooth\lib\EFR32BG1B\GCC\libbluetooth.a(gap.c.obj)
 .text.gap_notify_phy_status
                0x000106c4       0x3c C:\Users\Touzong\SimplicityStudio\v4_workspace\soc-empty_practice\protocol\bluetooth\lib\EFR32BG1B\GCC\libbluetooth.a(gap.c.obj)
                0x000106c4                gap_notify_phy_status
 .text.gap_resolver_completed
                0x00010700       0x90 C:\Users\Touzong\SimplicityStudio\v4_workspace\soc-empty_practice\protocol\bluetooth\lib\EFR32BG1B\GCC\libbluetooth.a(gap.c.obj)
                0x00010700                gap_resolver_completed
 .text.check_private_address_and_timer
                0x00010790       0x64 C:\Users\Touzong\SimplicityStudio\v4_workspace\soc-empty_practice\protocol\bluetooth\lib\EFR32BG1B\GCC\libbluetooth.a(gap.c.obj)
                0x00010790                check_private_address_and_timer
 .text.gap_scan_update
                0x000107f4       0xb8 C:\Users\Touzong\SimplicityStudio\v4_workspace\soc-empty_practice\protocol\bluetooth\lib\EFR32BG1B\GCC\libbluetooth.a(gap.c.obj)
                0x000107f4                gap_scan_update
 .text.gap_listener
                0x000108ac       0xa0 C:\Users\Touzong\SimplicityStudio\v4_workspace\soc-empty_practice\protocol\bluetooth\lib\EFR32BG1B\GCC\libbluetooth.a(gap.c.obj)
                0x000108ac                gap_listener
 .text.gap_disconnect_acl
                0x0001094c       0x12 C:\Users\Touzong\SimplicityStudio\v4_workspace\soc-empty_practice\protocol\bluetooth\lib\EFR32BG1B\GCC\libbluetooth.a(gap.c.obj)
                0x0001094c                gap_disconnect_acl
 *fill*         0x0001095e        0x2 
 .text.gap_connection_disconnected
                0x00010960       0x34 C:\Users\Touzong\SimplicityStudio\v4_workspace\soc-empty_practice\protocol\bluetooth\lib\EFR32BG1B\GCC\libbluetooth.a(gap.c.obj)
                0x00010960                gap_connection_disconnected
 .text.gap_connection_complete
                0x00010994       0x5c C:\Users\Touzong\SimplicityStudio\v4_workspace\soc-empty_practice\protocol\bluetooth\lib\EFR32BG1B\GCC\libbluetooth.a(gap.c.obj)
                0x00010994                gap_connection_complete
 .text.gap_encryption_changed
                0x000109f0       0x50 C:\Users\Touzong\SimplicityStudio\v4_workspace\soc-empty_practice\protocol\bluetooth\lib\EFR32BG1B\GCC\libbluetooth.a(gap.c.obj)
                0x000109f0                gap_encryption_changed
 .text.ubt_gap_set_static_address_identity
                0x00010a40       0x50 C:\Users\Touzong\SimplicityStudio\v4_workspace\soc-empty_practice\protocol\bluetooth\lib\EFR32BG1B\GCC\libbluetooth.a(gap.c.obj)
                0x00010a40                ubt_gap_set_static_address_identity
 .text.ubt_gap_get_identity_address
                0x00010a90       0x1c C:\Users\Touzong\SimplicityStudio\v4_workspace\soc-empty_practice\protocol\bluetooth\lib\EFR32BG1B\GCC\libbluetooth.a(gap.c.obj)
                0x00010a90                ubt_gap_get_identity_address
 .text.gap_acl_new
                0x00010aac       0x30 C:\Users\Touzong\SimplicityStudio\v4_workspace\soc-empty_practice\protocol\bluetooth\lib\EFR32BG1B\GCC\libbluetooth.a(gap.c.obj)
                0x00010aac                gap_acl_new
 .text.ubt_gap_get_identity_address_type
                0x00010adc       0x10 C:\Users\Touzong\SimplicityStudio\v4_workspace\soc-empty_practice\protocol\bluetooth\lib\EFR32BG1B\GCC\libbluetooth.a(gap.c.obj)
                0x00010adc                ubt_gap_get_identity_address_type
 .text.cache_adv_scan_packet
                0x00010aec       0x20 C:\Users\Touzong\SimplicityStudio\v4_workspace\soc-empty_practice\protocol\bluetooth\lib\EFR32BG1B\GCC\libbluetooth.a(gap_adv.c.obj)
 .text.bgbuf_chain_append_byte
                0x00010b0c       0x16 C:\Users\Touzong\SimplicityStudio\v4_workspace\soc-empty_practice\protocol\bluetooth\lib\EFR32BG1B\GCC\libbluetooth.a(gap_adv.c.obj)
 .text.gap_adv_add_attribute
                0x00010b22       0xa6 C:\Users\Touzong\SimplicityStudio\v4_workspace\soc-empty_practice\protocol\bluetooth\lib\EFR32BG1B\GCC\libbluetooth.a(gap_adv.c.obj)
 .text.gap_adv_add_name
                0x00010bc8       0x9e C:\Users\Touzong\SimplicityStudio\v4_workspace\soc-empty_practice\protocol\bluetooth\lib\EFR32BG1B\GCC\libbluetooth.a(gap_adv.c.obj)
 .text.use_legacy_advertising
                0x00010c66       0x36 C:\Users\Touzong\SimplicityStudio\v4_workspace\soc-empty_practice\protocol\bluetooth\lib\EFR32BG1B\GCC\libbluetooth.a(gap_adv.c.obj)
 .text.gap_alloc_mem
                0x00010c9c       0x2c C:\Users\Touzong\SimplicityStudio\v4_workspace\soc-empty_practice\protocol\bluetooth\lib\EFR32BG1B\GCC\libbluetooth.a(gap_adv.c.obj)
                0x00010c9c                gap_alloc_mem
 .text.gap_adv_terminated_callback
                0x00010cc8       0x60 C:\Users\Touzong\SimplicityStudio\v4_workspace\soc-empty_practice\protocol\bluetooth\lib\EFR32BG1B\GCC\libbluetooth.a(gap_adv.c.obj)
                0x00010cc8                gap_adv_terminated_callback
 .text.gap_create_adv_packets
                0x00010d28      0x128 C:\Users\Touzong\SimplicityStudio\v4_workspace\soc-empty_practice\protocol\bluetooth\lib\EFR32BG1B\GCC\libbluetooth.a(gap_adv.c.obj)
                0x00010d28                gap_create_adv_packets
 .text.gap_set_advertising_timeout
                0x00010e50       0x7c C:\Users\Touzong\SimplicityStudio\v4_workspace\soc-empty_practice\protocol\bluetooth\lib\EFR32BG1B\GCC\libbluetooth.a(gap_adv.c.obj)
                0x00010e50                gap_set_advertising_timeout
 .text.gap_set_advertising_timing
                0x00010ecc       0x64 C:\Users\Touzong\SimplicityStudio\v4_workspace\soc-empty_practice\protocol\bluetooth\lib\EFR32BG1B\GCC\libbluetooth.a(gap_adv.c.obj)
                0x00010ecc                gap_set_advertising_timing
 .text.gap_get_advertising_scan_report_enable
                0x00010f30       0x24 C:\Users\Touzong\SimplicityStudio\v4_workspace\soc-empty_practice\protocol\bluetooth\lib\EFR32BG1B\GCC\libbluetooth.a(gap_adv.c.obj)
                0x00010f30                gap_get_advertising_scan_report_enable
 .text.gap_adv_update
                0x00010f54      0x1dc C:\Users\Touzong\SimplicityStudio\v4_workspace\soc-empty_practice\protocol\bluetooth\lib\EFR32BG1B\GCC\libbluetooth.a(gap_adv.c.obj)
                0x00010f54                gap_adv_update
 .text.gap_stop_advertising
                0x00011130       0x2c C:\Users\Touzong\SimplicityStudio\v4_workspace\soc-empty_practice\protocol\bluetooth\lib\EFR32BG1B\GCC\libbluetooth.a(gap_adv.c.obj)
                0x00011130                gap_stop_advertising
 .text.gap_start_advertising
                0x0001115c      0x11c C:\Users\Touzong\SimplicityStudio\v4_workspace\soc-empty_practice\protocol\bluetooth\lib\EFR32BG1B\GCC\libbluetooth.a(gap_adv.c.obj)
                0x0001115c                gap_start_advertising
 .text.gap_address_resolver_step
                0x00011278       0x94 C:\Users\Touzong\SimplicityStudio\v4_workspace\soc-empty_practice\protocol\bluetooth\lib\EFR32BG1B\GCC\libbluetooth.a(gap_resolver.c.obj)
                0x00011278                gap_address_resolver_step
 .text.gap_resolver_start
                0x0001130c       0x40 C:\Users\Touzong\SimplicityStudio\v4_workspace\soc-empty_practice\protocol\bluetooth\lib\EFR32BG1B\GCC\libbluetooth.a(gap_resolver.c.obj)
                0x0001130c                gap_resolver_start
 .text.gap_status_set_scan_packet
                0x0001134c       0x20 C:\Users\Touzong\SimplicityStudio\v4_workspace\soc-empty_practice\protocol\bluetooth\lib\EFR32BG1B\GCC\libbluetooth.a(gap_scan.c.obj)
                0x0001134c                gap_status_set_scan_packet
 .text.gat_status_get_scan_packet
                0x0001136c        0xc C:\Users\Touzong\SimplicityStudio\v4_workspace\soc-empty_practice\protocol\bluetooth\lib\EFR32BG1B\GCC\libbluetooth.a(gap_scan.c.obj)
                0x0001136c                gat_status_get_scan_packet
 .text.gap_status_set_scan_response
                0x00011378       0x20 C:\Users\Touzong\SimplicityStudio\v4_workspace\soc-empty_practice\protocol\bluetooth\lib\EFR32BG1B\GCC\libbluetooth.a(gap_scan.c.obj)
                0x00011378                gap_status_set_scan_response
 .text.gat_status_get_scan_response
                0x00011398        0xc C:\Users\Touzong\SimplicityStudio\v4_workspace\soc-empty_practice\protocol\bluetooth\lib\EFR32BG1B\GCC\libbluetooth.a(gap_scan.c.obj)
                0x00011398                gat_status_get_scan_response
 .text.handle_scan_response_callback
                0x000113a4      0x190 C:\Users\Touzong\SimplicityStudio\v4_workspace\soc-empty_practice\protocol\bluetooth\lib\EFR32BG1B\GCC\libbluetooth.a(gap_scan.c.obj)
                0x000113a4                handle_scan_response_callback
 .text.gatt_init
                0x00011534        0xc C:\Users\Touzong\SimplicityStudio\v4_workspace\soc-empty_practice\protocol\bluetooth\lib\EFR32BG1B\GCC\libbluetooth.a(gatt.c.obj)
                0x00011534                gatt_init
 .text.gatt_init_connection
                0x00011540       0x50 C:\Users\Touzong\SimplicityStudio\v4_workspace\soc-empty_practice\protocol\bluetooth\lib\EFR32BG1B\GCC\libbluetooth.a(gatt.c.obj)
                0x00011540                gatt_init_connection
 .text.gatt_free_connection
                0x00011590       0x50 C:\Users\Touzong\SimplicityStudio\v4_workspace\soc-empty_practice\protocol\bluetooth\lib\EFR32BG1B\GCC\libbluetooth.a(gatt.c.obj)
                0x00011590                gatt_free_connection
 .text.send_gatt_mtu_exchanged_event
                0x000115e0       0x2a C:\Users\Touzong\SimplicityStudio\v4_workspace\soc-empty_practice\protocol\bluetooth\lib\EFR32BG1B\GCC\libbluetooth.a(gatt.c.obj)
                0x000115e0                send_gatt_mtu_exchanged_event
 .text.gatt_start_procedure_timeout_timer
                0x0001160a       0x16 C:\Users\Touzong\SimplicityStudio\v4_workspace\soc-empty_practice\protocol\bluetooth\lib\EFR32BG1B\GCC\libbluetooth.a(gatt.c.obj)
                0x0001160a                gatt_start_procedure_timeout_timer
 .text.gatt_stop_procedure_timeout_timer
                0x00011620        0x6 C:\Users\Touzong\SimplicityStudio\v4_workspace\soc-empty_practice\protocol\bluetooth\lib\EFR32BG1B\GCC\libbluetooth.a(gatt.c.obj)
                0x00011620                gatt_stop_procedure_timeout_timer
 .text.gatt_start_procedure
                0x00011626       0x24 C:\Users\Touzong\SimplicityStudio\v4_workspace\soc-empty_practice\protocol\bluetooth\lib\EFR32BG1B\GCC\libbluetooth.a(gatt.c.obj)
                0x00011626                gatt_start_procedure
 .text.gatt_procedure_timeout
                0x0001164a       0x2e C:\Users\Touzong\SimplicityStudio\v4_workspace\soc-empty_practice\protocol\bluetooth\lib\EFR32BG1B\GCC\libbluetooth.a(gatt.c.obj)
                0x0001164a                gatt_procedure_timeout
 .text.gatt_listener
                0x00011678       0x80 C:\Users\Touzong\SimplicityStudio\v4_workspace\soc-empty_practice\protocol\bluetooth\lib\EFR32BG1B\GCC\libbluetooth.a(gatt.c.obj)
 .text.gatt_get_connection
                0x000116f8        0xc C:\Users\Touzong\SimplicityStudio\v4_workspace\soc-empty_practice\protocol\bluetooth\lib\EFR32BG1B\GCC\libbluetooth.a(gatt.c.obj)
                0x000116f8                gatt_get_connection
 .text.gatt_get_next_connection
                0x00011704       0x1a C:\Users\Touzong\SimplicityStudio\v4_workspace\soc-empty_practice\protocol\bluetooth\lib\EFR32BG1B\GCC\libbluetooth.a(gatt.c.obj)
                0x00011704                gatt_get_next_connection
 .text.free_params_data
                0x0001171e       0x16 C:\Users\Touzong\SimplicityStudio\v4_workspace\soc-empty_practice\protocol\bluetooth\lib\EFR32BG1B\GCC\libbluetooth.a(gatt_client.c.obj)
 .text.alloc_params_data
                0x00011734       0x2c C:\Users\Touzong\SimplicityStudio\v4_workspace\soc-empty_practice\protocol\bluetooth\lib\EFR32BG1B\GCC\libbluetooth.a(gatt_client.c.obj)
 .text.should_start_long_read
                0x00011760       0x36 C:\Users\Touzong\SimplicityStudio\v4_workspace\soc-empty_practice\protocol\bluetooth\lib\EFR32BG1B\GCC\libbluetooth.a(gatt_client.c.obj)
 .text.send_service_event
                0x00011796       0x4a C:\Users\Touzong\SimplicityStudio\v4_workspace\soc-empty_practice\protocol\bluetooth\lib\EFR32BG1B\GCC\libbluetooth.a(gatt_client.c.obj)
 .text.send_descriptor_value_event
                0x000117e0       0x3c C:\Users\Touzong\SimplicityStudio\v4_workspace\soc-empty_practice\protocol\bluetooth\lib\EFR32BG1B\GCC\libbluetooth.a(gatt_client.c.obj)
 .text.end_procedure
                0x0001181c       0x3c C:\Users\Touzong\SimplicityStudio\v4_workspace\soc-empty_practice\protocol\bluetooth\lib\EFR32BG1B\GCC\libbluetooth.a(gatt_client.c.obj)
 .text.abort_long_write
                0x00011858       0x20 C:\Users\Touzong\SimplicityStudio\v4_workspace\soc-empty_practice\protocol\bluetooth\lib\EFR32BG1B\GCC\libbluetooth.a(gatt_client.c.obj)
 .text.send_characteristic_value_event
                0x00011878       0x72 C:\Users\Touzong\SimplicityStudio\v4_workspace\soc-empty_practice\protocol\bluetooth\lib\EFR32BG1B\GCC\libbluetooth.a(gatt_client.c.obj)
 .text.write_value
                0x000118ea       0x4a C:\Users\Touzong\SimplicityStudio\v4_workspace\soc-empty_practice\protocol\bluetooth\lib\EFR32BG1B\GCC\libbluetooth.a(gatt_client.c.obj)
 .text.gatt_find_included_services_handler
                0x00011934       0xb0 C:\Users\Touzong\SimplicityStudio\v4_workspace\soc-empty_practice\protocol\bluetooth\lib\EFR32BG1B\GCC\libbluetooth.a(gatt_client.c.obj)
                0x00011934                gatt_find_included_services_handler
 .text.gatt_handle_exchange_mtu_rsp
                0x000119e4       0x48 C:\Users\Touzong\SimplicityStudio\v4_workspace\soc-empty_practice\protocol\bluetooth\lib\EFR32BG1B\GCC\libbluetooth.a(gatt_client.c.obj)
                0x000119e4                gatt_handle_exchange_mtu_rsp
 .text.gatt_handle_find_information_response
                0x00011a2c      0x152 C:\Users\Touzong\SimplicityStudio\v4_workspace\soc-empty_practice\protocol\bluetooth\lib\EFR32BG1B\GCC\libbluetooth.a(gatt_client.c.obj)
                0x00011a2c                gatt_handle_find_information_response
 .text.gatt_handle_find_by_type_value_response
                0x00011b7e       0xa0 C:\Users\Touzong\SimplicityStudio\v4_workspace\soc-empty_practice\protocol\bluetooth\lib\EFR32BG1B\GCC\libbluetooth.a(gatt_client.c.obj)
                0x00011b7e                gatt_handle_find_by_type_value_response
 *fill*         0x00011c1e        0x2 
 .text.gatt_handle_read_response
                0x00011c20       0xe4 C:\Users\Touzong\SimplicityStudio\v4_workspace\soc-empty_practice\protocol\bluetooth\lib\EFR32BG1B\GCC\libbluetooth.a(gatt_client.c.obj)
                0x00011c20                gatt_handle_read_response
 .text.read_long_value_handler
                0x00011d04       0x72 C:\Users\Touzong\SimplicityStudio\v4_workspace\soc-empty_practice\protocol\bluetooth\lib\EFR32BG1B\GCC\libbluetooth.a(gatt_client.c.obj)
 .text.gatt_handle_read_blob_response
                0x00011d76       0x36 C:\Users\Touzong\SimplicityStudio\v4_workspace\soc-empty_practice\protocol\bluetooth\lib\EFR32BG1B\GCC\libbluetooth.a(gatt_client.c.obj)
                0x00011d76                gatt_handle_read_blob_response
 .text.gatt_handle_read_multiple_response
                0x00011dac       0x3c C:\Users\Touzong\SimplicityStudio\v4_workspace\soc-empty_practice\protocol\bluetooth\lib\EFR32BG1B\GCC\libbluetooth.a(gatt_client.c.obj)
                0x00011dac                gatt_handle_read_multiple_response
 .text.gatt_handle_read_by_type_response
                0x00011de8      0x148 C:\Users\Touzong\SimplicityStudio\v4_workspace\soc-empty_practice\protocol\bluetooth\lib\EFR32BG1B\GCC\libbluetooth.a(gatt_client.c.obj)
                0x00011de8                gatt_handle_read_by_type_response
 .text.gatt_handle_read_by_group_type_response
                0x00011f30       0xaa C:\Users\Touzong\SimplicityStudio\v4_workspace\soc-empty_practice\protocol\bluetooth\lib\EFR32BG1B\GCC\libbluetooth.a(gatt_client.c.obj)
                0x00011f30                gatt_handle_read_by_group_type_response
 .text.gatt_handle_write_response
                0x00011fda       0x14 C:\Users\Touzong\SimplicityStudio\v4_workspace\soc-empty_practice\protocol\bluetooth\lib\EFR32BG1B\GCC\libbluetooth.a(gatt_client.c.obj)
                0x00011fda                gatt_handle_write_response
 .text.gatt_handle_prepare_write_response
                0x00011fee       0xb6 C:\Users\Touzong\SimplicityStudio\v4_workspace\soc-empty_practice\protocol\bluetooth\lib\EFR32BG1B\GCC\libbluetooth.a(gatt_client.c.obj)
                0x00011fee                gatt_handle_prepare_write_response
 .text.gatt_handle_execute_write_response
                0x000120a4       0x3c C:\Users\Touzong\SimplicityStudio\v4_workspace\soc-empty_practice\protocol\bluetooth\lib\EFR32BG1B\GCC\libbluetooth.a(gatt_client.c.obj)
                0x000120a4                gatt_handle_execute_write_response
 .text.gatt_client_handle_value_notification
                0x000120e0       0x12 C:\Users\Touzong\SimplicityStudio\v4_workspace\soc-empty_practice\protocol\bluetooth\lib\EFR32BG1B\GCC\libbluetooth.a(gatt_client.c.obj)
                0x000120e0                gatt_client_handle_value_notification
 .text.gatt_client_handle_value_indication
                0x000120f2       0x14 C:\Users\Touzong\SimplicityStudio\v4_workspace\soc-empty_practice\protocol\bluetooth\lib\EFR32BG1B\GCC\libbluetooth.a(gatt_client.c.obj)
                0x000120f2                gatt_client_handle_value_indication
 *fill*         0x00012106        0x2 
 .text.gatt_client_init
                0x00012108        0xc C:\Users\Touzong\SimplicityStudio\v4_workspace\soc-empty_practice\protocol\bluetooth\lib\EFR32BG1B\GCC\libbluetooth.a(gatt_client.c.obj)
                0x00012108                gatt_client_init
 .text.get_att_uuid16
                0x00012114       0x24 C:\Users\Touzong\SimplicityStudio\v4_workspace\soc-empty_practice\protocol\bluetooth\lib\EFR32BG1B\GCC\libbluetooth.a(gatt_db_minimal.c.obj)
 .text.get_client_conf
                0x00012138       0x24 C:\Users\Touzong\SimplicityStudio\v4_workspace\soc-empty_practice\protocol\bluetooth\lib\EFR32BG1B\GCC\libbluetooth.a(gatt_db_minimal.c.obj)
 .text.gatt_db_set_db
                0x0001215c       0x14 C:\Users\Touzong\SimplicityStudio\v4_workspace\soc-empty_practice\protocol\bluetooth\lib\EFR32BG1B\GCC\libbluetooth.a(gatt_db_minimal.c.obj)
                0x0001215c                gatt_db_set_db
 .text.gatt_db_invalidate_hash
                0x00012170       0x10 C:\Users\Touzong\SimplicityStudio\v4_workspace\soc-empty_practice\protocol\bluetooth\lib\EFR32BG1B\GCC\libbluetooth.a(gatt_db_minimal.c.obj)
                0x00012170                gatt_db_invalidate_hash
 .text.gatt_db_set_client_features
                0x00012180       0x1c C:\Users\Touzong\SimplicityStudio\v4_workspace\soc-empty_practice\protocol\bluetooth\lib\EFR32BG1B\GCC\libbluetooth.a(gatt_db_minimal.c.obj)
                0x00012180                gatt_db_set_client_features
 .text.gatt_db_handle_inrange
                0x0001219c       0x18 C:\Users\Touzong\SimplicityStudio\v4_workspace\soc-empty_practice\protocol\bluetooth\lib\EFR32BG1B\GCC\libbluetooth.a(gatt_db_minimal.c.obj)
                0x0001219c                gatt_db_handle_inrange
 .text.gatt_db_handle_active
                0x000121b4       0x30 C:\Users\Touzong\SimplicityStudio\v4_workspace\soc-empty_practice\protocol\bluetooth\lib\EFR32BG1B\GCC\libbluetooth.a(gatt_db_minimal.c.obj)
                0x000121b4                gatt_db_handle_active
 .text.get_client_conf_index
                0x000121e4       0x44 C:\Users\Touzong\SimplicityStudio\v4_workspace\soc-empty_practice\protocol\bluetooth\lib\EFR32BG1B\GCC\libbluetooth.a(gatt_db_minimal.c.obj)
 .text.gatt_db_get_char_properties
                0x00012228       0x44 C:\Users\Touzong\SimplicityStudio\v4_workspace\soc-empty_practice\protocol\bluetooth\lib\EFR32BG1B\GCC\libbluetooth.a(gatt_db_minimal.c.obj)
                0x00012228                gatt_db_get_char_properties
 .text.gatt_db_user_value
                0x0001226c       0x1c C:\Users\Touzong\SimplicityStudio\v4_workspace\soc-empty_practice\protocol\bluetooth\lib\EFR32BG1B\GCC\libbluetooth.a(gatt_db_minimal.c.obj)
                0x0001226c                gatt_db_user_value
 .text.gatt_db_load_client_conf
                0x00012288       0x32 C:\Users\Touzong\SimplicityStudio\v4_workspace\soc-empty_practice\protocol\bluetooth\lib\EFR32BG1B\GCC\libbluetooth.a(gatt_db_minimal.c.obj)
                0x00012288                gatt_db_load_client_conf
 *fill*         0x000122ba        0x2 
 .text.gatt_db_get_client_conf
                0x000122bc       0x68 C:\Users\Touzong\SimplicityStudio\v4_workspace\soc-empty_practice\protocol\bluetooth\lib\EFR32BG1B\GCC\libbluetooth.a(gatt_db_minimal.c.obj)
                0x000122bc                gatt_db_get_client_conf
 .text.gatt_db_get_att_len
                0x00012324       0x3c C:\Users\Touzong\SimplicityStudio\v4_workspace\soc-empty_practice\protocol\bluetooth\lib\EFR32BG1B\GCC\libbluetooth.a(gatt_db_minimal.c.obj)
                0x00012324                gatt_db_get_att_len
 .text.gatt_db_check_permissions
                0x00012360      0x124 C:\Users\Touzong\SimplicityStudio\v4_workspace\soc-empty_practice\protocol\bluetooth\lib\EFR32BG1B\GCC\libbluetooth.a(gatt_db_minimal.c.obj)
                0x00012360                gatt_db_check_permissions
 .text.gatt_db_get_data
                0x00012484       0xa0 C:\Users\Touzong\SimplicityStudio\v4_workspace\soc-empty_practice\protocol\bluetooth\lib\EFR32BG1B\GCC\libbluetooth.a(gatt_db_minimal.c.obj)
                0x00012484                gatt_db_get_data
 .text.gatt_db_set_hash
                0x00012524      0x104 C:\Users\Touzong\SimplicityStudio\v4_workspace\soc-empty_practice\protocol\bluetooth\lib\EFR32BG1B\GCC\libbluetooth.a(gatt_db_minimal.c.obj)
                0x00012524                gatt_db_set_hash
 .text.gatt_db_find_attribute_by_type
                0x00012628       0x38 C:\Users\Touzong\SimplicityStudio\v4_workspace\soc-empty_practice\protocol\bluetooth\lib\EFR32BG1B\GCC\libbluetooth.a(gatt_db_minimal.c.obj)
                0x00012628                gatt_db_find_attribute_by_type
 .text.gatt_db_find_group_end
                0x00012660       0x48 C:\Users\Touzong\SimplicityStudio\v4_workspace\soc-empty_practice\protocol\bluetooth\lib\EFR32BG1B\GCC\libbluetooth.a(gatt_db_minimal.c.obj)
                0x00012660                gatt_db_find_group_end
 .text.gatt_db_find_by_type_value
                0x000126a8       0x90 C:\Users\Touzong\SimplicityStudio\v4_workspace\soc-empty_practice\protocol\bluetooth\lib\EFR32BG1B\GCC\libbluetooth.a(gatt_db_minimal.c.obj)
                0x000126a8                gatt_db_find_by_type_value
 .text.gatt_db_populate_adv_services
                0x00012738      0x164 C:\Users\Touzong\SimplicityStudio\v4_workspace\soc-empty_practice\protocol\bluetooth\lib\EFR32BG1B\GCC\libbluetooth.a(gatt_db_minimal.c.obj)
                0x00012738                gatt_db_populate_adv_services
 .text.gatt_db_get_attribute_type
                0x0001289c       0x34 C:\Users\Touzong\SimplicityStudio\v4_workspace\soc-empty_practice\protocol\bluetooth\lib\EFR32BG1B\GCC\libbluetooth.a(gatt_db_minimal.c.obj)
                0x0001289c                gatt_db_get_attribute_type
 .text.gatt_db_get_16bit_char_handle
                0x000128d0       0x26 C:\Users\Touzong\SimplicityStudio\v4_workspace\soc-empty_practice\protocol\bluetooth\lib\EFR32BG1B\GCC\libbluetooth.a(gatt_db_minimal.c.obj)
                0x000128d0                gatt_db_get_16bit_char_handle
 .text.set_client_conf.part.2
                0x000128f6       0x7e C:\Users\Touzong\SimplicityStudio\v4_workspace\soc-empty_practice\protocol\bluetooth\lib\EFR32BG1B\GCC\libbluetooth.a(gatt_db_minimal.c.obj)
 .text.gatt_db_set_data
                0x00012974      0x160 C:\Users\Touzong\SimplicityStudio\v4_workspace\soc-empty_practice\protocol\bluetooth\lib\EFR32BG1B\GCC\libbluetooth.a(gatt_db_minimal.c.obj)
                0x00012974                gatt_db_set_data
 .text.gatt_db_reset_client_conf
                0x00012ad4       0x50 C:\Users\Touzong\SimplicityStudio\v4_workspace\soc-empty_practice\protocol\bluetooth\lib\EFR32BG1B\GCC\libbluetooth.a(gatt_db_minimal.c.obj)
                0x00012ad4                gatt_db_reset_client_conf
 .text.send_user_read_request_event
                0x00012b24       0x32 C:\Users\Touzong\SimplicityStudio\v4_workspace\soc-empty_practice\protocol\bluetooth\lib\EFR32BG1B\GCC\libbluetooth.a(gatt_server.c.obj)
 .text.send_user_write_request_event
                0x00012b56       0x3a C:\Users\Touzong\SimplicityStudio\v4_workspace\soc-empty_practice\protocol\bluetooth\lib\EFR32BG1B\GCC\libbluetooth.a(gatt_server.c.obj)
 .text.send_execute_write_completed_event
                0x00012b90       0x2a C:\Users\Touzong\SimplicityStudio\v4_workspace\soc-empty_practice\protocol\bluetooth\lib\EFR32BG1B\GCC\libbluetooth.a(gatt_server.c.obj)
 .text.finish_read_req
                0x00012bba       0x96 C:\Users\Touzong\SimplicityStudio\v4_workspace\soc-empty_practice\protocol\bluetooth\lib\EFR32BG1B\GCC\libbluetooth.a(gatt_server.c.obj)
 .text.handle_read_req
                0x00012c50       0xa4 C:\Users\Touzong\SimplicityStudio\v4_workspace\soc-empty_practice\protocol\bluetooth\lib\EFR32BG1B\GCC\libbluetooth.a(gatt_server.c.obj)
 .text.finish_execute_write_req
                0x00012cf4       0xa8 C:\Users\Touzong\SimplicityStudio\v4_workspace\soc-empty_practice\protocol\bluetooth\lib\EFR32BG1B\GCC\libbluetooth.a(gatt_server.c.obj)
 .text.send_notification
                0x00012d9c       0x7e C:\Users\Touzong\SimplicityStudio\v4_workspace\soc-empty_practice\protocol\bluetooth\lib\EFR32BG1B\GCC\libbluetooth.a(gatt_server.c.obj)
 .text.gatt_server_send_attribute_value_event
                0x00012e1a       0x3a C:\Users\Touzong\SimplicityStudio\v4_workspace\soc-empty_practice\protocol\bluetooth\lib\EFR32BG1B\GCC\libbluetooth.a(gatt_server.c.obj)
                0x00012e1a                gatt_server_send_attribute_value_event
 .text.gatt_server_send_characteristic_status_event
                0x00012e54       0x32 C:\Users\Touzong\SimplicityStudio\v4_workspace\soc-empty_practice\protocol\bluetooth\lib\EFR32BG1B\GCC\libbluetooth.a(gatt_server.c.obj)
                0x00012e54                gatt_server_send_characteristic_status_event
 *fill*         0x00012e86        0x2 
 .text.gatt_server_handle_exchange_mtu_req
                0x00012e88       0x3c C:\Users\Touzong\SimplicityStudio\v4_workspace\soc-empty_practice\protocol\bluetooth\lib\EFR32BG1B\GCC\libbluetooth.a(gatt_server.c.obj)
                0x00012e88                gatt_server_handle_exchange_mtu_req
 .text.gatt_server_handle_read_by_group_type
                0x00012ec4      0x120 C:\Users\Touzong\SimplicityStudio\v4_workspace\soc-empty_practice\protocol\bluetooth\lib\EFR32BG1B\GCC\libbluetooth.a(gatt_server.c.obj)
                0x00012ec4                gatt_server_handle_read_by_group_type
 .text.gatt_server_handle_read_by_type
                0x00012fe4      0x184 C:\Users\Touzong\SimplicityStudio\v4_workspace\soc-empty_practice\protocol\bluetooth\lib\EFR32BG1B\GCC\libbluetooth.a(gatt_server.c.obj)
                0x00012fe4                gatt_server_handle_read_by_type
 .text.gatt_server_handle_find_information
                0x00013168       0xe2 C:\Users\Touzong\SimplicityStudio\v4_workspace\soc-empty_practice\protocol\bluetooth\lib\EFR32BG1B\GCC\libbluetooth.a(gatt_server.c.obj)
                0x00013168                gatt_server_handle_find_information
 .text.gatt_server_handle_find_by_type_value_req
                0x0001324a       0xc8 C:\Users\Touzong\SimplicityStudio\v4_workspace\soc-empty_practice\protocol\bluetooth\lib\EFR32BG1B\GCC\libbluetooth.a(gatt_server.c.obj)
                0x0001324a                gatt_server_handle_find_by_type_value_req
 .text.gatt_server_handle_read_req
                0x00013312        0xc C:\Users\Touzong\SimplicityStudio\v4_workspace\soc-empty_practice\protocol\bluetooth\lib\EFR32BG1B\GCC\libbluetooth.a(gatt_server.c.obj)
                0x00013312                gatt_server_handle_read_req
 .text.gatt_server_handle_read_blob_req
                0x0001331e        0xa C:\Users\Touzong\SimplicityStudio\v4_workspace\soc-empty_practice\protocol\bluetooth\lib\EFR32BG1B\GCC\libbluetooth.a(gatt_server.c.obj)
                0x0001331e                gatt_server_handle_read_blob_req
 .text.gatt_server_handle_read_multiple_req
                0x00013328       0xee C:\Users\Touzong\SimplicityStudio\v4_workspace\soc-empty_practice\protocol\bluetooth\lib\EFR32BG1B\GCC\libbluetooth.a(gatt_server.c.obj)
                0x00013328                gatt_server_handle_read_multiple_req
 .text.gatt_server_handle_write_req
                0x00013416       0x96 C:\Users\Touzong\SimplicityStudio\v4_workspace\soc-empty_practice\protocol\bluetooth\lib\EFR32BG1B\GCC\libbluetooth.a(gatt_server.c.obj)
                0x00013416                gatt_server_handle_write_req
 .text.gatt_server_handle_write_cmd
                0x000134ac       0x84 C:\Users\Touzong\SimplicityStudio\v4_workspace\soc-empty_practice\protocol\bluetooth\lib\EFR32BG1B\GCC\libbluetooth.a(gatt_server.c.obj)
                0x000134ac                gatt_server_handle_write_cmd
 .text.gatt_server_handle_prepare_write_req
                0x00013530       0xa4 C:\Users\Touzong\SimplicityStudio\v4_workspace\soc-empty_practice\protocol\bluetooth\lib\EFR32BG1B\GCC\libbluetooth.a(gatt_server.c.obj)
                0x00013530                gatt_server_handle_prepare_write_req
 .text.gatt_server_handle_execute_write_req
                0x000135d4       0x28 C:\Users\Touzong\SimplicityStudio\v4_workspace\soc-empty_practice\protocol\bluetooth\lib\EFR32BG1B\GCC\libbluetooth.a(gatt_server.c.obj)
                0x000135d4                gatt_server_handle_execute_write_req
 .text.gatt_server_handle_value_cfm
                0x000135fc       0x48 C:\Users\Touzong\SimplicityStudio\v4_workspace\soc-empty_practice\protocol\bluetooth\lib\EFR32BG1B\GCC\libbluetooth.a(gatt_server.c.obj)
                0x000135fc                gatt_server_handle_value_cfm
 .text.gatt_server_send_characteristic_notification
                0x00013644       0x82 C:\Users\Touzong\SimplicityStudio\v4_workspace\soc-empty_practice\protocol\bluetooth\lib\EFR32BG1B\GCC\libbluetooth.a(gatt_server.c.obj)
                0x00013644                gatt_server_send_characteristic_notification
 .text.gatt_server_send_user_write_response
                0x000136c6       0x7c C:\Users\Touzong\SimplicityStudio\v4_workspace\soc-empty_practice\protocol\bluetooth\lib\EFR32BG1B\GCC\libbluetooth.a(gatt_server.c.obj)
                0x000136c6                gatt_server_send_user_write_response
 *fill*         0x00013742        0x2 
 .text.gatt_server_report_gattdb_change
                0x00013744       0x5c C:\Users\Touzong\SimplicityStudio\v4_workspace\soc-empty_practice\protocol\bluetooth\lib\EFR32BG1B\GCC\libbluetooth.a(gatt_server.c.obj)
                0x00013744                gatt_server_report_gattdb_change
 .text.gatt_server_report_client_config
                0x000137a0       0xa8 C:\Users\Touzong\SimplicityStudio\v4_workspace\soc-empty_practice\protocol\bluetooth\lib\EFR32BG1B\GCC\libbluetooth.a(gatt_server.c.obj)
                0x000137a0                gatt_server_report_client_config
 .text.handle_database_changed.part.3
                0x00013848       0x70 C:\Users\Touzong\SimplicityStudio\v4_workspace\soc-empty_practice\protocol\bluetooth\lib\EFR32BG1B\GCC\libbluetooth.a(gatt_server.c.obj)
 .text.gatt_server_handle_att
                0x000138b8      0x262 C:\Users\Touzong\SimplicityStudio\v4_workspace\soc-empty_practice\protocol\bluetooth\lib\EFR32BG1B\GCC\libbluetooth.a(gatt_server.c.obj)
                0x000138b8                gatt_server_handle_att
 .text.gatt_set_gattdb
                0x00013b1a       0x34 C:\Users\Touzong\SimplicityStudio\v4_workspace\soc-empty_practice\protocol\bluetooth\lib\EFR32BG1B\GCC\libbluetooth.a(gatt_server.c.obj)
                0x00013b1a                gatt_set_gattdb
 .text.gatt_server_enter_att_handling
                0x00013b4e        0xa C:\Users\Touzong\SimplicityStudio\v4_workspace\soc-empty_practice\protocol\bluetooth\lib\EFR32BG1B\GCC\libbluetooth.a(gatt_server.c.obj)
                0x00013b4e                gatt_server_enter_att_handling
 .text.gatt_server_leave_att_handling
                0x00013b58        0xa C:\Users\Touzong\SimplicityStudio\v4_workspace\soc-empty_practice\protocol\bluetooth\lib\EFR32BG1B\GCC\libbluetooth.a(gatt_server.c.obj)
                0x00013b58                gatt_server_leave_att_handling
 .text.gatt_server_att_handling
                0x00013b62        0x8 C:\Users\Touzong\SimplicityStudio\v4_workspace\soc-empty_practice\protocol\bluetooth\lib\EFR32BG1B\GCC\libbluetooth.a(gatt_server.c.obj)
                0x00013b62                gatt_server_att_handling
 .text.gecko_bgapi_class_dfu_init
                0x00013b6a       0x12 C:\Users\Touzong\SimplicityStudio\v4_workspace\soc-empty_practice\protocol\bluetooth\lib\EFR32BG1B\GCC\libbluetooth.a(gecko_bgapi_dfu.c.obj)
                0x00013b6a                gecko_bgapi_class_dfu_init
 .text.gecko_bgapi_class_endpoint_init
                0x00013b7c       0x12 C:\Users\Touzong\SimplicityStudio\v4_workspace\soc-empty_practice\protocol\bluetooth\lib\EFR32BG1B\GCC\libbluetooth.a(gecko_bgapi_endpoint.c.obj)
                0x00013b7c                gecko_bgapi_class_endpoint_init
 .text.gecko_bgapi_class_flash_init
                0x00013b8e       0x12 C:\Users\Touzong\SimplicityStudio\v4_workspace\soc-empty_practice\protocol\bluetooth\lib\EFR32BG1B\GCC\libbluetooth.a(gecko_bgapi_flash.c.obj)
                0x00013b8e                gecko_bgapi_class_flash_init
 .text.gecko_bgapi_class_le_gap_init
                0x00013ba0       0x12 C:\Users\Touzong\SimplicityStudio\v4_workspace\soc-empty_practice\protocol\bluetooth\lib\EFR32BG1B\GCC\libbluetooth.a(gecko_bgapi_gap.c.obj)
                0x00013ba0                gecko_bgapi_class_le_gap_init
 .text.gecko_bgapi_class_gatt_init
                0x00013bb2       0x12 C:\Users\Touzong\SimplicityStudio\v4_workspace\soc-empty_practice\protocol\bluetooth\lib\EFR32BG1B\GCC\libbluetooth.a(gecko_bgapi_gatt.c.obj)
                0x00013bb2                gecko_bgapi_class_gatt_init
 .text.gecko_bgapi_class_gatt_server_init
                0x00013bc4       0x12 C:\Users\Touzong\SimplicityStudio\v4_workspace\soc-empty_practice\protocol\bluetooth\lib\EFR32BG1B\GCC\libbluetooth.a(gecko_bgapi_gatt_server.c.obj)
                0x00013bc4                gecko_bgapi_class_gatt_server_init
 .text.gecko_bgapi_class_hardware_init
                0x00013bd6       0x12 C:\Users\Touzong\SimplicityStudio\v4_workspace\soc-empty_practice\protocol\bluetooth\lib\EFR32BG1B\GCC\libbluetooth.a(gecko_bgapi_hardware.c.obj)
                0x00013bd6                gecko_bgapi_class_hardware_init
 .text.gecko_bgapi_class_le_connection_init
                0x00013be8       0x12 C:\Users\Touzong\SimplicityStudio\v4_workspace\soc-empty_practice\protocol\bluetooth\lib\EFR32BG1B\GCC\libbluetooth.a(gecko_bgapi_le_connection.c.obj)
                0x00013be8                gecko_bgapi_class_le_connection_init
 .text.gecko_bgapi_class_sm_init
                0x00013bfa       0x12 C:\Users\Touzong\SimplicityStudio\v4_workspace\soc-empty_practice\protocol\bluetooth\lib\EFR32BG1B\GCC\libbluetooth.a(gecko_bgapi_sm.c.obj)
                0x00013bfa                gecko_bgapi_class_sm_init
 .text.gecko_bgapi_class_system_init
                0x00013c0c       0x12 C:\Users\Touzong\SimplicityStudio\v4_workspace\soc-empty_practice\protocol\bluetooth\lib\EFR32BG1B\GCC\libbluetooth.a(gecko_bgapi_system.c.obj)
                0x00013c0c                gecko_bgapi_class_system_init
 .text.gecko_bgapi_class_test_init
                0x00013c1e       0x12 C:\Users\Touzong\SimplicityStudio\v4_workspace\soc-empty_practice\protocol\bluetooth\lib\EFR32BG1B\GCC\libbluetooth.a(gecko_bgapi_test.c.obj)
                0x00013c1e                gecko_bgapi_class_test_init
 .text.handle_bgapi_output
                0x00013c30       0x74 C:\Users\Touzong\SimplicityStudio\v4_workspace\soc-empty_practice\protocol\bluetooth\lib\EFR32BG1B\GCC\libbluetooth.a(gecko_endpoints.c.obj)
 .text.gecko_release_evt
                0x00013ca4       0x14 C:\Users\Touzong\SimplicityStudio\v4_workspace\soc-empty_practice\protocol\bluetooth\lib\EFR32BG1B\GCC\libbluetooth.a(gecko_endpoints.c.obj)
                0x00013ca4                gecko_release_evt
 .text.gecko_get_evt
                0x00013cb8       0x10 C:\Users\Touzong\SimplicityStudio\v4_workspace\soc-empty_practice\protocol\bluetooth\lib\EFR32BG1B\GCC\libbluetooth.a(gecko_endpoints.c.obj)
                0x00013cb8                gecko_get_evt
 .text.gecko_register_bgapi_library
                0x00013cc8       0x38 C:\Users\Touzong\SimplicityStudio\v4_workspace\soc-empty_practice\protocol\bluetooth\lib\EFR32BG1B\GCC\libbluetooth.a(gecko_endpoints.c.obj)
                0x00013cc8                gecko_register_bgapi_library
 .text.gecko_handle_library_packet
                0x00013d00       0x10 C:\Users\Touzong\SimplicityStudio\v4_workspace\soc-empty_practice\protocol\bluetooth\lib\EFR32BG1B\GCC\libbluetooth.a(gecko_endpoints.c.obj)
                0x00013d00                gecko_handle_library_packet
 .text.sli_bt_cmd_handler_delegate
                0x00013d10       0x7c C:\Users\Touzong\SimplicityStudio\v4_workspace\soc-empty_practice\protocol\bluetooth\lib\EFR32BG1B\GCC\libbluetooth.a(gecko_endpoints.c.obj)
                0x00013d10                sli_bt_cmd_handler_delegate
 .text.hci_increase_token
                0x00013d8c       0x12 C:\Users\Touzong\SimplicityStudio\v4_workspace\soc-empty_practice\protocol\bluetooth\lib\EFR32BG1B\GCC\libbluetooth.a(hci.c.obj)
 *fill*         0x00013d9e        0x2 
 .text.hci_init
                0x00013da0       0x1c C:\Users\Touzong\SimplicityStudio\v4_workspace\soc-empty_practice\protocol\bluetooth\lib\EFR32BG1B\GCC\libbluetooth.a(hci.c.obj)
                0x00013da0                hci_init
 .text.hci_command_status_handle
                0x00013dbc       0x40 C:\Users\Touzong\SimplicityStudio\v4_workspace\soc-empty_practice\protocol\bluetooth\lib\EFR32BG1B\GCC\libbluetooth.a(hci.c.obj)
                0x00013dbc                hci_command_status_handle
 .text.hci_command_complete_handle
                0x00013dfc      0x148 C:\Users\Touzong\SimplicityStudio\v4_workspace\soc-empty_practice\protocol\bluetooth\lib\EFR32BG1B\GCC\libbluetooth.a(hci.c.obj)
                0x00013dfc                hci_command_complete_handle
 .text.handle_extended_advertising_report
                0x00013f44      0x100 C:\Users\Touzong\SimplicityStudio\v4_workspace\soc-empty_practice\protocol\bluetooth\lib\EFR32BG1B\GCC\libbluetooth.a(hci.c.obj)
                0x00013f44                handle_extended_advertising_report
 .text.hci_inject_acl
                0x00014044        0xc C:\Users\Touzong\SimplicityStudio\v4_workspace\soc-empty_practice\protocol\bluetooth\lib\EFR32BG1B\GCC\libbluetooth.a(hci.c.obj)
                0x00014044                hci_inject_acl
 .text.hci_packets_waiting
                0x00014050       0x18 C:\Users\Touzong\SimplicityStudio\v4_workspace\soc-empty_practice\protocol\bluetooth\lib\EFR32BG1B\GCC\libbluetooth.a(hci.c.obj)
                0x00014050                hci_packets_waiting
 .text.hci_get_acl_packet
                0x00014068       0x14 C:\Users\Touzong\SimplicityStudio\v4_workspace\soc-empty_practice\protocol\bluetooth\lib\EFR32BG1B\GCC\libbluetooth.a(hci.c.obj)
                0x00014068                hci_get_acl_packet
 .text.hci_send_command
                0x0001407c       0x12 C:\Users\Touzong\SimplicityStudio\v4_workspace\soc-empty_practice\protocol\bluetooth\lib\EFR32BG1B\GCC\libbluetooth.a(hci.c.obj)
                0x0001407c                hci_send_command
 .text.hci_read_bdaddr
                0x0001408e       0x1c C:\Users\Touzong\SimplicityStudio\v4_workspace\soc-empty_practice\protocol\bluetooth\lib\EFR32BG1B\GCC\libbluetooth.a(hci.c.obj)
                0x0001408e                hci_read_bdaddr
 *fill*         0x000140aa        0x2 
 .text.hci_state_listener
                0x000140ac       0x14 C:\Users\Touzong\SimplicityStudio\v4_workspace\soc-empty_practice\protocol\bluetooth\lib\EFR32BG1B\GCC\libbluetooth.a(hci.c.obj)
                0x000140ac                hci_state_listener
 .text.hci_set_state
                0x000140c0       0x1c C:\Users\Touzong\SimplicityStudio\v4_workspace\soc-empty_practice\protocol\bluetooth\lib\EFR32BG1B\GCC\libbluetooth.a(hci.c.obj)
                0x000140c0                hci_set_state
 .text.hci_state_listener_init
                0x000140dc       0x10 C:\Users\Touzong\SimplicityStudio\v4_workspace\soc-empty_practice\protocol\bluetooth\lib\EFR32BG1B\GCC\libbluetooth.a(hci.c.obj)
                0x000140dc                hci_state_listener_init
 .text.hci_state_listener_init_default_data_length
                0x000140ec       0x6c C:\Users\Touzong\SimplicityStudio\v4_workspace\soc-empty_practice\protocol\bluetooth\lib\EFR32BG1B\GCC\libbluetooth.a(hci.c.obj)
                0x000140ec                hci_state_listener_init_default_data_length
 .text.hci_run  0x00014158        0x6 C:\Users\Touzong\SimplicityStudio\v4_workspace\soc-empty_practice\protocol\bluetooth\lib\EFR32BG1B\GCC\libbluetooth.a(hci.c.obj)
                0x00014158                hci_run
 .text.hci_start
                0x0001415e        0x6 C:\Users\Touzong\SimplicityStudio\v4_workspace\soc-empty_practice\protocol\bluetooth\lib\EFR32BG1B\GCC\libbluetooth.a(hci.c.obj)
                0x0001415e                hci_start
 .text.hci_cleanup_acl
                0x00014164       0x28 C:\Users\Touzong\SimplicityStudio\v4_workspace\soc-empty_practice\protocol\bluetooth\lib\EFR32BG1B\GCC\libbluetooth.a(hci.c.obj)
                0x00014164                hci_cleanup_acl
 .text.hci_send_acl
                0x0001418c       0xac C:\Users\Touzong\SimplicityStudio\v4_workspace\soc-empty_practice\protocol\bluetooth\lib\EFR32BG1B\GCC\libbluetooth.a(hci.c.obj)
                0x0001418c                hci_send_acl
 .text.hci_le_set_random_address
                0x00014238       0x2c C:\Users\Touzong\SimplicityStudio\v4_workspace\soc-empty_practice\protocol\bluetooth\lib\EFR32BG1B\GCC\libbluetooth.a(hci.c.obj)
                0x00014238                hci_le_set_random_address
 .text.hci_le_set_extended_advertising_parameters
                0x00014264       0x98 C:\Users\Touzong\SimplicityStudio\v4_workspace\soc-empty_practice\protocol\bluetooth\lib\EFR32BG1B\GCC\libbluetooth.a(hci.c.obj)
                0x00014264                hci_le_set_extended_advertising_parameters
 .text.hci_le_set_advertising_set_random_address
                0x000142fc       0x38 C:\Users\Touzong\SimplicityStudio\v4_workspace\soc-empty_practice\protocol\bluetooth\lib\EFR32BG1B\GCC\libbluetooth.a(hci.c.obj)
                0x000142fc                hci_le_set_advertising_set_random_address
 .text.hci_le_set_extended_advertising_data
                0x00014334       0x34 C:\Users\Touzong\SimplicityStudio\v4_workspace\soc-empty_practice\protocol\bluetooth\lib\EFR32BG1B\GCC\libbluetooth.a(hci.c.obj)
                0x00014334                hci_le_set_extended_advertising_data
 .text.hci_le_set_extended_scan_response_data
                0x00014368       0x34 C:\Users\Touzong\SimplicityStudio\v4_workspace\soc-empty_practice\protocol\bluetooth\lib\EFR32BG1B\GCC\libbluetooth.a(hci.c.obj)
                0x00014368                hci_le_set_extended_scan_response_data
 .text.hci_le_set_extended_advertising_enable
                0x0001439c       0x44 C:\Users\Touzong\SimplicityStudio\v4_workspace\soc-empty_practice\protocol\bluetooth\lib\EFR32BG1B\GCC\libbluetooth.a(hci.c.obj)
                0x0001439c                hci_le_set_extended_advertising_enable
 .text.hci_le_set_extended_scan_parameters
                0x000143e0       0x4c C:\Users\Touzong\SimplicityStudio\v4_workspace\soc-empty_practice\protocol\bluetooth\lib\EFR32BG1B\GCC\libbluetooth.a(hci.c.obj)
                0x000143e0                hci_le_set_extended_scan_parameters
 .text.hci_le_set_ext_scan_enable
                0x0001442c       0x34 C:\Users\Touzong\SimplicityStudio\v4_workspace\soc-empty_practice\protocol\bluetooth\lib\EFR32BG1B\GCC\libbluetooth.a(hci.c.obj)
                0x0001442c                hci_le_set_ext_scan_enable
 .text.hci_le_create_connection_cancel
                0x00014460       0x14 C:\Users\Touzong\SimplicityStudio\v4_workspace\soc-empty_practice\protocol\bluetooth\lib\EFR32BG1B\GCC\libbluetooth.a(hci.c.obj)
                0x00014460                hci_le_create_connection_cancel
 .text.hci_close_acl
                0x00014474       0x42 C:\Users\Touzong\SimplicityStudio\v4_workspace\soc-empty_practice\protocol\bluetooth\lib\EFR32BG1B\GCC\libbluetooth.a(hci.c.obj)
                0x00014474                hci_close_acl
 *fill*         0x000144b6        0x2 
 .text.hci_le_connection_update
                0x000144b8       0x58 C:\Users\Touzong\SimplicityStudio\v4_workspace\soc-empty_practice\protocol\bluetooth\lib\EFR32BG1B\GCC\libbluetooth.a(hci.c.obj)
                0x000144b8                hci_le_connection_update
 .text.hci_le_start_encryption
                0x00014510       0x50 C:\Users\Touzong\SimplicityStudio\v4_workspace\soc-empty_practice\protocol\bluetooth\lib\EFR32BG1B\GCC\libbluetooth.a(hci.c.obj)
                0x00014510                hci_le_start_encryption
 .text.hci_le_ltk_reply
                0x00014560       0x4c C:\Users\Touzong\SimplicityStudio\v4_workspace\soc-empty_practice\protocol\bluetooth\lib\EFR32BG1B\GCC\libbluetooth.a(hci.c.obj)
                0x00014560                hci_le_ltk_reply
 .text.hci_le_remote_connection_parameter_request_reply
                0x000145ac       0x58 C:\Users\Touzong\SimplicityStudio\v4_workspace\soc-empty_practice\protocol\bluetooth\lib\EFR32BG1B\GCC\libbluetooth.a(hci.c.obj)
                0x000145ac                hci_le_remote_connection_parameter_request_reply
 .text.hci_event_handle
                0x00014604      0x26a C:\Users\Touzong\SimplicityStudio\v4_workspace\soc-empty_practice\protocol\bluetooth\lib\EFR32BG1B\GCC\libbluetooth.a(hci.c.obj)
                0x00014604                hci_event_handle
 .text.hci_get_and_handle
                0x0001486e       0x20 C:\Users\Touzong\SimplicityStudio\v4_workspace\soc-empty_practice\protocol\bluetooth\lib\EFR32BG1B\GCC\libbluetooth.a(hci.c.obj)
                0x0001486e                hci_get_and_handle
 *fill*         0x0001488e        0x2 
 .text.hci_state_listener_idle
                0x00014890       0x1c C:\Users\Touzong\SimplicityStudio\v4_workspace\soc-empty_practice\protocol\bluetooth\lib\EFR32BG1B\GCC\libbluetooth.a(hci.c.obj)
                0x00014890                hci_state_listener_idle
 .text.hci_read_conn_phy
                0x000148ac       0x24 C:\Users\Touzong\SimplicityStudio\v4_workspace\soc-empty_practice\protocol\bluetooth\lib\EFR32BG1B\GCC\libbluetooth.a(hci.c.obj)
                0x000148ac                hci_read_conn_phy
 .text.cmd2bgbuf
                0x000148d0        0x4 C:\Users\Touzong\SimplicityStudio\v4_workspace\soc-empty_practice\protocol\bluetooth\lib\EFR32BG1B\GCC\libbluetooth.a(hci_pck.c.obj)
                0x000148d0                cmd2bgbuf
 .text.hci_command_alloc
                0x000148d4       0x2e C:\Users\Touzong\SimplicityStudio\v4_workspace\soc-empty_practice\protocol\bluetooth\lib\EFR32BG1B\GCC\libbluetooth.a(hci_pck.c.obj)
                0x000148d4                hci_command_alloc
 .text.hci_command_init_shared
                0x00014902       0x26 C:\Users\Touzong\SimplicityStudio\v4_workspace\soc-empty_practice\protocol\bluetooth\lib\EFR32BG1B\GCC\libbluetooth.a(hci_pck.c.obj)
                0x00014902                hci_command_init_shared
 .text.hci_command_shared_response
                0x00014928       0x14 C:\Users\Touzong\SimplicityStudio\v4_workspace\soc-empty_practice\protocol\bluetooth\lib\EFR32BG1B\GCC\libbluetooth.a(hci_pck.c.obj)
                0x00014928                hci_command_shared_response
 .text.hci_command_init_shared_bgbuf
                0x0001493c       0x5a C:\Users\Touzong\SimplicityStudio\v4_workspace\soc-empty_practice\protocol\bluetooth\lib\EFR32BG1B\GCC\libbluetooth.a(hci_pck.c.obj)
                0x0001493c                hci_command_init_shared_bgbuf
 *fill*         0x00014996        0x2 
 .text.hci_get_output_acl
                0x00014998        0xc C:\Users\Touzong\SimplicityStudio\v4_workspace\soc-empty_practice\protocol\bluetooth\lib\EFR32BG1B\GCC\libbluetooth.a(hci_pck.c.obj)
                0x00014998                hci_get_output_acl
 .text.hci_get_event
                0x000149a4        0xc C:\Users\Touzong\SimplicityStudio\v4_workspace\soc-empty_practice\protocol\bluetooth\lib\EFR32BG1B\GCC\libbluetooth.a(hci_pck.c.obj)
                0x000149a4                hci_get_event
 .text.hci_inject_event
                0x000149b0        0xc C:\Users\Touzong\SimplicityStudio\v4_workspace\soc-empty_practice\protocol\bluetooth\lib\EFR32BG1B\GCC\libbluetooth.a(hci_pck.c.obj)
                0x000149b0                hci_inject_event
 .text.bg_pre_sleep
                0x000149bc        0x2 C:\Users\Touzong\SimplicityStudio\v4_workspace\soc-empty_practice\protocol\bluetooth\lib\EFR32BG1B\GCC\libbluetooth.a(init.c.obj)
                0x000149bc                bg_pre_sleep
 .text.bg_post_wakeup
                0x000149be        0x2 C:\Users\Touzong\SimplicityStudio\v4_workspace\soc-empty_practice\protocol\bluetooth\lib\EFR32BG1B\GCC\libbluetooth.a(init.c.obj)
                0x000149be                bg_post_wakeup
 .text.bg_radio_init
                0x000149c0       0xd8 C:\Users\Touzong\SimplicityStudio\v4_workspace\soc-empty_practice\protocol\bluetooth\lib\EFR32BG1B\GCC\libbluetooth.a(init.c.obj)
                0x000149c0                bg_radio_init
 .text.bg_low_init
                0x00014a98       0x20 C:\Users\Touzong\SimplicityStudio\v4_workspace\soc-empty_practice\protocol\bluetooth\lib\EFR32BG1B\GCC\libbluetooth.a(init.c.obj)
                0x00014a98                bg_low_init
 .text.irq_init
                0x00014ab8       0x78 C:\Users\Touzong\SimplicityStudio\v4_workspace\soc-empty_practice\protocol\bluetooth\lib\EFR32BG1B\GCC\libbluetooth.a(irq.c.obj)
                0x00014ab8                irq_init
 .text.l2cap_send_update_parameters_response
                0x00014b30       0x48 C:\Users\Touzong\SimplicityStudio\v4_workspace\soc-empty_practice\protocol\bluetooth\lib\EFR32BG1B\GCC\libbluetooth.a(l2cap.c.obj)
 .text.l2cap_message_handler
                0x00014b78       0x34 C:\Users\Touzong\SimplicityStudio\v4_workspace\soc-empty_practice\protocol\bluetooth\lib\EFR32BG1B\GCC\libbluetooth.a(l2cap.c.obj)
                0x00014b78                l2cap_message_handler
 .text.l2cap_send_command_reject.constprop.1
                0x00014bac       0x48 C:\Users\Touzong\SimplicityStudio\v4_workspace\soc-empty_practice\protocol\bluetooth\lib\EFR32BG1B\GCC\libbluetooth.a(l2cap.c.obj)
 .text.l2cap_init
                0x00014bf4       0x20 C:\Users\Touzong\SimplicityStudio\v4_workspace\soc-empty_practice\protocol\bluetooth\lib\EFR32BG1B\GCC\libbluetooth.a(l2cap.c.obj)
                0x00014bf4                l2cap_init
 .text.l2cap_send_fixed_channel
                0x00014c14       0x40 C:\Users\Touzong\SimplicityStudio\v4_workspace\soc-empty_practice\protocol\bluetooth\lib\EFR32BG1B\GCC\libbluetooth.a(l2cap.c.obj)
                0x00014c14                l2cap_send_fixed_channel
 .text.acl_packet_handle
                0x00014c54      0x150 C:\Users\Touzong\SimplicityStudio\v4_workspace\soc-empty_practice\protocol\bluetooth\lib\EFR32BG1B\GCC\libbluetooth.a(l2cap.c.obj)
                0x00014c54                acl_packet_handle
 .text.ll_hciSetCommandCompleteHeader
                0x00014da4       0x22 C:\Users\Touzong\SimplicityStudio\v4_workspace\soc-empty_practice\protocol\bluetooth\lib\EFR32BG1B\GCC\libbluetooth.a(ll_hci.c.obj)
                0x00014da4                ll_hciSetCommandCompleteHeader
 .text.ll_hciSetMetaEventHeader
                0x00014dc6       0x1a C:\Users\Touzong\SimplicityStudio\v4_workspace\soc-empty_practice\protocol\bluetooth\lib\EFR32BG1B\GCC\libbluetooth.a(ll_hci.c.obj)
                0x00014dc6                ll_hciSetMetaEventHeader
 .text.ll_hciSetCommandStatusHeader