Archive member included to satisfy reference by file (symbol)

C:\Users\Sam\SimplicityStudio\v4_workspace\SPI_dev\retry\protocol\bluetooth\lib\EFR32BG1B\GCC\libbluetooth.a(bgapi.c.obj)
                              ./src/bluetooth_utilities.o (gecko_cmd_msg_buf)
C:\Users\Sam\SimplicityStudio\v4_workspace\SPI_dev\retry\protocol\bluetooth\lib\EFR32BG1B\GCC\libbluetooth.a(bgapi_gap.c.obj)
                              ./src/bluetooth_utilities.o (sli_bt_cmd_le_gap_set_advertise_timing)
C:\Users\Sam\SimplicityStudio\v4_workspace\SPI_dev\retry\protocol\bluetooth\lib\EFR32BG1B\GCC\libbluetooth.a(bgapi_gatt.c.obj)
                              C:\Users\Sam\SimplicityStudio\v4_workspace\SPI_dev\retry\protocol\bluetooth\lib\EFR32BG1B\GCC\libbluetooth.a(bgapi.c.obj) (bgapi_gatt_listener)
C:\Users\Sam\SimplicityStudio\v4_workspace\SPI_dev\retry\protocol\bluetooth\lib\EFR32BG1B\GCC\libbluetooth.a(bgapi_gatt_lib.c.obj)
                              ./src/bluetooth_utilities.o (sli_bt_cmd_gatt_server_send_user_write_response)
C:\Users\Sam\SimplicityStudio\v4_workspace\SPI_dev\retry\protocol\bluetooth\lib\EFR32BG1B\GCC\libbluetooth.a(bgapi_hardware.c.obj)
                              ./src/bluetooth_utilities.o (sli_bt_cmd_hardware_set_soft_timer)
C:\Users\Sam\SimplicityStudio\v4_workspace\SPI_dev\retry\protocol\bluetooth\lib\EFR32BG1B\GCC\libbluetooth.a(bgapi_le_connection.c.obj)
                              ./src/bluetooth_utilities.o (sli_bt_cmd_le_connection_close)
C:\Users\Sam\SimplicityStudio\v4_workspace\SPI_dev\retry\protocol\bluetooth\lib\EFR32BG1B\GCC\libbluetooth.a(bgapi_system.c.obj)
                              ./src/bluetooth_utilities.o (sli_bt_cmd_system_reset)
C:\Users\Sam\SimplicityStudio\v4_workspace\SPI_dev\retry\protocol\bluetooth\lib\EFR32BG1B\GCC\libbluetooth.a(bgbuf.c.obj)
                              C:\Users\Sam\SimplicityStudio\v4_workspace\SPI_dev\retry\protocol\bluetooth\lib\EFR32BG1B\GCC\libbluetooth.a(bgapi.c.obj) (bgbuf_chain_free)
C:\Users\Sam\SimplicityStudio\v4_workspace\SPI_dev\retry\protocol\bluetooth\lib\EFR32BG1B\GCC\libbluetooth.a(bglib.c.obj)
                              ./src/main.o (gecko_stack_init)
C:\Users\Sam\SimplicityStudio\v4_workspace\SPI_dev\retry\protocol\bluetooth\lib\EFR32BG1B\GCC\libbluetooth.a(btl_interface.c.obj)
                              C:\Users\Sam\SimplicityStudio\v4_workspace\SPI_dev\retry\protocol\bluetooth\lib\EFR32BG1B\GCC\libbluetooth.a(bgapi.c.obj) (bootloader_getInfo)
C:\Users\Sam\SimplicityStudio\v4_workspace\SPI_dev\retry\protocol\bluetooth\lib\EFR32BG1B\GCC\libbluetooth.a(efr32xg1x.c.obj)
                              C:\Users\Sam\SimplicityStudio\v4_workspace\SPI_dev\retry\protocol\bluetooth\lib\EFR32BG1B\GCC\libbluetooth.a(bgapi_hardware.c.obj) (bg_hal_set_dcdc_enable)
C:\Users\Sam\SimplicityStudio\v4_workspace\SPI_dev\retry\protocol\bluetooth\lib\EFR32BG1B\GCC\libbluetooth.a(gap.c.obj)
                              C:\Users\Sam\SimplicityStudio\v4_workspace\SPI_dev\retry\protocol\bluetooth\lib\EFR32BG1B\GCC\libbluetooth.a(bglib.c.obj) (gap_reset_state)
C:\Users\Sam\SimplicityStudio\v4_workspace\SPI_dev\retry\protocol\bluetooth\lib\EFR32BG1B\GCC\libbluetooth.a(gap_adv.c.obj)
                              C:\Users\Sam\SimplicityStudio\v4_workspace\SPI_dev\retry\protocol\bluetooth\lib\EFR32BG1B\GCC\libbluetooth.a(gap.c.obj) (gap_set_advertising_timeout)
C:\Users\Sam\SimplicityStudio\v4_workspace\SPI_dev\retry\protocol\bluetooth\lib\EFR32BG1B\GCC\libbluetooth.a(gap_deprecated.c.obj)
                              C:\Users\Sam\SimplicityStudio\v4_workspace\SPI_dev\retry\protocol\bluetooth\lib\EFR32BG1B\GCC\libbluetooth.a(bgapi_gap.c.obj) (ubt_gap_set_adv_parameters)
C:\Users\Sam\SimplicityStudio\v4_workspace\SPI_dev\retry\protocol\bluetooth\lib\EFR32BG1B\GCC\libbluetooth.a(gap_resolver.c.obj)
                              C:\Users\Sam\SimplicityStudio\v4_workspace\SPI_dev\retry\protocol\bluetooth\lib\EFR32BG1B\GCC\libbluetooth.a(gap.c.obj) (gap_address_resolver_step)
C:\Users\Sam\SimplicityStudio\v4_workspace\SPI_dev\retry\protocol\bluetooth\lib\EFR32BG1B\GCC\libbluetooth.a(gap_scan.c.obj)
                              C:\Users\Sam\SimplicityStudio\v4_workspace\SPI_dev\retry\protocol\bluetooth\lib\EFR32BG1B\GCC\libbluetooth.a(gap.c.obj) (gap_status_set_scan_packet)
C:\Users\Sam\SimplicityStudio\v4_workspace\SPI_dev\retry\protocol\bluetooth\lib\EFR32BG1B\GCC\libbluetooth.a(gatt.c.obj)
                              C:\Users\Sam\SimplicityStudio\v4_workspace\SPI_dev\retry\protocol\bluetooth\lib\EFR32BG1B\GCC\libbluetooth.a(gap.c.obj) (gatt_init_connection)
C:\Users\Sam\SimplicityStudio\v4_workspace\SPI_dev\retry\protocol\bluetooth\lib\EFR32BG1B\GCC\libbluetooth.a(gatt_client.c.obj)
                              C:\Users\Sam\SimplicityStudio\v4_workspace\SPI_dev\retry\protocol\bluetooth\lib\EFR32BG1B\GCC\libbluetooth.a(bgapi_gatt_lib.c.obj) (gatt_client_init)
[...]
Memory Configuration

Name             Origin             Length             Attributes
FLASH_BOOTLOADER 0x00000000         0x00004000         xr
FLASH            0x00004000         0x0003b000         xr
RAM              0x20000000         0x00007c00         xrw
*default*        0x00000000         0xffffffff

Linker script and memory map

LOAD c:/siliconlabs/simplicitystudio/v4/developer/toolchains/gnu_arm/7.2_2017q4/bin/../lib/gcc/arm-none-eabi/7.2.1/thumb/v7e-m/fpv4-sp/softfp/crti.o
LOAD c:/siliconlabs/simplicitystudio/v4/developer/toolchains/gnu_arm/7.2_2017q4/bin/../lib/gcc/arm-none-eabi/7.2.1/thumb/v7e-m/fpv4-sp/softfp/crtbegin.o
LOAD c:/siliconlabs/simplicitystudio/v4/developer/toolchains/gnu_arm/7.2_2017q4/bin/../lib/gcc/arm-none-eabi/7.2.1/../../../../arm-none-eabi/lib/thumb/v7e-m/fpv4-sp/softfp/crt0.o
START GROUP
LOAD ./app/bluetooth/common/util/infrastructure.o
LOAD ./application_properties.o
LOAD ./gatt_db.o
LOAD ./init_app.o
LOAD ./init_board_efr32xg1.o
LOAD ./init_mcu_efr32xg1.o
LOAD ./pti.o
LOAD ./hardware/kit/common/bsp/bsp_stk.o
LOAD ./platform/Device/SiliconLabs/BGM1/Source/GCC/startup_bgm1.o
LOAD ./platform/Device/SiliconLabs/BGM1/Source/system_bgm1.o
LOAD ./platform/emdrv/sleep/src/sleep.o
LOAD ./platform/emdrv/tempdrv/src/tempdrv.o
LOAD ./platform/emlib/src/em_acmp.o
LOAD ./platform/emlib/src/em_adc.o
LOAD ./platform/emlib/src/em_aes.o
LOAD ./platform/emlib/src/em_assert.o
LOAD ./platform/emlib/src/em_burtc.o
LOAD ./platform/emlib/src/em_can.o
LOAD ./platform/emlib/src/em_cmu.o
LOAD ./platform/emlib/src/em_core.o
LOAD ./platform/emlib/src/em_cryotimer.o
LOAD ./platform/emlib/src/em_crypto.o
LOAD ./platform/emlib/src/em_csen.o
LOAD ./platform/emlib/src/em_dac.o
LOAD ./platform/emlib/src/em_dbg.o
LOAD ./platform/emlib/src/em_dma.o
LOAD ./platform/emlib/src/em_ebi.o
LOAD ./platform/emlib/src/em_emu.o
LOAD ./platform/emlib/src/em_gpcrc.o
LOAD ./platform/emlib/src/em_gpio.o
LOAD ./platform/emlib/src/em_i2c.o
LOAD ./platform/emlib/src/em_iadc.o
LOAD ./platform/emlib/src/em_idac.o
LOAD ./platform/emlib/src/em_int.o
LOAD ./platform/emlib/src/em_lcd.o
LOAD ./platform/emlib/src/em_ldma.o
LOAD ./platform/emlib/src/em_lesense.o
LOAD ./platform/emlib/src/em_letimer.o
LOAD ./platform/emlib/src/em_leuart.o
LOAD ./platform/emlib/src/em_mpu.o
LOAD ./platform/emlib/src/em_msc.o
LOAD ./platform/emlib/src/em_opamp.o
LOAD ./platform/emlib/src/em_pcnt.o
LOAD ./platform/emlib/src/em_prs.o
LOAD ./platform/emlib/src/em_qspi.o
LOAD ./platform/emlib/src/em_rmu.o
LOAD ./platform/emlib/src/em_rtc.o
LOAD ./platform/emlib/src/em_rtcc.o
LOAD ./platform/emlib/src/em_se.o
LOAD ./platform/emlib/src/em_system.o
LOAD ./platform/emlib/src/em_timer.o
LOAD ./platform/emlib/src/em_usart.o
LOAD ./platform/emlib/src/em_vcmp.o
LOAD ./platform/emlib/src/em_vdac.o
LOAD ./platform/emlib/src/em_wdog.o
LOAD ./src/adc_functions.o
LOAD ./src/bluetooth_utilities.o
LOAD ./src/bsp_trace.o
LOAD ./src/flash_functions.o
LOAD ./src/main.o
LOAD ./src/retargetio.o
LOAD ./src/retargetserial.o
LOAD ./src/spi_functions.o
LOAD C:\Users\Sam\SimplicityStudio\v4_workspace\SPI_dev\retry\protocol\bluetooth\lib\EFR32BG1B\GCC\libpsstore.a
LOAD C:\Users\Sam\SimplicityStudio\v4_workspace\SPI_dev\retry\protocol\bluetooth\lib\EFR32BG1B\GCC\libbluetooth.a
LOAD C:\Users\Sam\SimplicityStudio\v4_workspace\SPI_dev\retry\platform\radio\rail_lib\autogen\librail_release\librail_config_bgm111a256v2_gcc.a
LOAD C:\Users\Sam\SimplicityStudio\v4_workspace\SPI_dev\retry\platform\radio\rail_lib\autogen\librail_release\librail_module_efr32xg1_gcc_release.a
LOAD C:\Users\Sam\SimplicityStudio\v4_workspace\SPI_dev\retry\protocol\bluetooth\lib\EFR32BG1B\GCC\libmbedtls.a
LOAD C:\Users\Sam\SimplicityStudio\v4_workspace\SPI_dev\retry\protocol\bluetooth\lib\EFR32BG1B\GCC\binapploader.o
LOAD c:/siliconlabs/simplicitystudio/v4/developer/toolchains/gnu_arm/7.2_2017q4/bin/../lib/gcc/arm-none-eabi/7.2.1/../../../../arm-none-eabi/lib/thumb/v7e-m/fpv4-sp/softfp\libm.a
END GROUP
START GROUP
LOAD c:/siliconlabs/simplicitystudio/v4/developer/toolchains/gnu_arm/7.2_2017q4/bin/../lib/gcc/arm-none-eabi/7.2.1/thumb/v7e-m/fpv4-sp/softfp\libgcc.a
LOAD c:/siliconlabs/simplicitystudio/v4/developer/toolchains/gnu_arm/7.2_2017q4/bin/../lib/gcc/arm-none-eabi/7.2.1/../../../../arm-none-eabi/lib/thumb/v7e-m/fpv4-sp/softfp\libc_nano.a
LOAD c:/siliconlabs/simplicitystudio/v4/developer/toolchains/gnu_arm/7.2_2017q4/bin/../lib/gcc/arm-none-eabi/7.2.1/../../../../arm-none-eabi/lib/thumb/v7e-m/fpv4-sp/softfp\libnosys.a
END GROUP
START GROUP
LOAD c:/siliconlabs/simplicitystudio/v4/developer/toolchains/gnu_arm/7.2_2017q4/bin/../lib/gcc/arm-none-eabi/7.2.1/thumb/v7e-m/fpv4-sp/softfp\libgcc.a
LOAD c:/siliconlabs/simplicitystudio/v4/developer/toolchains/gnu_arm/7.2_2017q4/bin/../lib/gcc/arm-none-eabi/7.2.1/../../../../arm-none-eabi/lib/thumb/v7e-m/fpv4-sp/softfp\libg_nano.a
LOAD c:/siliconlabs/simplicitystudio/v4/developer/toolchains/gnu_arm/7.2_2017q4/bin/../lib/gcc/arm-none-eabi/7.2.1/../../../../arm-none-eabi/lib/thumb/v7e-m/fpv4-sp/softfp\libc_nano.a
END GROUP
START GROUP
LOAD c:/siliconlabs/simplicitystudio/v4/developer/toolchains/gnu_arm/7.2_2017q4/bin/../lib/gcc/arm-none-eabi/7.2.1/thumb/v7e-m/fpv4-sp/softfp\libgcc.a
LOAD c:/siliconlabs/simplicitystudio/v4/developer/toolchains/gnu_arm/7.2_2017q4/bin/../lib/gcc/arm-none-eabi/7.2.1/../../../../arm-none-eabi/lib/thumb/v7e-m/fpv4-sp/softfp\libc_nano.a
END GROUP
LOAD c:/siliconlabs/simplicitystudio/v4/developer/toolchains/gnu_arm/7.2_2017q4/bin/../lib/gcc/arm-none-eabi/7.2.1/thumb/v7e-m/fpv4-sp/softfp/crtend.o
LOAD c:/siliconlabs/simplicitystudio/v4/developer/toolchains/gnu_arm/7.2_2017q4/bin/../lib/gcc/arm-none-eabi/7.2.1/thumb/v7e-m/fpv4-sp/softfp/crtn.o

.text_bootloader
                0x00000000        0x0
 *(.binbootloader*)
                0x00000000                . = ALIGN (0x4000)

.text_apploader
                0x00004000     0x87c0
 *(.binapploader*)
 .binapploader  0x00004000     0x87c0 C:\Users\Sam\SimplicityStudio\v4_workspace\SPI_dev\retry\protocol\bluetooth\lib\EFR32BG1B\GCC\binapploader.o

.text_signature
                0x0000c7c0       0x40
                0x0000c800                . = ALIGN (0x800)
 *fill*         0x0000c7c0       0x40 
                0x0000c800                __text_start__ = .

.text_application
                0x0000c800    0x23334
 *(.vectors)
 .vectors       0x0000c800       0xc8 ./platform/Device/SiliconLabs/BGM1/Source/GCC/startup_bgm1.o
                0x0000c800                __Vectors
                0x0000c8c8                __Vectors_End = .
                0x000000c8                __Vectors_Size = (__Vectors_End - __Vectors)
                0x0000c8c8                __end__ = .
 *(.application_properties)
 .application_properties
                0x0000c8c8       0x38 ./application_properties.o
                0x0000c8c8                applicationProperties
 *(.gecko_configuration)
 *(.xo_configuration)
 *(.gatt_header)
 .gatt_header   0x0000c900       0x34 ./gatt_db.o
                0x0000c900                bg_gattdb_data
 *(.gatt_data)
 .gatt_data     0x0000c934      0x202 ./gatt_db.o
                0x0000c934                bg_gattdb_data_adv_uuid128_map
                0x0000c938                bg_gattdb_data_adv_uuid16_map
                0x0000c93c                bg_gattdb_data_attributes_dynamic_mapping_map
                0x0000c944                bg_gattdb_data_attributes_map
                0x0000ca28                bg_gattdb_data_attribute_field_0
                0x0000ca2c                bg_gattdb_data_attribute_field_1
                0x0000ca34                bg_gattdb_data_attribute_field_2
                0x0000ca3c                bg_gattdb_data_attribute_field_4
                0x0000ca40                bg_gattdb_data_attribute_field_5
                0x0000ca48                bg_gattdb_data_attribute_field_6
                0x0000ca50                bg_gattdb_data_attribute_field_7
                0x0000ca58                bg_gattdb_data_attribute_field_8
                0x0000ca5c                bg_gattdb_data_attribute_field_9
                0x0000ca60                bg_gattdb_data_attribute_field_10
                0x0000ca68                bg_gattdb_data_attribute_field_11
                0x0000ca78                bg_gattdb_data_attribute_field_12
                0x0000ca8c                bg_gattdb_data_attribute_field_13
                0x0000caa4                bg_gattdb_data_attribute_field_14
                0x0000caac                bg_gattdb_data_attribute_field_16
                0x0000cac0                bg_gattdb_data_attribute_field_17
                0x0000cad8                bg_gattdb_data_attribute_field_18
                0x0000cae0                bg_gattdb_data_uuidtable_128_map
                0x0000cb20                bg_gattdb_data_uuidtable_16_map
 *(.text*)
 *fill*         0x0000cb36        0x2 
 .text          0x0000cb38       0x40 c:/siliconlabs/simplicitystudio/v4/developer/toolchains/gnu_arm/7.2_2017q4/bin/../lib/gcc/arm-none-eabi/7.2.1/thumb/v7e-m/fpv4-sp/softfp/crtbegin.o
 .text          0x0000cb78       0x74 c:/siliconlabs/simplicitystudio/v4/developer/toolchains/gnu_arm/7.2_2017q4/bin/../lib/gcc/arm-none-eabi/7.2.1/../../../../arm-none-eabi/lib/thumb/v7e-m/fpv4-sp/softfp/crt0.o
                0x0000cb78                _start
                0x0000cb78                _mainCRTStartup
 .text.initApp  0x0000cbec       0x24 ./init_app.o
                0x0000cbec                initApp
 .text.initBoard
                0x0000cc10       0x38 ./init_board_efr32xg1.o
                0x0000cc10                initBoard
 .text.initMcu  0x0000cc48      0x178 ./init_mcu_efr32xg1.o
                0x0000cc48                initMcu
 .text.configEnablePti
                0x0000cdc0       0x30 ./pti.o
                0x0000cdc0                configEnablePti
 .text.Default_Handler
                0x0000cdf0        0x4 ./platform/Device/SiliconLabs/BGM1/Source/GCC/startup_bgm1.o
                0x0000cdf0                DebugMon_Handler
                0x0000cdf0                USART0_TX_IRQHandler
                0x0000cdf0                I2C0_IRQHandler
                0x0000cdf0                HardFault_Handler
                0x0000cdf0                SysTick_Handler
                0x0000cdf0                USART1_RX_IRQHandler
                0x0000cdf0                PendSV_Handler
                0x0000cdf0                NMI_Handler
                0x0000cdf0                WDOG0_IRQHandler
                0x0000cdf0                USART1_TX_IRQHandler
                0x0000cdf0                MSC_IRQHandler
                0x0000cdf0                ADC0_IRQHandler
                0x0000cdf0                UsageFault_Handler
                0x0000cdf0                LEUART0_IRQHandler
                0x0000cdf0                FPUEH_IRQHandler
                0x0000cdf0                GPIO_EVEN_IRQHandler
                0x0000cdf0                LDMA_IRQHandler
                0x0000cdf0                TIMER0_IRQHandler
                0x0000cdf0                TIMER1_IRQHandler
                0x0000cdf0                Default_Handler
                0x0000cdf0                CRYOTIMER_IRQHandler
                0x0000cdf0                PCNT0_IRQHandler
                0x0000cdf0                ACMP0_IRQHandler
                0x0000cdf0                MemManage_Handler
                0x0000cdf0                SVC_Handler
                0x0000cdf0                RTCC_IRQHandler
                0x0000cdf0                CRYPTO_IRQHandler
                0x0000cdf0                CMU_IRQHandler
                0x0000cdf0                GPIO_ODD_IRQHandler
                0x0000cdf0                BusFault_Handler
                0x0000cdf0                IDAC0_IRQHandler
 .text.Reset_Handler
                0x0000cdf4       0x2c ./platform/Device/SiliconLabs/BGM1/Source/GCC/startup_bgm1.o
                0x0000cdf4                Reset_Handler
 .text.SystemMaxCoreClockGet
                0x0000ce20        0x8 ./platform/Device/SiliconLabs/BGM1/Source/system_bgm1.o
                0x0000ce20                SystemMaxCoreClockGet
 .text.SystemHFClockGet
                0x0000ce28       0x50 ./platform/Device/SiliconLabs/BGM1/Source/system_bgm1.o
                0x0000ce28                SystemHFClockGet
 .text.SystemCoreClockGet
                0x0000ce78       0x24 ./platform/Device/SiliconLabs/BGM1/Source/system_bgm1.o
                0x0000ce78                SystemCoreClockGet
 .text.SystemHFXOClockGet
                0x0000ce9c        0xc ./platform/Device/SiliconLabs/BGM1/Source/system_bgm1.o
                0x0000ce9c                SystemHFXOClockGet
 .text.SystemHFXOClockSet
                0x0000cea8       0x3c ./platform/Device/SiliconLabs/BGM1/Source/system_bgm1.o
                0x0000cea8                SystemHFXOClockSet
 .text.SystemInit
                0x0000cee4       0x54 ./platform/Device/SiliconLabs/BGM1/Source/system_bgm1.o
                0x0000cee4                SystemInit
 .text.SystemLFRCOClockGet
                0x0000cf38        0x8 ./platform/Device/SiliconLabs/BGM1/Source/system_bgm1.o
                0x0000cf38                SystemLFRCOClockGet
 .text.SystemULFRCOClockGet
                0x0000cf40        0x8 ./platform/Device/SiliconLabs/BGM1/Source/system_bgm1.o
                0x0000cf40                SystemULFRCOClockGet
 .text.SystemLFXOClockGet
                0x0000cf48        0xc ./platform/Device/SiliconLabs/BGM1/Source/system_bgm1.o
                0x0000cf48                SystemLFXOClockGet
 .text.SystemLFXOClockSet
                0x0000cf54       0x3c ./platform/Device/SiliconLabs/BGM1/Source/system_bgm1.o
                0x0000cf54                SystemLFXOClockSet
 .text.sleepCallbackWrapper
                0x0000cf90       0x14 ./platform/emdrv/sleep/src/sleep.o
 .text.SLEEP_Init
                0x0000cfa4       0x40 ./platform/emdrv/sleep/src/sleep.o
                0x0000cfa4                SLEEP_Init
 .text.SLEEP_SleepBlockBegin
                0x0000cfe4       0x18 ./platform/emdrv/sleep/src/sleep.o
                0x0000cfe4                SLEEP_SleepBlockBegin
 .text.updateInterrupts
                0x0000cffc       0xcc ./platform/emdrv/tempdrv/src/tempdrv.o
 .text.errataStateUpdate
                0x0000d0c8       0xc0 ./platform/emdrv/tempdrv/src/tempdrv.o
 .text.errataCallback
                0x0000d188        0x4 ./platform/emdrv/tempdrv/src/tempdrv.o
 .text.TEMPDRV_IRQHandler
                0x0000d18c       0x9c ./platform/emdrv/tempdrv/src/tempdrv.o
                0x0000d18c                TEMPDRV_IRQHandler
 .text.EMU_IRQHandler
                0x0000d228        0x4 ./platform/emdrv/tempdrv/src/tempdrv.o
                0x0000d228                EMU_IRQHandler
 .text.TEMPDRV_Init
                0x0000d22c      0x120 ./platform/emdrv/tempdrv/src/tempdrv.o
                0x0000d22c                TEMPDRV_Init
 .text.flashWaitStateMax
                0x0000d34c       0x48 ./platform/emlib/src/em_cmu.o
 .text.CMU_OscillatorTuningSet.part.3
                0x0000d394       0x3c ./platform/emlib/src/em_cmu.o
 .text.CMU_ClockEnable
                0x0000d3d0       0x94 ./platform/emlib/src/em_cmu.o
                0x0000d3d0                CMU_ClockEnable
 .text.CMU_ClockSelectGet
                0x0000d464       0xc4 ./platform/emlib/src/em_cmu.o
                0x0000d464                CMU_ClockSelectGet
 .text.lfClkGet
                0x0000d528       0x94 ./platform/emlib/src/em_cmu.o
 .text.CMU_ClockFreqGet
                0x0000d5bc      0x160 ./platform/emlib/src/em_cmu.o
                0x0000d5bc                CMU_ClockFreqGet
 .text.CMU_HFXOInit
                0x0000d71c       0x90 ./platform/emlib/src/em_cmu.o
                0x0000d71c                CMU_HFXOInit
 .text.CMU_LFXOInit
                0x0000d7ac       0x50 ./platform/emlib/src/em_cmu.o
                0x0000d7ac                CMU_LFXOInit
 .text.CMU_OscillatorTuningWait
                0x0000d7fc       0x48 ./platform/emlib/src/em_cmu.o
                0x0000d7fc                CMU_OscillatorTuningWait
 .text.CMU_OscillatorEnable
                0x0000d844      0x108 ./platform/emlib/src/em_cmu.o
                0x0000d844                CMU_OscillatorEnable
 .text.CMU_ClockSelectSet
                0x0000d94c      0x240 ./platform/emlib/src/em_cmu.o
                0x0000d94c                CMU_ClockSelectSet
 .text.CMU_HFXOAutostartEnable
                0x0000db8c       0xc8 ./platform/emlib/src/em_cmu.o
                0x0000db8c                CMU_HFXOAutostartEnable
 .text.CORE_EnterCritical
                0x0000dc54        0x8 ./platform/emlib/src/em_core.o
                0x0000dc54                CORE_EnterCritical
 .text.CORE_ExitCritical
                0x0000dc5c        0x8 ./platform/emlib/src/em_core.o
                0x0000dc5c                CORE_ExitCritical
 .text.CORE_EnterAtomic
                0x0000dc64        0x8 ./platform/emlib/src/em_core.o
                0x0000dc64                CORE_EnterAtomic
 .text.CORE_ExitAtomic
                0x0000dc6c        0x4 ./platform/emlib/src/em_core.o
                0x0000dc6c                CORE_ExitAtomic
 .text.CORE_SetNvicRamTableHandler
                0x0000dc70       0x10 ./platform/emlib/src/em_core.o
                0x0000dc70                CORE_SetNvicRamTableHandler
 .text.CORE_InitNvicVectorTable
                0x0000dc80       0x44 ./platform/emlib/src/em_core.o
                0x0000dc80                CORE_InitNvicVectorTable
 .text.CRYPTO_ModulusSet
                0x0000dcc4       0x38 ./platform/emlib/src/em_crypto.o
                0x0000dcc4                CRYPTO_ModulusSet
 .text.CRYPTO_KeyRead
                0x0000dcfc       0x2c ./platform/emlib/src/em_crypto.o
                0x0000dcfc                CRYPTO_KeyRead
 .text.currentLimitersUpdate
                0x0000dd28       0x74 ./platform/emlib/src/em_emu.o
 .text.dcdcHsFixLnBlock.part.0
                0x0000dd9c       0x30 ./platform/emlib/src/em_emu.o
 .text.dcdcFetCntSet.part.1
                0x0000ddcc       0x20 ./platform/emlib/src/em_emu.o
 .text.emState.part.2
                0x0000ddec       0x24 ./platform/emlib/src/em_emu.o
 .text.emState.constprop.5
                0x0000de10       0x50 ./platform/emlib/src/em_emu.o
 .text.EMU_EnterEM2
                0x0000de60       0x5c ./platform/emlib/src/em_emu.o
                0x0000de60                EMU_EnterEM2
 .text.EMU_DCDCModeSet
                0x0000debc       0x64 ./platform/emlib/src/em_emu.o
                0x0000debc                EMU_DCDCModeSet
 .text.EMU_DCDCOutputVoltageSet
                0x0000df20      0x1b8 ./platform/emlib/src/em_emu.o
                0x0000df20                EMU_DCDCOutputVoltageSet
 .text.EMU_DCDCOptimizeSlice
                0x0000e0d8       0x94 ./platform/emlib/src/em_emu.o
                0x0000e0d8                EMU_DCDCOptimizeSlice
 .text.EMU_DCDCInit
                0x0000e16c      0x1a8 ./platform/emlib/src/em_emu.o
                0x0000e16c                EMU_DCDCInit
 .text.EMU_DCDCLnRcoBandSet
                0x0000e314       0x24 ./platform/emlib/src/em_emu.o
                0x0000e314                EMU_DCDCLnRcoBandSet
 .text.EMU_SetBiasMode
                0x0000e338       0x7c ./platform/emlib/src/em_emu.o
                0x0000e338                EMU_SetBiasMode
 .text.GPIO_PinModeSet
                0x0000e3b4       0x94 ./platform/emlib/src/em_gpio.o
                0x0000e3b4                GPIO_PinModeSet
 .text.LETIMER_CompareSet
                0x0000e448       0x14 ./platform/emlib/src/em_letimer.o
                0x0000e448                LETIMER_CompareSet
 .text.LETIMER_Init
                0x0000e45c       0x68 ./platform/emlib/src/em_letimer.o
                0x0000e45c                LETIMER_Init
 .text.LETIMER_RepeatSet
                0x0000e4c4       0x14 ./platform/emlib/src/em_letimer.o
                0x0000e4c4                LETIMER_RepeatSet
 .text.MSC_Init
                0x0000e4d8       0x18 ./platform/emlib/src/em_msc.o
                0x0000e4d8                MSC_Init
 .text.MSC_Deinit
                0x0000e4f0       0x14 ./platform/emlib/src/em_msc.o
                0x0000e4f0                MSC_Deinit
 .text.RMU_ResetCauseClear
                0x0000e504        0xc ./platform/emlib/src/em_rmu.o
                0x0000e504                RMU_ResetCauseClear
 .text.RMU_ResetCauseGet
                0x0000e510       0x7c ./platform/emlib/src/em_rmu.o
                0x0000e510                RMU_ResetCauseGet
 .text.RTCC_ChannelInit
                0x0000e58c       0x38 ./platform/emlib/src/em_rtcc.o
                0x0000e58c                RTCC_ChannelInit
 .text.RTCC_Init
                0x0000e5c4       0x64 ./platform/emlib/src/em_rtcc.o
                0x0000e5c4                RTCC_Init
 .text.SYSTEM_ChipRevisionGet
                0x0000e628       0x34 ./platform/emlib/src/em_system.o
                0x0000e628                SYSTEM_ChipRevisionGet
 .text.USART_BaudrateAsyncSet
                0x0000e65c       0x68 ./platform/emlib/src/em_usart.o
                0x0000e65c                USART_BaudrateAsyncSet
 .text.USART_Enable
                0x0000e6c4       0x10 ./platform/emlib/src/em_usart.o
                0x0000e6c4                USART_Enable
 .text.USART_InitAsync
                0x0000e6d4       0xb4 ./platform/emlib/src/em_usart.o
                0x0000e6d4                USART_InitAsync
 .text.USART_InitSync
                0x0000e788       0xd4 ./platform/emlib/src/em_usart.o
                0x0000e788                USART_InitSync
 .text.USART_Rx
                0x0000e85c        0xc ./platform/emlib/src/em_usart.o
                0x0000e85c                USART_Rx
 .text.USART_SpiTransfer
                0x0000e868       0x14 ./platform/emlib/src/em_usart.o
                0x0000e868                USART_SpiTransfer
 .text.USART_Tx
                0x0000e87c        0xc ./platform/emlib/src/em_usart.o
                0x0000e87c                USART_Tx
 .text.adc_read_data
                0x0000e888       0x4c ./src/adc_functions.o
                0x0000e888                adc_read_data
 .text.adc_read_temperature
                0x0000e8d4       0x78 ./src/adc_functions.o
                0x0000e8d4                adc_read_temperature
 .text.adc_calibrate
                0x0000e94c       0x3c ./src/adc_functions.o
                0x0000e94c                adc_calibrate
 .text.adc_configure_channels
                0x0000e988       0xc4 ./src/adc_functions.o
                0x0000e988                adc_configure_channels
 .text.adc_verify_communication
                0x0000ea4c       0x5c ./src/adc_functions.o
                0x0000ea4c                adc_verify_communication
 .text.adc_calculate_float
                0x0000eaa8       0x3c ./src/adc_functions.o
                0x0000eaa8                adc_calculate_float
 *fill*         0x0000eae4        0x4 
 .text.adc_calculate_float_temp
                0x0000eae8       0x64 ./src/adc_functions.o
                0x0000eae8                adc_calculate_float_temp
 .text.LETIMER_setup
                0x0000eb4c       0x80 ./src/bluetooth_utilities.o
                0x0000eb4c                LETIMER_setup
 .text.usart_setup
                0x0000ebcc       0xc4 ./src/main.o
                0x0000ebcc                usart_setup
 .text.LETIMER0_IRQHandler
                0x0000ec90       0x48 ./src/main.o
                0x0000ec90                LETIMER0_IRQHandler
 .text.startup.main
                0x0000ecd8      0x18c ./src/main.o
                0x0000ecd8                main
 .text._close   0x0000ee64        0x4 ./src/retargetio.o
                0x0000ee64                _close
 .text._exit    0x0000ee68        0x4 ./src/retargetio.o
                0x0000ee68                _exit
 .text._fstat   0x0000ee6c        0xc ./src/retargetio.o
                0x0000ee6c                _fstat
 .text._isatty  0x0000ee78        0x4 ./src/retargetio.o
                0x0000ee78                _isatty
 .text._lseek   0x0000ee7c        0x4 ./src/retargetio.o
                0x0000ee7c                _lseek
 .text._read    0x0000ee80       0x2c ./src/retargetio.o
                0x0000ee80                _read
 .text._sbrk    0x0000eeac       0x1c ./src/retargetio.o
                0x0000eeac                _sbrk
 .text._write   0x0000eec8       0x1c ./src/retargetio.o
                0x0000eec8                _write
 .text.USART0_RX_IRQHandler
                0x0000eee4       0x54 ./src/retargetserial.o
                0x0000eee4                USART0_RX_IRQHandler
 .text.RETARGET_SerialInit
                0x0000ef38       0xc8 ./src/retargetserial.o
                0x0000ef38                RETARGET_SerialInit
 .text.RETARGET_ReadChar
                0x0000f000       0x68 ./src/retargetserial.o
                0x0000f000                RETARGET_ReadChar
 .text.RETARGET_WriteChar
                0x0000f068       0x48 ./src/retargetserial.o
                0x0000f068                RETARGET_WriteChar
 .text.spi_write_uint8
                0x0000f0b0       0x68 ./src/spi_functions.o
                0x0000f0b0                spi_write_uint8
 .text.spi_read_data_reg
                0x0000f118       0x84 ./src/spi_functions.o
                0x0000f118                spi_read_data_reg
 .text.convert_scan_respone_packet_type.isra.0
                0x0000f19c       0x44 C:\Users\Sam\SimplicityStudio\v4_workspace\SPI_dev\retry\protocol\bluetooth\lib\EFR32BG1B\GCC\libbluetooth.a(bgapi.c.obj)
 .text.bgapi_ubt_listener
                0x0000f1e0      0x3fc C:\Users\Sam\SimplicityStudio\v4_workspace\SPI_dev\retry\protocol\bluetooth\lib\EFR32BG1B\GCC\libbluetooth.a(bgapi.c.obj)
                0x0000f1e0                bgapi_ubt_listener
 .text.register_message_handler
                0x0000f5dc        0xc C:\Users\Sam\SimplicityStudio\v4_workspace\SPI_dev\retry\protocol\bluetooth\lib\EFR32BG1B\GCC\libbluetooth.a(bgapi.c.obj)
                0x0000f5dc                register_message_handler
 .text.bgapi_init
                0x0000f5e8       0x1c C:\Users\Sam\SimplicityStudio\v4_workspace\SPI_dev\retry\protocol\bluetooth\lib\EFR32BG1B\GCC\libbluetooth.a(bgapi.c.obj)
                0x0000f5e8                bgapi_init
 .text.bgapi_buffer_init
                0x0000f604       0x30 C:\Users\Sam\SimplicityStudio\v4_workspace\SPI_dev\retry\protocol\bluetooth\lib\EFR32BG1B\GCC\libbluetooth.a(bgapi.c.obj)
                0x0000f604                bgapi_buffer_init
 .text.bg_set_max_tx_power
                0x0000f634       0x68 C:\Users\Sam\SimplicityStudio\v4_workspace\SPI_dev\retry\protocol\bluetooth\lib\EFR32BG1B\GCC\libbluetooth.a(bgapi.c.obj)
                0x0000f634                bg_set_max_tx_power
 .text.lib_le_gap_handler_init
                0x0000f69c        0x2 C:\Users\Sam\SimplicityStudio\v4_workspace\SPI_dev\retry\protocol\bluetooth\lib\EFR32BG1B\GCC\libbluetooth.a(bgapi_gap.c.obj)
                0x0000f69c                lib_le_gap_handler_init
 *fill*         0x0000f69e        0x2 
 .text.bgapi_gatt_listener
                0x0000f6a0      0x28c C:\Users\Sam\SimplicityStudio\v4_workspace\SPI_dev\retry\protocol\bluetooth\lib\EFR32BG1B\GCC\libbluetooth.a(bgapi_gatt.c.obj)
                0x0000f6a0                bgapi_gatt_listener
 .text.lib_gatt_handler_init
                0x0000f92c        0x4 C:\Users\Sam\SimplicityStudio\v4_workspace\SPI_dev\retry\protocol\bluetooth\lib\EFR32BG1B\GCC\libbluetooth.a(bgapi_gatt_lib.c.obj)
                0x0000f92c                lib_gatt_handler_init
 .text.lib_gatt_server_handler_init
                0x0000f930        0x2 C:\Users\Sam\SimplicityStudio\v4_workspace\SPI_dev\retry\protocol\bluetooth\lib\EFR32BG1B\GCC\libbluetooth.a(bgapi_gatt_lib.c.obj)
                0x0000f930                lib_gatt_server_handler_init
 *fill*         0x0000f932        0x2 
 .text.bgapi_hardware_soft_timer_listener
                0x0000f934       0x68 C:\Users\Sam\SimplicityStudio\v4_workspace\SPI_dev\retry\protocol\bluetooth\lib\EFR32BG1B\GCC\libbluetooth.a(bgapi_hardware.c.obj)
                0x0000f934                bgapi_hardware_soft_timer_listener
 .text.lib_hardware_handler_init
                0x0000f99c       0x14 C:\Users\Sam\SimplicityStudio\v4_workspace\SPI_dev\retry\protocol\bluetooth\lib\EFR32BG1B\GCC\libbluetooth.a(bgapi_hardware.c.obj)
                0x0000f99c                lib_hardware_handler_init
 .text.lib_le_connection_handler_init
                0x0000f9b0        0x2 C:\Users\Sam\SimplicityStudio\v4_workspace\SPI_dev\retry\protocol\bluetooth\lib\EFR32BG1B\GCC\libbluetooth.a(bgapi_le_connection.c.obj)
                0x0000f9b0                lib_le_connection_handler_init
 *fill*         0x0000f9b2        0x2 
 .text.bgapi_system_listener
                0x0000f9b4       0x30 C:\Users\Sam\SimplicityStudio\v4_workspace\SPI_dev\retry\protocol\bluetooth\lib\EFR32BG1B\GCC\libbluetooth.a(bgapi_system.c.obj)
                0x0000f9b4                bgapi_system_listener
 .text.lib_system_handler_init
                0x0000f9e4       0x14 C:\Users\Sam\SimplicityStudio\v4_workspace\SPI_dev\retry\protocol\bluetooth\lib\EFR32BG1B\GCC\libbluetooth.a(bgapi_system.c.obj)
                0x0000f9e4                lib_system_handler_init
 .text.bgbuf_alloc_int
                0x0000f9f8       0x9c C:\Users\Sam\SimplicityStudio\v4_workspace\SPI_dev\retry\protocol\bluetooth\lib\EFR32BG1B\GCC\libbluetooth.a(bgbuf.c.obj)
 .text.bgbuf_init
                0x0000fa94       0x2c C:\Users\Sam\SimplicityStudio\v4_workspace\SPI_dev\retry\protocol\bluetooth\lib\EFR32BG1B\GCC\libbluetooth.a(bgbuf.c.obj)
                0x0000fa94                bgbuf_init
 .text.bgbuf_alloc
                0x0000fac0        0xc C:\Users\Sam\SimplicityStudio\v4_workspace\SPI_dev\retry\protocol\bluetooth\lib\EFR32BG1B\GCC\libbluetooth.a(bgbuf.c.obj)
                0x0000fac0                bgbuf_alloc
 .text.bgbuf_alloc_size
                0x0000facc       0x10 C:\Users\Sam\SimplicityStudio\v4_workspace\SPI_dev\retry\protocol\bluetooth\lib\EFR32BG1B\GCC\libbluetooth.a(bgbuf.c.obj)
                0x0000facc                bgbuf_alloc_size
 .text.bgbuf_free
                0x0000fadc       0x7c C:\Users\Sam\SimplicityStudio\v4_workspace\SPI_dev\retry\protocol\bluetooth\lib\EFR32BG1B\GCC\libbluetooth.a(bgbuf.c.obj)
                0x0000fadc                bgbuf_free
 .text.bgbuf_append
                0x0000fb58       0x16 C:\Users\Sam\SimplicityStudio\v4_workspace\SPI_dev\retry\protocol\bluetooth\lib\EFR32BG1B\GCC\libbluetooth.a(bgbuf.c.obj)
                0x0000fb58                bgbuf_append
 .text.bgbuf_append_data
                0x0000fb6e       0x24 C:\Users\Sam\SimplicityStudio\v4_workspace\SPI_dev\retry\protocol\bluetooth\lib\EFR32BG1B\GCC\libbluetooth.a(bgbuf.c.obj)
                0x0000fb6e                bgbuf_append_data
 .text.bgbuf_copy_to
                0x0000fb92       0x5e C:\Users\Sam\SimplicityStudio\v4_workspace\SPI_dev\retry\protocol\bluetooth\lib\EFR32BG1B\GCC\libbluetooth.a(bgbuf.c.obj)
                0x0000fb92                bgbuf_copy_to
 .text.bgbuf_chain_free
                0x0000fbf0       0x14 C:\Users\Sam\SimplicityStudio\v4_workspace\SPI_dev\retry\protocol\bluetooth\lib\EFR32BG1B\GCC\libbluetooth.a(bgbuf.c.obj)
                0x0000fbf0                bgbuf_chain_free
 .text.bgbuf_clone
                0x0000fc04       0x72 C:\Users\Sam\SimplicityStudio\v4_workspace\SPI_dev\retry\protocol\bluetooth\lib\EFR32BG1B\GCC\libbluetooth.a(bgbuf.c.obj)
                0x0000fc04                bgbuf_clone
 .text.bgbuf_chain_pop_packet
                0x0000fc76       0x26 C:\Users\Sam\SimplicityStudio\v4_workspace\SPI_dev\retry\protocol\bluetooth\lib\EFR32BG1B\GCC\libbluetooth.a(bgbuf.c.obj)
                0x0000fc76                bgbuf_chain_pop_packet
 .text.bgbuf_prepend_no_alloc
                0x0000fc9c       0x40 C:\Users\Sam\SimplicityStudio\v4_workspace\SPI_dev\retry\protocol\bluetooth\lib\EFR32BG1B\GCC\libbluetooth.a(bgbuf.c.obj)
                0x0000fc9c                bgbuf_prepend_no_alloc
 .text.bgbuf_prepend
                0x0000fcdc       0x24 C:\Users\Sam\SimplicityStudio\v4_workspace\SPI_dev\retry\protocol\bluetooth\lib\EFR32BG1B\GCC\libbluetooth.a(bgbuf.c.obj)
                0x0000fcdc                bgbuf_prepend
 .text.bgbuf_split
                0x0000fd00       0x50 C:\Users\Sam\SimplicityStudio\v4_workspace\SPI_dev\retry\protocol\bluetooth\lib\EFR32BG1B\GCC\libbluetooth.a(bgbuf.c.obj)
                0x0000fd00                bgbuf_split
 .text.bgbuf_chain_get
                0x0000fd50       0x46 C:\Users\Sam\SimplicityStudio\v4_workspace\SPI_dev\retry\protocol\bluetooth\lib\EFR32BG1B\GCC\libbluetooth.a(bgbuf.c.obj)
                0x0000fd50                bgbuf_chain_get
 .text.bgbuf_chain_get_head
                0x0000fd96       0x10 C:\Users\Sam\SimplicityStudio\v4_workspace\SPI_dev\retry\protocol\bluetooth\lib\EFR32BG1B\GCC\libbluetooth.a(bgbuf.c.obj)
                0x0000fd96                bgbuf_chain_get_head
 .text.bgbuf_chain_len
                0x0000fda6       0x14 C:\Users\Sam\SimplicityStudio\v4_workspace\SPI_dev\retry\protocol\bluetooth\lib\EFR32BG1B\GCC\libbluetooth.a(bgbuf.c.obj)
                0x0000fda6                bgbuf_chain_len
 .text.bgbuf_memcmp
                0x0000fdba       0x44 C:\Users\Sam\SimplicityStudio\v4_workspace\SPI_dev\retry\protocol\bluetooth\lib\EFR32BG1B\GCC\libbluetooth.a(bgbuf.c.obj)
                0x0000fdba                bgbuf_memcmp
 .text.bgbuf_cmp
                0x0000fdfe       0xac C:\Users\Sam\SimplicityStudio\v4_workspace\SPI_dev\retry\protocol\bluetooth\lib\EFR32BG1B\GCC\libbluetooth.a(bgbuf.c.obj)
                0x0000fdfe                bgbuf_cmp
 .text.bgbuf_chain_add
                0x0000feaa       0x14 C:\Users\Sam\SimplicityStudio\v4_workspace\SPI_dev\retry\protocol\bluetooth\lib\EFR32BG1B\GCC\libbluetooth.a(bgbuf.c.obj)
                0x0000feaa                bgbuf_chain_add
 .text.bgbuf_chain_append_data
                0x0000febe       0x64 C:\Users\Sam\SimplicityStudio\v4_workspace\SPI_dev\retry\protocol\bluetooth\lib\EFR32BG1B\GCC\libbluetooth.a(bgbuf.c.obj)
                0x0000febe                bgbuf_chain_append_data
 .text.bgbuf_alloc_copy_data
                0x0000ff22       0x2a C:\Users\Sam\SimplicityStudio\v4_workspace\SPI_dev\retry\protocol\bluetooth\lib\EFR32BG1B\GCC\libbluetooth.a(bgbuf.c.obj)
                0x0000ff22                bgbuf_alloc_copy_data
 .text.bgbuf_chain_drop
                0x0000ff4c       0x2c C:\Users\Sam\SimplicityStudio\v4_workspace\SPI_dev\retry\protocol\bluetooth\lib\EFR32BG1B\GCC\libbluetooth.a(bgbuf.c.obj)
                0x0000ff4c                bgbuf_chain_drop
 .text.bgbuf_chain_drop_end
                0x0000ff78       0x42 C:\Users\Sam\SimplicityStudio\v4_workspace\SPI_dev\retry\protocol\bluetooth\lib\EFR32BG1B\GCC\libbluetooth.a(bgbuf.c.obj)
                0x0000ff78                bgbuf_chain_drop_end
 .text.bgbuf_chain_defragment
                0x0000ffba       0x8c C:\Users\Sam\SimplicityStudio\v4_workspace\SPI_dev\retry\protocol\bluetooth\lib\EFR32BG1B\GCC\libbluetooth.a(bgbuf.c.obj)
                0x0000ffba                bgbuf_chain_defragment
 *fill*         0x00010046        0x2 
 .text.bgbuf_add_callback
                0x00010048       0x1c C:\Users\Sam\SimplicityStudio\v4_workspace\SPI_dev\retry\protocol\bluetooth\lib\EFR32BG1B\GCC\libbluetooth.a(bgbuf.c.obj)
                0x00010048                bgbuf_add_callback
 .text.gecko_init_alloc
                0x00010064       0x38 C:\Users\Sam\SimplicityStudio\v4_workspace\SPI_dev\retry\protocol\bluetooth\lib\EFR32BG1B\GCC\libbluetooth.a(bglib.c.obj)
                0x00010064                gecko_init_alloc
 .text.user_signal_message_handler
                0x0001009c       0x2c C:\Users\Sam\SimplicityStudio\v4_workspace\SPI_dev\retry\protocol\bluetooth\lib\EFR32BG1B\GCC\libbluetooth.a(bglib.c.obj)
 .text.check_ctune_override
                0x000100c8       0x2c C:\Users\Sam\SimplicityStudio\v4_workspace\SPI_dev\retry\protocol\bluetooth\lib\EFR32BG1B\GCC\libbluetooth.a(bglib.c.obj)
                0x000100c8                check_ctune_override
 .text.gecko_stack_init
                0x000100f4      0x254 C:\Users\Sam\SimplicityStudio\v4_workspace\SPI_dev\retry\protocol\bluetooth\lib\EFR32BG1B\GCC\libbluetooth.a(bglib.c.obj)
                0x000100f4                gecko_stack_init
 .text.gecko_stack_update_callback
                0x00010348       0x10 C:\Users\Sam\SimplicityStudio\v4_workspace\SPI_dev\retry\protocol\bluetooth\lib\EFR32BG1B\GCC\libbluetooth.a(bglib.c.obj)
                0x00010348                gecko_stack_update_callback
 .text.bootloader_getInfo
                0x00010358       0x48 C:\Users\Sam\SimplicityStudio\v4_workspace\SPI_dev\retry\protocol\bluetooth\lib\EFR32BG1B\GCC\libbluetooth.a(btl_interface.c.obj)
                0x00010358                bootloader_getInfo
 .text.bg_hal_get_current_ctune
                0x000103a0       0x14 C:\Users\Sam\SimplicityStudio\v4_workspace\SPI_dev\retry\protocol\bluetooth\lib\EFR32BG1B\GCC\libbluetooth.a(efr32xg1x.c.obj)
                0x000103a0                bg_hal_get_current_ctune
 .text.bg_hal_set_ctune
                0x000103b4       0x64 C:\Users\Sam\SimplicityStudio\v4_workspace\SPI_dev\retry\protocol\bluetooth\lib\EFR32BG1B\GCC\libbluetooth.a(efr32xg1x.c.obj)
                0x000103b4                bg_hal_set_ctune
 .text.bg_hal_get_le_phys
                0x00010418        0x4 C:\Users\Sam\SimplicityStudio\v4_workspace\SPI_dev\retry\protocol\bluetooth\lib\EFR32BG1B\GCC\libbluetooth.a(efr32xg1x.c.obj)
                0x00010418                bg_hal_get_le_phys
 .text.bg_hal_has_high_power_pa
                0x0001041c       0x10 C:\Users\Sam\SimplicityStudio\v4_workspace\SPI_dev\retry\protocol\bluetooth\lib\EFR32BG1B\GCC\libbluetooth.a(efr32xg1x.c.obj)
                0x0001041c                bg_hal_has_high_power_pa
 .text.bg_hal_init_hfbus_clocks
                0x0001042c       0x14 C:\Users\Sam\SimplicityStudio\v4_workspace\SPI_dev\retry\protocol\bluetooth\lib\EFR32BG1B\GCC\libbluetooth.a(efr32xg1x.c.obj)
                0x0001042c                bg_hal_init_hfbus_clocks
 .text.gap_is_scanning_or_advertising.part.0
                0x00010440       0x2c C:\Users\Sam\SimplicityStudio\v4_workspace\SPI_dev\retry\protocol\bluetooth\lib\EFR32BG1B\GCC\libbluetooth.a(gap.c.obj)
 .text.gap_is_resolvable
                0x0001046c       0x18 C:\Users\Sam\SimplicityStudio\v4_workspace\SPI_dev\retry\protocol\bluetooth\lib\EFR32BG1B\GCC\libbluetooth.a(gap.c.obj)
                0x0001046c                gap_is_resolvable
 .text.gap_init
                0x00010484       0x14 C:\Users\Sam\SimplicityStudio\v4_workspace\SPI_dev\retry\protocol\bluetooth\lib\EFR32BG1B\GCC\libbluetooth.a(gap.c.obj)
                0x00010484                gap_init
 .text.gap_reset_state
                0x00010498       0xac C:\Users\Sam\SimplicityStudio\v4_workspace\SPI_dev\retry\protocol\bluetooth\lib\EFR32BG1B\GCC\libbluetooth.a(gap.c.obj)
                0x00010498                gap_reset_state
 .text.gap_notify_connection_parameters
                0x00010544       0x60 C:\Users\Sam\SimplicityStudio\v4_workspace\SPI_dev\retry\protocol\bluetooth\lib\EFR32BG1B\GCC\libbluetooth.a(gap.c.obj)
                0x00010544                gap_notify_connection_parameters
 .text.gap_connection_complete.part.4
                0x000105a4       0xc8 C:\Users\Sam\SimplicityStudio\v4_workspace\SPI_dev\retry\protocol\bluetooth\lib\EFR32BG1B\GCC\libbluetooth.a(gap.c.obj)
 .text.gap_notify_phy_status
                0x0001066c       0x3c C:\Users\Sam\SimplicityStudio\v4_workspace\SPI_dev\retry\protocol\bluetooth\lib\EFR32BG1B\GCC\libbluetooth.a(gap.c.obj)
                0x0001066c                gap_notify_phy_status
 .text.gap_resolver_completed
                0x000106a8       0x90 C:\Users\Sam\SimplicityStudio\v4_workspace\SPI_dev\retry\protocol\bluetooth\lib\EFR32BG1B\GCC\libbluetooth.a(gap.c.obj)
                0x000106a8                gap_resolver_completed
 .text.check_private_address_and_timer
                0x00010738       0x64 C:\Users\Sam\SimplicityStudio\v4_workspace\SPI_dev\retry\protocol\bluetooth\lib\EFR32BG1B\GCC\libbluetooth.a(gap.c.obj)
                0x00010738                check_private_address_and_timer
 .text.gap_scan_update
                0x0001079c       0xb8 C:\Users\Sam\SimplicityStudio\v4_workspace\SPI_dev\retry\protocol\bluetooth\lib\EFR32BG1B\GCC\libbluetooth.a(gap.c.obj)
                0x0001079c                gap_scan_update
 .text.gap_listener
                0x00010854       0xa0 C:\Users\Sam\SimplicityStudio\v4_workspace\SPI_dev\retry\protocol\bluetooth\lib\EFR32BG1B\GCC\libbluetooth.a(gap.c.obj)
                0x00010854                gap_listener
 .text.gap_disconnect_acl
                0x000108f4       0x12 C:\Users\Sam\SimplicityStudio\v4_workspace\SPI_dev\retry\protocol\bluetooth\lib\EFR32BG1B\GCC\libbluetooth.a(gap.c.obj)
                0x000108f4                gap_disconnect_acl
 *fill*         0x00010906        0x2 
 .text.gap_connection_disconnected
                0x00010908       0x34 C:\Users\Sam\SimplicityStudio\v4_workspace\SPI_dev\retry\protocol\bluetooth\lib\EFR32BG1B\GCC\libbluetooth.a(gap.c.obj)
                0x00010908                gap_connection_disconnected
 .text.gap_connection_complete
                0x0001093c       0x5c C:\Users\Sam\SimplicityStudio\v4_workspace\SPI_dev\retry\protocol\bluetooth\lib\EFR32BG1B\GCC\libbluetooth.a(gap.c.obj)
                0x0001093c                gap_connection_complete
 .text.gap_encryption_changed
                0x00010998       0x50 C:\Users\Sam\SimplicityStudio\v4_workspace\SPI_dev\retry\protocol\bluetooth\lib\EFR32BG1B\GCC\libbluetooth.a(gap.c.obj)
                0x00010998                gap_encryption_changed
 .text.ubt_gap_set_static_address_identity
                0x000109e8       0x50 C:\Users\Sam\SimplicityStudio\v4_workspace\SPI_dev\retry\protocol\bluetooth\lib\EFR32BG1B\GCC\libbluetooth.a(gap.c.obj)
                0x000109e8                ubt_gap_set_static_address_identity
 .text.ubt_gap_get_identity_address
                0x00010a38       0x1c C:\Users\Sam\SimplicityStudio\v4_workspace\SPI_dev\retry\protocol\bluetooth\lib\EFR32BG1B\GCC\libbluetooth.a(gap.c.obj)
                0x00010a38                ubt_gap_get_identity_address
 .text.gap_acl_new
                0x00010a54       0x30 C:\Users\Sam\SimplicityStudio\v4_workspace\SPI_dev\retry\protocol\bluetooth\lib\EFR32BG1B\GCC\libbluetooth.a(gap.c.obj)
                0x00010a54                gap_acl_new
 .text.ubt_gap_get_identity_address_type
                0x00010a84       0x10 C:\Users\Sam\SimplicityStudio\v4_workspace\SPI_dev\retry\protocol\bluetooth\lib\EFR32BG1B\GCC\libbluetooth.a(gap.c.obj)
                0x00010a84                ubt_gap_get_identity_address_type
 .text.use_legacy_advertising
                0x00010a94       0x36 C:\Users\Sam\SimplicityStudio\v4_workspace\SPI_dev\retry\protocol\bluetooth\lib\EFR32BG1B\GCC\libbluetooth.a(gap_adv.c.obj)
 *fill*         0x00010aca        0x2 
 .text.gap_alloc_mem
                0x00010acc       0x2c C:\Users\Sam\SimplicityStudio\v4_workspace\SPI_dev\retry\protocol\bluetooth\lib\EFR32BG1B\GCC\libbluetooth.a(gap_adv.c.obj)
                0x00010acc                gap_alloc_mem
 .text.gap_adv_terminated_callback
                0x00010af8       0x60 C:\Users\Sam\SimplicityStudio\v4_workspace\SPI_dev\retry\protocol\bluetooth\lib\EFR32BG1B\GCC\libbluetooth.a(gap_adv.c.obj)
                0x00010af8                gap_adv_terminated_callback
 .text.gap_set_advertising_timeout
                0x00010b58       0x7c C:\Users\Sam\SimplicityStudio\v4_workspace\SPI_dev\retry\protocol\bluetooth\lib\EFR32BG1B\GCC\libbluetooth.a(gap_adv.c.obj)
                0x00010b58                gap_set_advertising_timeout
 .text.gap_get_advertising_scan_report_enable
                0x00010bd4       0x24 C:\Users\Sam\SimplicityStudio\v4_workspace\SPI_dev\retry\protocol\bluetooth\lib\EFR32BG1B\GCC\libbluetooth.a(gap_adv.c.obj)
                0x00010bd4                gap_get_advertising_scan_report_enable
 .text.gap_adv_update
                0x00010bf8      0x1dc C:\Users\Sam\SimplicityStudio\v4_workspace\SPI_dev\retry\protocol\bluetooth\lib\EFR32BG1B\GCC\libbluetooth.a(gap_adv.c.obj)
                0x00010bf8                gap_adv_update
 .text.gap_address_resolver_step
                0x00010dd4       0x94 C:\Users\Sam\SimplicityStudio\v4_workspace\SPI_dev\retry\protocol\bluetooth\lib\EFR32BG1B\GCC\libbluetooth.a(gap_resolver.c.obj)
                0x00010dd4                gap_address_resolver_step
 .text.gap_resolver_start
                0x00010e68       0x40 C:\Users\Sam\SimplicityStudio\v4_workspace\SPI_dev\retry\protocol\bluetooth\lib\EFR32BG1B\GCC\libbluetooth.a(gap_resolver.c.obj)
                0x00010e68                gap_resolver_start
 .text.gap_status_set_scan_packet
                0x00010ea8       0x20 C:\Users\Sam\SimplicityStudio\v4_workspace\SPI_dev\retry\protocol\bluetooth\lib\EFR32BG1B\GCC\libbluetooth.a(gap_scan.c.obj)
                0x00010ea8                gap_status_set_scan_packet
 .text.gat_status_get_scan_packet
                0x00010ec8        0xc C:\Users\Sam\SimplicityStudio\v4_workspace\SPI_dev\retry\protocol\bluetooth\lib\EFR32BG1B\GCC\libbluetooth.a(gap_scan.c.obj)
                0x00010ec8                gat_status_get_scan_packet
 .text.gap_status_set_scan_response
                0x00010ed4       0x20 C:\Users\Sam\SimplicityStudio\v4_workspace\SPI_dev\retry\protocol\bluetooth\lib\EFR32BG1B\GCC\libbluetooth.a(gap_scan.c.obj)
                0x00010ed4                gap_status_set_scan_response
 .text.gat_status_get_scan_response
                0x00010ef4        0xc C:\Users\Sam\SimplicityStudio\v4_workspace\SPI_dev\retry\protocol\bluetooth\lib\EFR32BG1B\GCC\libbluetooth.a(gap_scan.c.obj)
                0x00010ef4                gat_status_get_scan_response
 .text.handle_scan_response_callback
                0x00010f00      0x190 C:\Users\Sam\SimplicityStudio\v4_workspace\SPI_dev\retry\protocol\bluetooth\lib\EFR32BG1B\GCC\libbluetooth.a(gap_scan.c.obj)
                0x00010f00                handle_scan_response_callback
 .text.gatt_init
                0x00011090        0xc C:\Users\Sam\SimplicityStudio\v4_workspace\SPI_dev\retry\protocol\bluetooth\lib\EFR32BG1B\GCC\libbluetooth.a(gatt.c.obj)
                0x00011090                gatt_init
 .text.gatt_init_connection
                0x0001109c       0x50 C:\Users\Sam\SimplicityStudio\v4_workspace\SPI_dev\retry\protocol\bluetooth\lib\EFR32BG1B\GCC\libbluetooth.a(gatt.c.obj)
                0x0001109c                gatt_init_connection
 .text.gatt_free_connection
                0x000110ec       0x50 C:\Users\Sam\SimplicityStudio\v4_workspace\SPI_dev\retry\protocol\bluetooth\lib\EFR32BG1B\GCC\libbluetooth.a(gatt.c.obj)
                0x000110ec                gatt_free_connection
 .text.send_gatt_mtu_exchanged_event
                0x0001113c       0x2a C:\Users\Sam\SimplicityStudio\v4_workspace\SPI_dev\retry\protocol\bluetooth\lib\EFR32BG1B\GCC\libbluetooth.a(gatt.c.obj)
                0x0001113c                send_gatt_mtu_exchanged_event
 .text.gatt_start_procedure_timeout_timer
                0x00011166       0x16 C:\Users\Sam\SimplicityStudio\v4_workspace\SPI_dev\retry\protocol\bluetooth\lib\EFR32BG1B\GCC\libbluetooth.a(gatt.c.obj)
                0x00011166                gatt_start_procedure_timeout_timer
 .text.gatt_stop_procedure_timeout_timer
                0x0001117c        0x6 C:\Users\Sam\SimplicityStudio\v4_workspace\SPI_dev\retry\protocol\bluetooth\lib\EFR32BG1B\GCC\libbluetooth.a(gatt.c.obj)
                0x0001117c                gatt_stop_procedure_timeout_timer
 .text.gatt_start_procedure
                0x00011182       0x24 C:\Users\Sam\SimplicityStudio\v4_workspace\SPI_dev\retry\protocol\bluetooth\lib\EFR32BG1B\GCC\libbluetooth.a(gatt.c.obj)
                0x00011182                gatt_start_procedure
 .text.gatt_procedure_timeout
                0x000111a6       0x2e C:\Users\Sam\SimplicityStudio\v4_workspace\SPI_dev\retry\protocol\bluetooth\lib\EFR32BG1B\GCC\libbluetooth.a(gatt.c.obj)
                0x000111a6                gatt_procedure_timeout
 .text.gatt_listener
                0x000111d4       0x80 C:\Users\Sam\SimplicityStudio\v4_workspace\SPI_dev\retry\protocol\bluetooth\lib\EFR32BG1B\GCC\libbluetooth.a(gatt.c.obj)
 .text.gatt_get_next_connection
                0x00011254       0x1a C:\Users\Sam\SimplicityStudio\v4_workspace\SPI_dev\retry\protocol\bluetooth\lib\EFR32BG1B\GCC\libbluetooth.a(gatt.c.obj)
                0x00011254                gatt_get_next_connection
 .text.free_params_data
                0x0001126e       0x16 C:\Users\Sam\SimplicityStudio\v4_workspace\SPI_dev\retry\protocol\bluetooth\lib\EFR32BG1B\GCC\libbluetooth.a(gatt_client.c.obj)
 .text.alloc_params_data
                0x00011284       0x2c C:\Users\Sam\SimplicityStudio\v4_workspace\SPI_dev\retry\protocol\bluetooth\lib\EFR32BG1B\GCC\libbluetooth.a(gatt_client.c.obj)
 .text.should_start_long_read
                0x000112b0       0x36 C:\Users\Sam\SimplicityStudio\v4_workspace\SPI_dev\retry\protocol\bluetooth\lib\EFR32BG1B\GCC\libbluetooth.a(gatt_client.c.obj)
 .text.send_service_event
                0x000112e6       0x4a C:\Users\Sam\SimplicityStudio\v4_workspace\SPI_dev\retry\protocol\bluetooth\lib\EFR32BG1B\GCC\libbluetooth.a(gatt_client.c.obj)
 .text.send_descriptor_value_event
                0x00011330       0x3c C:\Users\Sam\SimplicityStudio\v4_workspace\SPI_dev\retry\protocol\bluetooth\lib\EFR32BG1B\GCC\libbluetooth.a(gatt_client.c.obj)
 .text.end_procedure
                0x0001136c       0x3c C:\Users\Sam\SimplicityStudio\v4_workspace\SPI_dev\retry\protocol\bluetooth\lib\EFR32BG1B\GCC\libbluetooth.a(gatt_client.c.obj)
 .text.abort_long_write
                0x000113a8       0x20 C:\Users\Sam\SimplicityStudio\v4_workspace\SPI_dev\retry\protocol\bluetooth\lib\EFR32BG1B\GCC\libbluetooth.a(gatt_client.c.obj)
 .text.send_characteristic_value_event
                0x000113c8       0x72 C:\Users\Sam\SimplicityStudio\v4_workspace\SPI_dev\retry\protocol\bluetooth\lib\EFR32BG1B\GCC\libbluetooth.a(gatt_client.c.obj)
 .text.write_value
                0x0001143a       0x4a C:\Users\Sam\SimplicityStudio\v4_workspace\SPI_dev\retry\protocol\bluetooth\lib\EFR32BG1B\GCC\libbluetooth.a(gatt_client.c.obj)
 .text.gatt_find_included_services_handler
                0x00011484       0xb0 C:\Users\Sam\SimplicityStudio\v4_workspace\SPI_dev\retry\protocol\bluetooth\lib\EFR32BG1B\GCC\libbluetooth.a(gatt_client.c.obj)
                0x00011484                gatt_find_included_services_handler
 .text.gatt_handle_exchange_mtu_rsp
                0x00011534       0x48 C:\Users\Sam\SimplicityStudio\v4_workspace\SPI_dev\retry\protocol\bluetooth\lib\EFR32BG1B\GCC\libbluetooth.a(gatt_client.c.obj)
                0x00011534                gatt_handle_exchange_mtu_rsp
 .text.gatt_handle_find_information_response
                0x0001157c      0x152 C:\Users\Sam\SimplicityStudio\v4_workspace\SPI_dev\retry\protocol\bluetooth\lib\EFR32BG1B\GCC\libbluetooth.a(gatt_client.c.obj)
                0x0001157c                gatt_handle_find_information_response
 .text.gatt_handle_find_by_type_value_response
                0x000116ce       0xa0 C:\Users\Sam\SimplicityStudio\v4_workspace\SPI_dev\retry\protocol\bluetooth\lib\EFR32BG1B\GCC\libbluetooth.a(gatt_client.c.obj)
                0x000116ce                gatt_handle_find_by_type_value_response
 *fill*         0x0001176e        0x2 
 .text.gatt_handle_read_response
                0x00011770       0xe4 C:\Users\Sam\SimplicityStudio\v4_workspace\SPI_dev\retry\protocol\bluetooth\lib\EFR32BG1B\GCC\libbluetooth.a(gatt_client.c.obj)
                0x00011770                gatt_handle_read_response
 .text.read_long_value_handler
                0x00011854       0x72 C:\Users\Sam\SimplicityStudio\v4_workspace\SPI_dev\retry\protocol\bluetooth\lib\EFR32BG1B\GCC\libbluetooth.a(gatt_client.c.obj)
 .text.gatt_handle_read_blob_response
                0x000118c6       0x36 C:\Users\Sam\SimplicityStudio\v4_workspace\SPI_dev\retry\protocol\bluetooth\lib\EFR32BG1B\GCC\libbluetooth.a(gatt_client.c.obj)
                0x000118c6                gatt_handle_read_blob_response
 .text.gatt_handle_read_multiple_response
                0x000118fc       0x3c C:\Users\Sam\SimplicityStudio\v4_workspace\SPI_dev\retry\protocol\bluetooth\lib\EFR32BG1B\GCC\libbluetooth.a(gatt_client.c.obj)
                0x000118fc                gatt_handle_read_multiple_response
 .text.gatt_handle_read_by_type_response
                0x00011938      0x148 C:\Users\Sam\SimplicityStudio\v4_workspace\SPI_dev\retry\protocol\bluetooth\lib\EFR32BG1B\GCC\libbluetooth.a(gatt_client.c.obj)
                0x00011938                gatt_handle_read_by_type_response
 .text.gatt_handle_read_by_group_type_response
                0x00011a80       0xaa C:\Users\Sam\SimplicityStudio\v4_workspace\SPI_dev\retry\protocol\bluetooth\lib\EFR32BG1B\GCC\libbluetooth.a(gatt_client.c.obj)
                0x00011a80                gatt_handle_read_by_group_type_response
 .text.gatt_handle_write_response
                0x00011b2a       0x14 C:\Users\Sam\SimplicityStudio\v4_workspace\SPI_dev\retry\protocol\bluetooth\lib\EFR32BG1B\GCC\libbluetooth.a(gatt_client.c.obj)
                0x00011b2a                gatt_handle_write_response
 .text.gatt_handle_prepare_write_response
                0x00011b3e       0xb6 C:\Users\Sam\SimplicityStudio\v4_workspace\SPI_dev\retry\protocol\bluetooth\lib\EFR32BG1B\GCC\libbluetooth.a(gatt_client.c.obj)
                0x00011b3e                gatt_handle_prepare_write_response
 .text.gatt_handle_execute_write_response
                0x00011bf4       0x3c C:\Users\Sam\SimplicityStudio\v4_workspace\SPI_dev\retry\protocol\bluetooth\lib\EFR32BG1B\GCC\libbluetooth.a(gatt_client.c.obj)
                0x00011bf4                gatt_handle_execute_write_response
 .text.gatt_client_handle_value_notification
                0x00011c30       0x12 C:\Users\Sam\SimplicityStudio\v4_workspace\SPI_dev\retry\protocol\bluetooth\lib\EFR32BG1B\GCC\libbluetooth.a(gatt_client.c.obj)
                0x00011c30                gatt_client_handle_value_notification
 .text.gatt_client_handle_value_indication
                0x00011c42       0x14 C:\Users\Sam\SimplicityStudio\v4_workspace\SPI_dev\retry\protocol\bluetooth\lib\EFR32BG1B\GCC\libbluetooth.a(gatt_client.c.obj)
                0x00011c42                gatt_client_handle_value_indication
 *fill*         0x00011c56        0x2 
 .text.gatt_client_init
                0x00011c58        0xc C:\Users\Sam\SimplicityStudio\v4_workspace\SPI_dev\retry\protocol\bluetooth\lib\EFR32BG1B\GCC\libbluetooth.a(gatt_client.c.obj)
                0x00011c58                gatt_client_init
 .text.get_att_uuid16
                0x00011c64       0x24 C:\Users\Sam\SimplicityStudio\v4_workspace\SPI_dev\retry\protocol\bluetooth\lib\EFR32BG1B\GCC\libbluetooth.a(gatt_db_minimal.c.obj)
 .text.get_client_conf
                0x00011c88       0x24 C:\Users\Sam\SimplicityStudio\v4_workspace\SPI_dev\retry\protocol\bluetooth\lib\EFR32BG1B\GCC\libbluetooth.a(gatt_db_minimal.c.obj)
 .text.gatt_db_set_db
                0x00011cac       0x14 C:\Users\Sam\SimplicityStudio\v4_workspace\SPI_dev\retry\protocol\bluetooth\lib\EFR32BG1B\GCC\libbluetooth.a(gatt_db_minimal.c.obj)
                0x00011cac                gatt_db_set_db
 .text.gatt_db_invalidate_hash
                0x00011cc0       0x10 C:\Users\Sam\SimplicityStudio\v4_workspace\SPI_dev\retry\protocol\bluetooth\lib\EFR32BG1B\GCC\libbluetooth.a(gatt_db_minimal.c.obj)
                0x00011cc0                gatt_db_invalidate_hash
 .text.gatt_db_set_client_features
                0x00011cd0       0x1c C:\Users\Sam\SimplicityStudio\v4_workspace\SPI_dev\retry\protocol\bluetooth\lib\EFR32BG1B\GCC\libbluetooth.a(gatt_db_minimal.c.obj)
                0x00011cd0                gatt_db_set_client_features
 .text.gatt_db_handle_inrange
                0x00011cec       0x18 C:\Users\Sam\SimplicityStudio\v4_workspace\SPI_dev\retry\protocol\bluetooth\lib\EFR32BG1B\GCC\libbluetooth.a(gatt_db_minimal.c.obj)
                0x00011cec                gatt_db_handle_inrange
 .text.gatt_db_handle_active
                0x00011d04       0x30 C:\Users\Sam\SimplicityStudio\v4_workspace\SPI_dev\retry\protocol\bluetooth\lib\EFR32BG1B\GCC\libbluetooth.a(gatt_db_minimal.c.obj)
                0x00011d04                gatt_db_handle_active
 .text.get_client_conf_index
                0x00011d34       0x44 C:\Users\Sam\SimplicityStudio\v4_workspace\SPI_dev\retry\protocol\bluetooth\lib\EFR32BG1B\GCC\libbluetooth.a(gatt_db_minimal.c.obj)
 .text.gatt_db_get_char_properties
                0x00011d78       0x44 C:\Users\Sam\SimplicityStudio\v4_workspace\SPI_dev\retry\protocol\bluetooth\lib\EFR32BG1B\GCC\libbluetooth.a(gatt_db_minimal.c.obj)
                0x00011d78                gatt_db_get_char_properties
 .text.gatt_db_user_value
                0x00011dbc       0x1c C:\Users\Sam\SimplicityStudio\v4_workspace\SPI_dev\retry\protocol\bluetooth\lib\EFR32BG1B\GCC\libbluetooth.a(gatt_db_minimal.c.obj)
                0x00011dbc                gatt_db_user_value
 .text.gatt_db_load_client_conf
                0x00011dd8       0x32 C:\Users\Sam\SimplicityStudio\v4_workspace\SPI_dev\retry\protocol\bluetooth\lib\EFR32BG1B\GCC\libbluetooth.a(gatt_db_minimal.c.obj)
                0x00011dd8                gatt_db_load_client_conf
 *fill*         0x00011e0a        0x2 
 .text.gatt_db_get_client_conf
                0x00011e0c       0x68 C:\Users\Sam\SimplicityStudio\v4_workspace\SPI_dev\retry\protocol\bluetooth\lib\EFR32BG1B\GCC\libbluetooth.a(gatt_db_minimal.c.obj)
                0x00011e0c                gatt_db_get_client_conf
 .text.gatt_db_get_att_len
                0x00011e74       0x3c C:\Users\Sam\SimplicityStudio\v4_workspace\SPI_dev\retry\protocol\bluetooth\lib\EFR32BG1B\GCC\libbluetooth.a(gatt_db_minimal.c.obj)
                0x00011e74                gatt_db_get_att_len
 .text.gatt_db_check_permissions
                0x00011eb0      0x124 C:\Users\Sam\SimplicityStudio\v4_workspace\SPI_dev\retry\protocol\bluetooth\lib\EFR32BG1B\GCC\libbluetooth.a(gatt_db_minimal.c.obj)
                0x00011eb0                gatt_db_check_permissions
 .text.gatt_db_get_data
                0x00011fd4       0xa0 C:\Users\Sam\SimplicityStudio\v4_workspace\SPI_dev\retry\protocol\bluetooth\lib\EFR32BG1B\GCC\libbluetooth.a(gatt_db_minimal.c.obj)
                0x00011fd4                gatt_db_get_data
 .text.gatt_db_set_hash
                0x00012074      0x104 C:\Users\Sam\SimplicityStudio\v4_workspace\SPI_dev\retry\protocol\bluetooth\lib\EFR32BG1B\GCC\libbluetooth.a(gatt_db_minimal.c.obj)
                0x00012074                gatt_db_set_hash
 .text.gatt_db_find_attribute_by_type
                0x00012178       0x38 C:\Users\Sam\SimplicityStudio\v4_workspace\SPI_dev\retry\protocol\bluetooth\lib\EFR32BG1B\GCC\libbluetooth.a(gatt_db_minimal.c.obj)
                0x00012178                gatt_db_find_attribute_by_type
 .text.gatt_db_find_group_end
                0x000121b0       0x48 C:\Users\Sam\SimplicityStudio\v4_workspace\SPI_dev\retry\protocol\bluetooth\lib\EFR32BG1B\GCC\libbluetooth.a(gatt_db_minimal.c.obj)
                0x000121b0                gatt_db_find_group_end
 .text.gatt_db_find_by_type_value
                0x000121f8       0x90 C:\Users\Sam\SimplicityStudio\v4_workspace\SPI_dev\retry\protocol\bluetooth\lib\EFR32BG1B\GCC\libbluetooth.a(gatt_db_minimal.c.obj)
                0x000121f8                gatt_db_find_by_type_value
 .text.gatt_db_get_attribute_type
                0x00012288       0x34 C:\Users\Sam\SimplicityStudio\v4_workspace\SPI_dev\retry\protocol\bluetooth\lib\EFR32BG1B\GCC\libbluetooth.a(gatt_db_minimal.c.obj)
                0x00012288                gatt_db_get_attribute_type
 .text.gatt_db_get_16bit_char_handle
                0x000122bc       0x26 C:\Users\Sam\SimplicityStudio\v4_workspace\SPI_dev\retry\protocol\bluetooth\lib\EFR32BG1B\GCC\libbluetooth.a(gatt_db_minimal.c.obj)
                0x000122bc                gatt_db_get_16bit_char_handle
 .text.set_client_conf.part.2
                0x000122e2       0x7e C:\Users\Sam\SimplicityStudio\v4_workspace\SPI_dev\retry\protocol\bluetooth\lib\EFR32BG1B\GCC\libbluetooth.a(gatt_db_minimal.c.obj)
 .text.gatt_db_set_data
                0x00012360      0x160 C:\Users\Sam\SimplicityStudio\v4_workspace\SPI_dev\retry\protocol\bluetooth\lib\EFR32BG1B\GCC\libbluetooth.a(gatt_db_minimal.c.obj)
                0x00012360                gatt_db_set_data
 .text.gatt_db_reset_client_conf
                0x000124c0       0x50 C:\Users\Sam\SimplicityStudio\v4_workspace\SPI_dev\retry\protocol\bluetooth\lib\EFR32BG1B\GCC\libbluetooth.a(gatt_db_minimal.c.obj)
                0x000124c0                gatt_db_reset_client_conf
 .text.send_user_read_request_event
                0x00012510       0x32 C:\Users\Sam\SimplicityStudio\v4_workspace\SPI_dev\retry\protocol\bluetooth\lib\EFR32BG1B\GCC\libbluetooth.a(gatt_server.c.obj)
 .text.send_user_write_request_event
                0x00012542       0x3a C:\Users\Sam\SimplicityStudio\v4_workspace\SPI_dev\retry\protocol\bluetooth\lib\EFR32BG1B\GCC\libbluetooth.a(gatt_server.c.obj)
 .text.send_execute_write_completed_event
                0x0001257c       0x2a C:\Users\Sam\SimplicityStudio\v4_workspace\SPI_dev\retry\protocol\bluetooth\lib\EFR32BG1B\GCC\libbluetooth.a(gatt_server.c.obj)
 .text.finish_read_req
                0x000125a6       0x96 C:\Users\Sam\SimplicityStudio\v4_workspace\SPI_dev\retry\protocol\bluetooth\lib\EFR32BG1B\GCC\libbluetooth.a(gatt_server.c.obj)
 .text.handle_read_req
                0x0001263c       0xa4 C:\Users\Sam\SimplicityStudio\v4_workspace\SPI_dev\retry\protocol\bluetooth\lib\EFR32BG1B\GCC\libbluetooth.a(gatt_server.c.obj)
 .text.finish_execute_write_req
                0x000126e0       0xa8 C:\Users\Sam\SimplicityStudio\v4_workspace\SPI_dev\retry\protocol\bluetooth\lib\EFR32BG1B\GCC\libbluetooth.a(gatt_server.c.obj)
 .text.send_notification
                0x00012788       0x7e C:\Users\Sam\SimplicityStudio\v4_workspace\SPI_dev\retry\protocol\bluetooth\lib\EFR32BG1B\GCC\libbluetooth.a(gatt_server.c.obj)
 .text.gatt_server_send_attribute_value_event
                0x00012806       0x3a C:\Users\Sam\SimplicityStudio\v4_workspace\SPI_dev\retry\protocol\bluetooth\lib\EFR32BG1B\GCC\libbluetooth.a(gatt_server.c.obj)
                0x00012806                gatt_server_send_attribute_value_event
 .text.gatt_server_send_characteristic_status_event
                0x00012840       0x32 C:\Users\Sam\SimplicityStudio\v4_workspace\SPI_dev\retry\protocol\bluetooth\lib\EFR32BG1B\GCC\libbluetooth.a(gatt_server.c.obj)
                0x00012840                gatt_server_send_characteristic_status_event
 *fill*         0x00012872        0x2 
 .text.gatt_server_handle_exchange_mtu_req
                0x00012874       0x3c C:\Users\Sam\SimplicityStudio\v4_workspace\SPI_dev\retry\protocol\bluetooth\lib\EFR32BG1B\GCC\libbluetooth.a(gatt_server.c.obj)
                0x00012874                gatt_server_handle_exchange_mtu_req
 .text.gatt_server_handle_read_by_group_type
                0x000128b0      0x120 C:\Users\Sam\SimplicityStudio\v4_workspace\SPI_dev\retry\protocol\bluetooth\lib\EFR32BG1B\GCC\libbluetooth.a(gatt_server.c.obj)
                0x000128b0                gatt_server_handle_read_by_group_type
 .text.gatt_server_handle_read_by_type
                0x000129d0      0x184 C:\Users\Sam\SimplicityStudio\v4_workspace\SPI_dev\retry\protocol\bluetooth\lib\EFR32BG1B\GCC\libbluetooth.a(gatt_server.c.obj)
                0x000129d0                gatt_server_handle_read_by_type
 .text.gatt_server_handle_find_information
                0x00012b54       0xe2 C:\Users\Sam\SimplicityStudio\v4_workspace\SPI_dev\retry\protocol\bluetooth\lib\EFR32BG1B\GCC\libbluetooth.a(gatt_server.c.obj)
                0x00012b54                gatt_server_handle_find_information
 .text.gatt_server_handle_find_by_type_value_req
                0x00012c36       0xc8 C:\Users\Sam\SimplicityStudio\v4_workspace\SPI_dev\retry\protocol\bluetooth\lib\EFR32BG1B\GCC\libbluetooth.a(gatt_server.c.obj)
                0x00012c36                gatt_server_handle_find_by_type_value_req
 .text.gatt_server_handle_read_req
                0x00012cfe        0xc C:\Users\Sam\SimplicityStudio\v4_workspace\SPI_dev\retry\protocol\bluetooth\lib\EFR32BG1B\GCC\libbluetooth.a(gatt_server.c.obj)
                0x00012cfe                gatt_server_handle_read_req
 .text.gatt_server_handle_read_blob_req
                0x00012d0a        0xa C:\Users\Sam\SimplicityStudio\v4_workspace\SPI_dev\retry\protocol\bluetooth\lib\EFR32BG1B\GCC\libbluetooth.a(gatt_server.c.obj)
                0x00012d0a                gatt_server_handle_read_blob_req
 .text.gatt_server_handle_read_multiple_req
                0x00012d14       0xee C:\Users\Sam\SimplicityStudio\v4_workspace\SPI_dev\retry\protocol\bluetooth\lib\EFR32BG1B\GCC\libbluetooth.a(gatt_server.c.obj)
                0x00012d14                gatt_server_handle_read_multiple_req
 .text.gatt_server_handle_write_req
                0x00012e02       0x96 C:\Users\Sam\SimplicityStudio\v4_workspace\SPI_dev\retry\protocol\bluetooth\lib\EFR32BG1B\GCC\libbluetooth.a(gatt_server.c.obj)
                0x00012e02                gatt_server_handle_write_req
 .text.gatt_server_handle_write_cmd
                0x00012e98       0x84 C:\Users\Sam\SimplicityStudio\v4_workspace\SPI_dev\retry\protocol\bluetooth\lib\EFR32BG1B\GCC\libbluetooth.a(gatt_server.c.obj)
                0x00012e98                gatt_server_handle_write_cmd
 .text.gatt_server_handle_prepare_write_req
                0x00012f1c       0xa4 C:\Users\Sam\SimplicityStudio\v4_workspace\SPI_dev\retry\protocol\bluetooth\lib\EFR32BG1B\GCC\libbluetooth.a(gatt_server.c.obj)
                0x00012f1c                gatt_server_handle_prepare_write_req
 .text.gatt_server_handle_execute_write_req
                0x00012fc0       0x28 C:\Users\Sam\SimplicityStudio\v4_workspace\SPI_dev\retry\protocol\bluetooth\lib\EFR32BG1B\GCC\libbluetooth.a(gatt_server.c.obj)
                0x00012fc0                gatt_server_handle_execute_write_req
 .text.gatt_server_handle_value_cfm
                0x00012fe8       0x48 C:\Users\Sam\SimplicityStudio\v4_workspace\SPI_dev\retry\protocol\bluetooth\lib\EFR32BG1B\GCC\libbluetooth.a(gatt_server.c.obj)
                0x00012fe8                gatt_server_handle_value_cfm
 .text.gatt_server_report_gattdb_change
                0x00013030       0x5c C:\Users\Sam\SimplicityStudio\v4_workspace\SPI_dev\retry\protocol\bluetooth\lib\EFR32BG1B\GCC\libbluetooth.a(gatt_server.c.obj)
                0x00013030                gatt_server_report_gattdb_change
 .text.gatt_server_report_client_config
                0x0001308c       0xa8 C:\Users\Sam\SimplicityStudio\v4_workspace\SPI_dev\retry\protocol\bluetooth\lib\EFR32BG1B\GCC\libbluetooth.a(gatt_server.c.obj)
                0x0001308c                gatt_server_report_client_config
 .text.handle_database_changed.part.3
                0x00013134       0x70 C:\Users\Sam\SimplicityStudio\v4_workspace\SPI_dev\retry\protocol\bluetooth\lib\EFR32BG1B\GCC\libbluetooth.a(gatt_server.c.obj)
 .text.gatt_server_handle_att
                0x000131a4      0x262 C:\Users\Sam\SimplicityStudio\v4_workspace\SPI_dev\retry\protocol\bluetooth\lib\EFR32BG1B\GCC\libbluetooth.a(gatt_server.c.obj)
                0x000131a4                gatt_server_handle_att
 .text.gatt_set_gattdb
                0x00013406       0x34 C:\Users\Sam\SimplicityStudio\v4_workspace\SPI_dev\retry\protocol\bluetooth\lib\EFR32BG1B\GCC\libbluetooth.a(gatt_server.c.obj)
                0x00013406                gatt_set_gattdb
 .text.gatt_server_enter_att_handling
                0x0001343a        0xa C:\Users\Sam\SimplicityStudio\v4_workspace\SPI_dev\retry\protocol\bluetooth\lib\EFR32BG1B\GCC\libbluetooth.a(gatt_server.c.obj)
                0x0001343a                gatt_server_enter_att_handling
 .text.gatt_server_leave_att_handling
                0x00013444        0xa C:\Users\Sam\SimplicityStudio\v4_workspace\SPI_dev\retry\protocol\bluetooth\lib\EFR32BG1B\GCC\libbluetooth.a(gatt_server.c.obj)
                0x00013444                gatt_server_leave_att_handling
 .text.gatt_server_att_handling
                0x0001344e        0x8 C:\Users\Sam\SimplicityStudio\v4_workspace\SPI_dev\retry\protocol\bluetooth\lib\EFR32BG1B\GCC\libbluetooth.a(gatt_server.c.obj)
                0x0001344e                gatt_server_att_handling
 .text.gecko_bgapi_class_dfu_init
                0x00013456       0x12 C:\Users\Sam\SimplicityStudio\v4_workspace\SPI_dev\retry\protocol\bluetooth\lib\EFR32BG1B\GCC\libbluetooth.a(gecko_bgapi_dfu.c.obj)
                0x00013456                gecko_bgapi_class_dfu_init
 .text.gecko_bgapi_class_endpoint_init
                0x00013468       0x12 C:\Users\Sam\SimplicityStudio\v4_workspace\SPI_dev\retry\protocol\bluetooth\lib\EFR32BG1B\GCC\libbluetooth.a(gecko_bgapi_endpoint.c.obj)
                0x00013468                gecko_bgapi_class_endpoint_init
 .text.gecko_bgapi_class_flash_init
                0x0001347a       0x12 C:\Users\Sam\SimplicityStudio\v4_workspace\SPI_dev\retry\protocol\bluetooth\lib\EFR32BG1B\GCC\libbluetooth.a(gecko_bgapi_flash.c.obj)
                0x0001347a                gecko_bgapi_class_flash_init
 .text.gecko_bgapi_class_le_gap_init
                0x0001348c       0x12 C:\Users\Sam\SimplicityStudio\v4_workspace\SPI_dev\retry\protocol\bluetooth\lib\EFR32BG1B\GCC\libbluetooth.a(gecko_bgapi_gap.c.obj)
                0x0001348c                gecko_bgapi_class_le_gap_init
 .text.gecko_bgapi_class_gatt_init
                0x0001349e       0x12 C:\Users\Sam\SimplicityStudio\v4_workspace\SPI_dev\retry\protocol\bluetooth\lib\EFR32BG1B\GCC\libbluetooth.a(gecko_bgapi_gatt.c.obj)
                0x0001349e                gecko_bgapi_class_gatt_init
 .text.gecko_bgapi_class_gatt_server_init
                0x000134b0       0x12 C:\Users\Sam\SimplicityStudio\v4_workspace\SPI_dev\retry\protocol\bluetooth\lib\EFR32BG1B\GCC\libbluetooth.a(gecko_bgapi_gatt_server.c.obj)
                0x000134b0                gecko_bgapi_class_gatt_server_init
 .text.gecko_bgapi_class_hardware_init
                0x000134c2       0x12 C:\Users\Sam\SimplicityStudio\v4_workspace\SPI_dev\retry\protocol\bluetooth\lib\EFR32BG1B\GCC\libbluetooth.a(gecko_bgapi_hardware.c.obj)
                0x000134c2                gecko_bgapi_class_hardware_init
 .text.gecko_bgapi_class_le_connection_init
                0x000134d4       0x12 C:\Users\Sam\SimplicityStudio\v4_workspace\SPI_dev\retry\protocol\bluetooth\lib\EFR32BG1B\GCC\libbluetooth.a(gecko_bgapi_le_connection.c.obj)
                0x000134d4                gecko_bgapi_class_le_connection_init
 .text.gecko_bgapi_class_sm_init
                0x000134e6       0x12 C:\Users\Sam\SimplicityStudio\v4_workspace\SPI_dev\retry\protocol\bluetooth\lib\EFR32BG1B\GCC\libbluetooth.a(gecko_bgapi_sm.c.obj)
                0x000134e6                gecko_bgapi_class_sm_init
 .text.gecko_bgapi_class_system_init
                0x000134f8       0x12 C:\Users\Sam\SimplicityStudio\v4_workspace\SPI_dev\retry\protocol\bluetooth\lib\EFR32BG1B\GCC\libbluetooth.a(gecko_bgapi_system.c.obj)
                0x000134f8                gecko_bgapi_class_system_init
 .text.gecko_bgapi_class_test_init
                0x0001350a       0x12 C:\Users\Sam\SimplicityStudio\v4_workspace\SPI_dev\retry\protocol\bluetooth\lib\EFR32BG1B\GCC\libbluetooth.a(gecko_bgapi_test.c.obj)
                0x0001350a                gecko_bgapi_class_test_init
 .text.handle_bgapi_output
                0x0001351c       0x74 C:\Users\Sam\SimplicityStudio\v4_workspace\SPI_dev\retry\protocol\bluetooth\lib\EFR32BG1B\GCC\libbluetooth.a(gecko_endpoints.c.obj)
 .text.gecko_register_bgapi_library
                0x00013590       0x38 C:\Users\Sam\SimplicityStudio\v4_workspace\SPI_dev\retry\protocol\bluetooth\lib\EFR32BG1B\GCC\libbluetooth.a(gecko_endpoints.c.obj)
                0x00013590                gecko_register_bgapi_library
 .text.gecko_handle_library_packet
                0x000135c8       0x10 C:\Users\Sam\SimplicityStudio\v4_workspace\SPI_dev\retry\protocol\bluetooth\lib\EFR32BG1B\GCC\libbluetooth.a(gecko_endpoints.c.obj)
                0x000135c8                gecko_handle_library_packet
 .text.hci_increase_token
                0x000135d8       0x12 C:\Users\Sam\SimplicityStudio\v4_workspace\SPI_dev\retry\protocol\bluetooth\lib\EFR32BG1B\GCC\libbluetooth.a(hci.c.obj)
 *fill*         0x000135ea        0x2 
 .text.hci_init
                0x000135ec       0x1c C:\Users\Sam\SimplicityStudio\v4_workspace\SPI_dev\retry\protocol\bluetooth\lib\EFR32BG1B\GCC\libbluetooth.a(hci.c.obj)
                0x000135ec                hci_init
 .text.hci_command_status_handle
                0x00013608       0x40 C:\Users\Sam\SimplicityStudio\v4_workspace\SPI_dev\retry\protocol\bluetooth\lib\EFR32BG1B\GCC\libbluetooth.a(hci.c.obj)
                0x00013608                hci_command_status_handle
 .text.hci_command_complete_handle
                0x00013648      0x148 C:\Users\Sam\SimplicityStudio\v4_workspace\SPI_dev\retry\protocol\bluetooth\lib\EFR32BG1B\GCC\libbluetooth.a(hci.c.obj)
                0x00013648                hci_command_complete_handle
 .text.handle_extended_advertising_report
                0x00013790      0x100 C:\Users\Sam\SimplicityStudio\v4_workspace\SPI_dev\retry\protocol\bluetooth\lib\EFR32BG1B\GCC\libbluetooth.a(hci.c.obj)
                0x00013790                handle_extended_advertising_report
 .text.hci_inject_acl
                0x00013890        0xc C:\Users\Sam\SimplicityStudio\v4_workspace\SPI_dev\retry\protocol\bluetooth\lib\EFR32BG1B\GCC\libbluetooth.a(hci.c.obj)
                0x00013890                hci_inject_acl
 .text.hci_packets_waiting
                0x0001389c       0x18 C:\Users\Sam\SimplicityStudio\v4_workspace\SPI_dev\retry\protocol\bluetooth\lib\EFR32BG1B\GCC\libbluetooth.a(hci.c.obj)
                0x0001389c                hci_packets_waiting
 .text.hci_get_acl_packet
                0x000138b4       0x14 C:\Users\Sam\SimplicityStudio\v4_workspace\SPI_dev\retry\protocol\bluetooth\lib\EFR32BG1B\GCC\libbluetooth.a(hci.c.obj)
                0x000138b4                hci_get_acl_packet
 .text.hci_send_command
                0x000138c8       0x12 C:\Users\Sam\SimplicityStudio\v4_workspace\SPI_dev\retry\protocol\bluetooth\lib\EFR32BG1B\GCC\libbluetooth.a(hci.c.obj)
                0x000138c8                hci_send_command
 .text.hci_read_bdaddr
                0x000138da       0x1c C:\Users\Sam\SimplicityStudio\v4_workspace\SPI_dev\retry\protocol\bluetooth\lib\EFR32BG1B\GCC\libbluetooth.a(hci.c.obj)
                0x000138da                hci_read_bdaddr
 *fill*         0x000138f6        0x2 
 .text.hci_state_listener
                0x000138f8       0x14 C:\Users\Sam\SimplicityStudio\v4_workspace\SPI_dev\retry\protocol\bluetooth\lib\EFR32BG1B\GCC\libbluetooth.a(hci.c.obj)
                0x000138f8                hci_state_listener
 .text.hci_set_state
                0x0001390c       0x1c C:\Users\Sam\SimplicityStudio\v4_workspace\SPI_dev\retry\protocol\bluetooth\lib\EFR32BG1B\GCC\libbluetooth.a(hci.c.obj)
                0x0001390c                hci_set_state
 .text.hci_state_listener_init
                0x00013928       0x10 C:\Users\Sam\SimplicityStudio\v4_workspace\SPI_dev\retry\protocol\bluetooth\lib\EFR32BG1B\GCC\libbluetooth.a(hci.c.obj)
                0x00013928                hci_state_listener_init
 .text.hci_state_listener_init_default_data_length
                0x00013938       0x6c C:\Users\Sam\SimplicityStudio\v4_workspace\SPI_dev\retry\protocol\bluetooth\lib\EFR32BG1B\GCC\libbluetooth.a(hci.c.obj)
                0x00013938                hci_state_listener_init_default_data_length
 .text.hci_run  0x000139a4        0x6 C:\Users\Sam\SimplicityStudio\v4_workspace\SPI_dev\retry\protocol\bluetooth\lib\EFR32BG1B\GCC\libbluetooth.a(hci.c.obj)
                0x000139a4                hci_run
 .text.hci_start
                0x000139aa        0x6 C:\Users\Sam\SimplicityStudio\v4_workspace\SPI_dev\retry\protocol\bluetooth\lib\EFR32BG1B\GCC\libbluetooth.a(hci.c.obj)
                0x000139aa                hci_start
 .text.hci_cleanup_acl
                0x000139b0       0x28 C:\Users\Sam\SimplicityStudio\v4_workspace\SPI_dev\retry\protocol\bluetooth\lib\EFR32BG1B\GCC\libbluetooth.a(hci.c.obj)
                0x000139b0                hci_cleanup_acl
 .text.hci_send_acl
                0x000139d8       0xac C:\Users\Sam\SimplicityStudio\v4_workspace\SPI_dev\retry\protocol\bluetooth\lib\EFR32BG1B\GCC\libbluetooth.a(hci.c.obj)
                0x000139d8                hci_send_acl
 .text.hci_le_set_random_address
                0x00013a84       0x2c C:\Users\Sam\SimplicityStudio\v4_workspace\SPI_dev\retry\protocol\bluetooth\lib\EFR32BG1B\GCC\libbluetooth.a(hci.c.obj)
                0x00013a84                hci_le_set_random_address
 .text.hci_le_set_extended_advertising_parameters
                0x00013ab0       0x98 C:\Users\Sam\SimplicityStudio\v4_workspace\SPI_dev\retry\protocol\bluetooth\lib\EFR32BG1B\GCC\libbluetooth.a(hci.c.obj)
                0x00013ab0                hci_le_set_extended_advertising_parameters
 .text.hci_le_set_advertising_set_random_address
                0x00013b48       0x38 C:\Users\Sam\SimplicityStudio\v4_workspace\SPI_dev\retry\protocol\bluetooth\lib\EFR32BG1B\GCC\libbluetooth.a(hci.c.obj)
                0x00013b48                hci_le_set_advertising_set_random_address
 .text.hci_le_set_extended_advertising_data
                0x00013b80       0x34 C:\Users\Sam\SimplicityStudio\v4_workspace\SPI_dev\retry\protocol\bluetooth\lib\EFR32BG1B\GCC\libbluetooth.a(hci.c.obj)
                0x00013b80                hci_le_set_extended_advertising_data
 .text.hci_le_set_extended_scan_response_data
                0x00013bb4       0x34 C:\Users\Sam\SimplicityStudio\v4_workspace\SPI_dev\retry\protocol\bluetooth\lib\EFR32BG1B\GCC\libbluetooth.a(hci.c.obj)
                0x00013bb4                hci_le_set_extended_scan_response_data
 .text.hci_le_set_extended_advertising_enable
                0x00013be8       0x44 C:\Users\Sam\SimplicityStudio\v4_workspace\SPI_dev\retry\protocol\bluetooth\lib\EFR32BG1B\GCC\libbluetooth.a(hci.c.obj)
                0x00013be8                hci_le_set_extended_advertising_enable
 .text.hci_le_set_extended_scan_parameters
                0x00013c2c       0x4c C:\Users\Sam\SimplicityStudio\v4_workspace\SPI_dev\retry\protocol\bluetooth\lib\EFR32BG1B\GCC\libbluetooth.a(hci.c.obj)
                0x00013c2c                hci_le_set_extended_scan_parameters
 .text.hci_le_set_ext_scan_enable
                0x00013c78       0x34 C:\Users\Sam\SimplicityStudio\v4_workspace\SPI_dev\retry\protocol\bluetooth\lib\EFR32BG1B\GCC\libbluetooth.a(hci.c.obj)
                0x00013c78                hci_le_set_ext_scan_enable
 .text.hci_le_create_connection_cancel
                0x00013cac       0x14 C:\Users\Sam\SimplicityStudio\v4_workspace\SPI_dev\retry\protocol\bluetooth\lib\EFR32BG1B\GCC\libbluetooth.a(hci.c.obj)
                0x00013cac                hci_le_create_connection_cancel
 .text.hci_close_acl
                0x00013cc0       0x42 C:\Users\Sam\SimplicityStudio\v4_workspace\SPI_dev\retry\protocol\bluetooth\lib\EFR32BG1B\GCC\libbluetooth.a(hci.c.obj)
                0x00013cc0                hci_close_acl
 *fill*         0x00013d02        0x2 
 .text.hci_le_connection_update
                0x00013d04       0x58 C:\Users\Sam\SimplicityStudio\v4_workspace\SPI_dev\retry\protocol\bluetooth\lib\EFR32BG1B\GCC\libbluetooth.a(hci.c.obj)
                0x00013d04                hci_le_connection_update
 .text.hci_le_start_encryption
                0x00013d5c       0x50 C:\Users\Sam\SimplicityStudio\v4_workspace\SPI_dev\retry\protocol\bluetooth\lib\EFR32BG1B\GCC\libbluetooth.a(hci.c.obj)
                0x00013d5c                hci_le_start_encryption
 .text.hci_le_ltk_reply
                0x00013dac       0x4c C:\Users\Sam\SimplicityStudio\v4_workspace\SPI_dev\retry\protocol\bluetooth\lib\EFR32BG1B\GCC\libbluetooth.a(hci.c.obj)
                0x00013dac                hci_le_ltk_reply
 .text.hci_le_remote_connection_parameter_request_reply
                0x00013df8       0x58 C:\Users\Sam\SimplicityStudio\v4_workspace\SPI_dev\retry\protocol\bluetooth\lib\EFR32BG1B\GCC\libbluetooth.a(hci.c.obj)
                0x00013df8                hci_le_remote_connection_parameter_request_reply
 .text.hci_event_handle
                0x00013e50      0x26a C:\Users\Sam\SimplicityStudio\v4_workspace\SPI_dev\retry\protocol\bluetooth\lib\EFR32BG1B\GCC\libbluetooth.a(hci.c.obj)
                0x00013e50                hci_event_handle
 .text.hci_get_and_handle
                0x000140ba       0x20 C:\Users\Sam\SimplicityStudio\v4_workspace\SPI_dev\retry\protocol\bluetooth\lib\EFR32BG1B\GCC\libbluetooth.a(hci.c.obj)
                0x000140ba                hci_get_and_handle
 *fill*         0x000140da        0x2 
 .text.hci_state_listener_idle
                0x000140dc       0x1c C:\Users\Sam\SimplicityStudio\v4_workspace\SPI_dev\retry\protocol\bluetooth\lib\EFR32BG1B\GCC\libbluetooth.a(hci.c.obj)
                0x000140dc                hci_state_listener_idle
 .text.hci_read_conn_phy
                0x000140f8       0x24 C:\Users\Sam\SimplicityStudio\v4_workspace\SPI_dev\retry\protocol\bluetooth\lib\EFR32BG1B\GCC\libbluetooth.a(hci.c.obj)
                0x000140f8                hci_read_conn_phy
 .text.cmd2bgbuf
                0x0001411c        0x4 C:\Users\Sam\SimplicityStudio\v4_workspace\SPI_dev\retry\protocol\bluetooth\lib\EFR32BG1B\GCC\libbluetooth.a(hci_pck.c.obj)
                0x0001411c                cmd2bgbuf
 .text.hci_command_alloc
                0x00014120       0x2e C:\Users\Sam\SimplicityStudio\v4_workspace\SPI_dev\retry\protocol\bluetooth\lib\EFR32BG1B\GCC\libbluetooth.a(hci_pck.c.obj)
                0x00014120                hci_command_alloc
 .text.hci_command_init_shared
                0x0001414e       0x26 C:\Users\Sam\SimplicityStudio\v4_workspace\SPI_dev\retry\protocol\bluetooth\lib\EFR32BG1B\GCC\libbluetooth.a(hci_pck.c.obj)
                0x0001414e                hci_command_init_shared
 .text.hci_command_shared_response
                0x00014174       0x14 C:\Users\Sam\SimplicityStudio\v4_workspace\SPI_dev\retry\protocol\bluetooth\lib\EFR32BG1B\GCC\libbluetooth.a(hci_pck.c.obj)
                0x00014174                hci_command_shared_response
 .text.hci_command_init_shared_bgbuf
                0x00014188       0x5a C:\Users\Sam\SimplicityStudio\v4_workspace\SPI_dev\retry\protocol\bluetooth\lib\EFR32BG1B\GCC\libbluetooth.a(hci_pck.c.obj)
                0x00014188                hci_command_init_shared_bgbuf
 *fill*         0x000141e2        0x2 
 .text.hci_get_output_acl
                0x000141e4        0xc C:\Users\Sam\SimplicityStudio\v4_workspace\SPI_dev\retry\protocol\bluetooth\lib\EFR32BG1B\GCC\libbluetooth.a(hci_pck.c.obj)
                0x000141e4                hci_get_output_acl
 .text.hci_get_event
                0x000141f0        0xc C:\Users\Sam\SimplicityStudio\v4_workspace\SPI_dev\retry\protocol\bluetooth\lib\EFR32BG1B\GCC\libbluetooth.a(hci_pck.c.obj)
                0x000141f0                hci_get_event
 .text.hci_inject_event
                0x000141fc        0xc C:\Users\Sam\SimplicityStudio\v4_workspace\SPI_dev\retry\protocol\bluetooth\lib\EFR32BG1B\GCC\libbluetooth.a(hci_pck.c.obj)
                0x000141fc                hci_inject_event
 .text.bg_pre_sleep
                0x00014208        0x2 C:\Users\Sam\SimplicityStudio\v4_workspace\SPI_dev\retry\protocol\bluetooth\lib\EFR32BG1B\GCC\libbluetooth.a(init.c.obj)
                0x00014208                bg_pre_sleep
 .text.bg_post_wakeup
                0x0001420a        0x2 C:\Users\Sam\SimplicityStudio\v4_workspace\SPI_dev\retry\protocol\bluetooth\lib\EFR32BG1B\GCC\libbluetooth.a(init.c.obj)
                0x0001420a                bg_post_wakeup
 .text.bg_radio_init
                0x0001420c       0xd8 C:\Users\Sam\SimplicityStudio\v4_workspace\SPI_dev\retry\protocol\bluetooth\lib\EFR32BG1B\GCC\libbluetooth.a(init.c.obj)
                0x0001420c                bg_radio_init
 .text.bg_low_init
                0x000142e4       0x20 C:\Users\Sam\SimplicityStudio\v4_workspace\SPI_dev\retry\protocol\bluetooth\lib\EFR32BG1B\GCC\libbluetooth.a(init.c.obj)
                0x000142e4                bg_low_init
 .text.irq_init
                0x00014304       0x78 C:\Users\Sam\SimplicityStudio\v4_workspace\SPI_dev\retry\protocol\bluetooth\lib\EFR32BG1B\GCC\libbluetooth.a(irq.c.obj)
                0x00014304                irq_init
 .text.l2cap_send_update_parameters_response
                0x0001437c       0x48 C:\Users\Sam\SimplicityStudio\v4_workspace\SPI_dev\retry\protocol\bluetooth\lib\EFR32BG1B\GCC\libbluetooth.a(l2cap.c.obj)
 .text.l2cap_message_handler
                0x000143c4       0x34 C:\Users\Sam\SimplicityStudio\v4_workspace\SPI_dev\retry\protocol\bluetooth\lib\EFR32BG1B\GCC\libbluetooth.a(l2cap.c.obj)
                0x000143c4                l2cap_message_handler
 .text.l2cap_send_command_reject.constprop.1
                0x000143f8       0x48 C:\Users\Sam\SimplicityStudio\v4_workspace\SPI_dev\retry\protocol\bluetooth\lib\EFR32BG1B\GCC\libbluetooth.a(l2cap.c.obj)
 .text.l2cap_init
                0x00014440       0x20 C:\Users\Sam\SimplicityStudio\v4_workspace\SPI_dev\retry\protocol\bluetooth\lib\EFR32BG1B\GCC\libbluetooth.a(l2cap.c.obj)
                0x00014440                l2cap_init
 .text.l2cap_send_fixed_channel
                0x00014460       0x40 C:\Users\Sam\SimplicityStudio\v4_workspace\SPI_dev\retry\protocol\bluetooth\lib\EFR32BG1B\GCC\libbluetooth.a(l2cap.c.obj)
                0x00014460                l2cap_send_fixed_channel
 .text.acl_packet_handle
                0x000144a0      0x150 C:\Users\Sam\SimplicityStudio\v4_workspace\SPI_dev\retry\protocol\bluetooth\lib\EFR32BG1B\GCC\libbluetooth.a(l2cap.c.obj)
                0x000144a0                acl_packet_handle
 .text.ll_hciSetCommandCompleteHeader
                0x000145f0       0x22 C:\Users\Sam\SimplicityStudio\v4_workspace\SPI_dev\retry\protocol\bluetooth\lib\EFR32BG1B\GCC\libbluetooth.a(ll_hci.c.obj)
                0x000145f0                ll_hciSetCommandCompleteHeader
 .text.ll_hciSetMetaEventHeader
                0x00014612       0x1a C:\Users\Sam\SimplicityStudio\v4_workspace\SPI_dev\retry\protocol\bluetooth\lib\EFR32BG1B\GCC\libbluetooth.a(ll_hci.c.obj)
                0x00014612                ll_hciSetMetaEventHeader
 .text.ll_hciSetCommandStatusHeader
                0x0001462c       0x22 C:\Users\Sam\SimplicityStudio\v4_workspace\SPI_dev\retry\protocol\bluetooth\lib\EFR32BG1B\GCC\libbluetooth.a(ll_hci.c.obj)
                0x0001462c                ll_hciSetCommandStatusHeader
 .text.ll_hciSendHCIEvent
                0x0001464e        0xc C:\Users\Sam\SimplicityStudio\v4_workspace\SPI_dev\retry\protocol\bluetooth\lib\EFR32BG1B\GCC\libbluetooth.a(ll_hci.c.obj)
                0x0001464e                ll_hciSendHCIEvent
 .text.ll_hciSendGenericCommandComplete
                0x0001465a       0x10 C:\Users\Sam\SimplicityStudio\v4_workspace\SPI_dev\retry\protocol\bluetooth\lib\EFR32BG1B\GCC\libbluetooth.a(ll_hci.c.obj)
                0x0001465a                ll_hciSendGenericCommandComplete
 *fill*         0x0001466a        0x2 
 .text.ll_hciInit
                0x0001466c       0x34 C:\Users\Sam\SimplicityStudio\v4_workspace\SPI_dev\retry\protocol\bluetooth\lib\EFR32BG1B\GCC\libbluetooth.a(ll_hci.c.obj)
                0x0001466c                ll_hciInit
 .text.ll_hciGetSharedCommand
                0x000146a0        0xc C:\Users\Sam\SimplicityStudio\v4_workspace\SPI_dev\retry\protocol\bluetooth\lib\EFR32BG1B\GCC\libbluetooth.a(ll_hci.c.obj)
                0x000146a0                ll_hciGetSharedCommand
 .text.ll_hciGetSharedResponse
                0x000146ac        0xc C:\Users\Sam\SimplicityStudio\v4_workspace\SPI_dev\retry\protocol\bluetooth\lib\EFR32BG1B\GCC\libbluetooth.a(ll_hci.c.obj)
                0x000146ac                ll_hciGetSharedResponse
 .text.ll_hciCall
                0x000146b8       0x20 C:\Users\Sam\SimplicityStudio\v4_workspace\SPI_dev\retry\protocol\bluetooth\lib\EFR32BG1B\GCC\libbluetooth.a(ll_hci.c.obj)
                0x000146b8                ll_hciCall
 .text.BTLE_HCIToLLCmdSAP
                0x000146d8       0x30 C:\Users\Sam\SimplicityStudio\v4_workspace\SPI_dev\retry\protocol\bluetooth\lib\EFR32BG1B\GCC\libbluetooth.a(ll_hci.c.obj)
                0x000146d8                BTLE_HCIToLLCmdSAP
 .text.BTLE_HCIToLLDataSAP
                0x00014708       0x44 C:\Users\Sam\SimplicityStudio\v4_workspace\SPI_dev\retry\protocol\bluetooth\lib\EFR32BG1B\GCC\libbluetooth.a(ll_hci.c.obj)
                0x00014708                BTLE_HCIToLLDataSAP
 .text.ll_hciHandleCommandAddr
                0x0001474c        0x4 C:\Users\Sam\SimplicityStudio\v4_workspace\SPI_dev\retry\protocol\bluetooth\lib\EFR32BG1B\GCC\libbluetooth.a(ll_hci.c.obj)
                0x0001474c                ll_hciHandleCommandAddr
 .text.ll_hciHandleCommandDebug
                0x00014750        0x4 C:\Users\Sam\SimplicityStudio\v4_workspace\SPI_dev\retry\protocol\bluetooth\lib\EFR32BG1B\GCC\libbluetooth.a(ll_hci.c.obj)
                0x00014750                ll_hciHandleCommandDebug
 .text.ll_hciHandleDisconnect
                0x00014754       0x46 C:\Users\Sam\SimplicityStudio\v4_workspace\SPI_dev\retry\protocol\bluetooth\lib\EFR32BG1B\GCC\libbluetooth.a(ll_hci.c.obj)
                0x00014754                ll_hciHandleDisconnect
 .text.ll_hciHandleUnknown
                0x0001479a        0xc C:\Users\Sam\SimplicityStudio\v4_workspace\SPI_dev\retry\protocol\bluetooth\lib\EFR32BG1B\GCC\libbluetooth.a(ll_hci.c.obj)
                0x0001479a                ll_hciHandleUnknown
 .text.ll_hciHandleReset
                0x000147a6       0x18 C:\Users\Sam\SimplicityStudio\v4_workspace\SPI_dev\retry\protocol\bluetooth\lib\EFR32BG1B\GCC\libbluetooth.a(ll_hci.c.obj)
                0x000147a6                ll_hciHandleReset
 *fill*         0x000147be        0x2 
 .text.ll_hciHandleReadBDADDR
                0x000147c0       0x2c C:\Users\Sam\SimplicityStudio\v4_workspace\SPI_dev\retry\protocol\bluetooth\lib\EFR32BG1B\GCC\libbluetooth.a(ll_hci.c.obj)
                0x000147c0                ll_hciHandleReadBDADDR
 .text.ll_hciHandleSetHostChannelClassification
                0x000147ec       0x3e C:\Users\Sam\SimplicityStudio\v4_workspace\SPI_dev\retry\protocol\bluetooth\lib\EFR32BG1B\GCC\libbluetooth.a(ll_hci.c.obj)
                0x000147ec                ll_hciHandleSetHostChannelClassification
 .text.ll_hciHandleLeWriteRfPathCompensation
                0x0001482a       0x26 C:\Users\Sam\SimplicityStudio\v4_workspace\SPI_dev\retry\protocol\bluetooth\lib\EFR32BG1B\GCC\libbluetooth.a(ll_hci.c.obj)
                0x0001482a                ll_hciHandleLeWriteRfPathCompensation
 .text.ll_hciHandleLeStartEncryption
                0x00014850       0x50 C:\Users\Sam\SimplicityStudio\v4_workspace\SPI_dev\retry\protocol\bluetooth\lib\EFR32BG1B\GCC\libbluetooth.a(ll_hci.c.obj)
                0x00014850                ll_hciHandleLeStartEncryption
 .text.ll_hciHandleLeLtkNegReply
                0x000148a0       0x3a C:\Users\Sam\SimplicityStudio\v4_workspace\SPI_dev\retry\protocol\bluetooth\lib\EFR32BG1B\GCC\libbluetooth.a(ll_hci.c.obj)
                0x000148a0                ll_hciHandleLeLtkNegReply
 .text.ll_hciHandleLeLtkReply
                0x000148da       0x44 C:\Users\Sam\SimplicityStudio\v4_workspace\SPI_dev\retry\protocol\bluetooth\lib\EFR32BG1B\GCC\libbluetooth.a(ll_hci.c.obj)
                0x000148da                ll_hciHandleLeLtkReply
 .text.ll_hciHandleSiliconLabsSetConnectionConfigBits
                0x0001491e       0x30 C:\Users\Sam\SimplicityStudio\v4_workspace\SPI_dev\retry\protocol\bluetooth\lib\EFR32BG1B\GCC\libbluetooth.a(ll_hci.c.obj)
                0x0001491e                ll_hciHandleSiliconLabsSetConnectionConfigBits
 .text.ll_hciHandleSiliconLabsClearConnectionConfigBits
                0x0001494e       0x30 C:\Users\Sam\SimplicityStudio\v4_workspace\SPI_dev\retry\protocol\bluetooth\lib\EFR32BG1B\GCC\libbluetooth.a(ll_hci.c.obj)
                0x0001494e                ll_hciHandleSiliconLabsClearConnectionConfigBits
 .text.ll_hciHandleSiliconLabsConfigFlags
                0x0001497e       0x46 C:\Users\Sam\SimplicityStudio\v4_workspace\SPI_dev\retry\protocol\bluetooth\lib\EFR32BG1B\GCC\libbluetooth.a(ll_hci.c.obj)
                0x0001497e                ll_hciHandleSiliconLabsConfigFlags
 .text.ll_hciHandleSiliconLabsGetCounters
                0x000149c4       0x56 C:\Users\Sam\SimplicityStudio\v4_workspace\SPI_dev\retry\protocol\bluetooth\lib\EFR32BG1B\GCC\libbluetooth.a(ll_hci.c.obj)
                0x000149c4                ll_hciHandleSiliconLabsGetCounters
 .text.ll_hciHandleSiliconLabsGetTiming
                0x00014a1a       0x1e C:\Users\Sam\SimplicityStudio\v4_workspace\SPI_dev\retry\protocol\bluetooth\lib\EFR32BG1B\GCC\libbluetooth.a(ll_hci.c.obj)
                0x00014a1a                ll_hciHandleSiliconLabsGetTiming
 .text.ll_hciHandleSiliconLabsConfigure
                0x00014a38       0x8c C:\Users\Sam\SimplicityStudio\v4_workspace\SPI_dev\retry\protocol\bluetooth\lib\EFR32BG1B\GCC\libbluetooth.a(ll_hci.c.obj)
                0x00014a38                ll_hciHandleSiliconLabsConfigure
 .text.ll_hciHandleLeSetRandomAddress
                0x00014ac4       0x1e C:\Users\Sam\SimplicityStudio\v4_workspace\SPI_dev\retry\protocol\bluetooth\lib\EFR32BG1B\GCC\libbluetooth.a(ll_hci.c.obj)
                0x00014ac4                ll_hciHandleLeSetRandomAddress
 *fill*         0x00014ae2        0x2 
 .text.ll_hciCmdSetExtendedAdvertisingParameters